==2272572== Cachegrind, a high-precision tracing profiler
==2272572== Copyright (C) 2002-2024, and GNU GPL'd, by Nicholas Nethercote et al.
==2272572== Using Valgrind-3.25.1 and LibVEX; rerun with -h for copyright info
==2272572== Command: ./bin/dijkstra_prof data/soc-LiveJournal1.txt 0 auto 0 1
==2272572== 
--2272572-- warning: L3 cache found, using its data for the LL simulation.
source: auto -> vertex 10009
==2272572== 
==2272572== I refs:        288,097,980,685
==2272572== I1  misses:              1,951
==2272572== LLi misses:              1,939
==2272572== I1  miss rate:            0.00%
==2272572== LLi miss rate:            0.00%
==2272572== 
==2272572== D refs:        102,773,855,857  (63,176,611,874 rd   + 39,597,243,983 wr)
==2272572== D1  misses:        150,003,280  (   117,709,680 rd   +     32,293,600 wr)
==2272572== LLd misses:         90,337,766  (    58,054,921 rd   +     32,282,845 wr)
==2272572== D1  miss rate:             0.1% (           0.2%     +            0.1%  )
==2272572== LLd miss rate:             0.1% (           0.1%     +            0.1%  )
==2272572== 
==2272572== LL refs:           150,005,231  (   117,711,631 rd   +     32,293,600 wr)
==2272572== LL misses:          90,339,705  (    58,056,860 rd   +     32,282,845 wr)
==2272572== LL miss rate:              0.0% (           0.0%     +            0.1%  )
