==2266444== Cachegrind, a high-precision tracing profiler
==2266444== Copyright (C) 2002-2024, and GNU GPL'd, by Nicholas Nethercote et al.
==2266444== Using Valgrind-3.25.1 and LibVEX; rerun with -h for copyright info
==2266444== Command: ./bin/dijkstra_prof data/soc-LiveJournal1.txt 0 auto 0 1
==2266444== 
--2266444-- warning: L3 cache found, using its data for the LL simulation.
==2266444== brk segment overflow in thread #1: can't grow to 0x52d9000
==2266444== (see section Limitations in user manual)
==2266444== NOTE: further instances of this message will not be shown
source: auto -> vertex 698675
==2266444== 
==2266444== I refs:        296,068,657,346
==2266444== I1  misses:              2,097
==2266444== LLi misses:              2,085
==2266444== I1  miss rate:            0.00%
==2266444== LLi miss rate:            0.00%
==2266444== 
==2266444== D refs:        106,202,238,601  (65,452,577,026 rd   + 40,749,661,575 wr)
==2266444== D1  misses:        437,590,758  (   356,619,475 rd   +     80,971,283 wr)
==2266444== LLd misses:        174,092,344  (   120,543,569 rd   +     53,548,775 wr)
==2266444== D1  miss rate:             0.4% (           0.5%     +            0.2%  )
==2266444== LLd miss rate:             0.2% (           0.2%     +            0.1%  )
==2266444== 
==2266444== LL refs:           437,592,855  (   356,621,572 rd   +     80,971,283 wr)
==2266444== LL misses:         174,094,429  (   120,545,654 rd   +     53,548,775 wr)
==2266444== LL miss rate:              0.0% (           0.0%     +            0.1%  )
