==1790854== Cachegrind, a high-precision tracing profiler
==1790854== Copyright (C) 2002-2024, and GNU GPL'd, by Nicholas Nethercote et al.
==1790854== Using Valgrind-3.25.1 and LibVEX; rerun with -h for copyright info
==1790854== Command: ./bin/dsa_prof data/soc-LiveJournal1.txt 0 auto 5 0 1
==1790854== 
--1790854-- warning: L3 cache found, using its data for the LL simulation.
--1790854-- warning: specified LL cache: line_size 64  assoc 11  total_size 37,486,592
--1790854-- warning: simulated LL cache: line_size 64  assoc 18  total_size 37,748,736
==1790854== brk segment overflow in thread #1: can't grow to 0x52da000
==1790854== (see section Limitations in user manual)
==1790854== NOTE: further instances of this message will not be shown
source: auto -> vertex 698675
==1790854== 
==1790854== I refs:        295,767,351,831
==1790854== I1  misses:              3,330
==1790854== LLi misses:              3,127
==1790854== I1  miss rate:            0.00%
==1790854== LLi miss rate:            0.00%
==1790854== 
==1790854== D refs:        106,115,412,570  (65,822,806,410 rd   + 40,292,606,160 wr)
==1790854== D1  misses:        537,127,916  (   452,049,628 rd   +     85,078,288 wr)
==1790854== LLd misses:        236,468,127  (   178,703,037 rd   +     57,765,090 wr)
==1790854== D1  miss rate:             0.5% (           0.7%     +            0.2%  )
==1790854== LLd miss rate:             0.2% (           0.3%     +            0.1%  )
==1790854== 
==1790854== LL refs:           537,131,246  (   452,052,958 rd   +     85,078,288 wr)
==1790854== LL misses:         236,471,254  (   178,706,164 rd   +     57,765,090 wr)
==1790854== LL miss rate:              0.1% (           0.0%     +            0.1%  )
