==1813739== Cachegrind, a high-precision tracing profiler
==1813739== Copyright (C) 2002-2024, and GNU GPL'd, by Nicholas Nethercote et al.
==1813739== Using Valgrind-3.25.1 and LibVEX; rerun with -h for copyright info
==1813739== Command: ./bin/wasp_prof data/soc-LiveJournal1.txt 0 auto 5 0 1
==1813739== 
--1813739-- warning: L3 cache found, using its data for the LL simulation.
--1813739-- warning: specified LL cache: line_size 64  assoc 11  total_size 37,486,592
--1813739-- warning: simulated LL cache: line_size 64  assoc 18  total_size 37,748,736
source: auto -> vertex 10009
==1813739== 
==1813739== I refs:        331,971,337,517
==1813739== I1  misses:              3,056
==1813739== LLi misses:              2,869
==1813739== I1  miss rate:            0.00%
==1813739== LLi miss rate:            0.00%
==1813739== 
==1813739== D refs:        152,245,542,748  (87,943,172,087 rd   + 64,302,370,661 wr)
==1813739== D1  misses:      5,987,351,203  ( 5,953,852,164 rd   +     33,499,039 wr)
==1813739== LLd misses:         91,191,933  (    59,045,207 rd   +     32,146,726 wr)
==1813739== D1  miss rate:             3.9% (           6.8%     +            0.1%  )
==1813739== LLd miss rate:             0.1% (           0.1%     +            0.0%  )
==1813739== 
==1813739== LL refs:         5,987,354,259  ( 5,953,855,220 rd   +     33,499,039 wr)
==1813739== LL misses:          91,194,802  (    59,048,076 rd   +     32,146,726 wr)
==1813739== LL miss rate:              0.0% (           0.0%     +            0.0%  )
