==1404406== Cachegrind, a high-precision tracing profiler
==1404406== Copyright (C) 2002-2024, and GNU GPL'd, by Nicholas Nethercote et al.
==1404406== Using Valgrind-3.25.1 and LibVEX; rerun with -h for copyright info
==1404406== Command: ./bin/wasp_prof data/cit-Patents.txt 0 auto 50 0 1
==1404406== 
--1404406-- warning: L3 cache found, using its data for the LL simulation.
--1404406-- warning: specified LL cache: line_size 64  assoc 11  total_size 37,486,592
--1404406-- warning: simulated LL cache: line_size 64  assoc 18  total_size 37,748,736
==1404406== brk segment overflow in thread #1: can't grow to 0x5748000
==1404406== (see section Limitations in user manual)
==1404406== NOTE: further instances of this message will not be shown
source: auto -> vertex 5964205
==1404406== 
==1404406== I refs:        75,961,520,898
==1404406== I1  misses:             2,795
==1404406== LLi misses:             2,682
==1404406== I1  miss rate:           0.00%
==1404406== LLi miss rate:           0.00%
==1404406== 
==1404406== D refs:        27,814,207,980  (17,158,038,449 rd   + 10,656,169,531 wr)
==1404406== D1  misses:       161,812,045  (   115,887,015 rd   +     45,925,030 wr)
==1404406== LLd misses:        76,869,844  (    52,761,345 rd   +     24,108,499 wr)
==1404406== D1  miss rate:            0.6% (           0.7%     +            0.4%  )
==1404406== LLd miss rate:            0.3% (           0.3%     +            0.2%  )
==1404406== 
==1404406== LL refs:          161,814,840  (   115,889,810 rd   +     45,925,030 wr)
==1404406== LL misses:         76,872,526  (    52,764,027 rd   +     24,108,499 wr)
==1404406== LL miss rate:             0.1% (           0.1%     +            0.2%  )
