==1117031== Cachegrind, a high-precision tracing profiler
==1117031== Copyright (C) 2002-2024, and GNU GPL'd, by Nicholas Nethercote et al.
==1117031== Using Valgrind-3.25.1 and LibVEX; rerun with -h for copyright info
==1117031== Command: ./bin/dsa_prof data/cit-Patents.txt 0 auto 50 0 1
==1117031== 
--1117031-- warning: L3 cache found, using its data for the LL simulation.
--1117031-- warning: specified LL cache: line_size 64  assoc 11  total_size 37,486,592
--1117031-- warning: simulated LL cache: line_size 64  assoc 18  total_size 37,748,736
==1117031== brk segment overflow in thread #1: can't grow to 0x5748000
==1117031== (see section Limitations in user manual)
==1117031== NOTE: further instances of this message will not be shown
source: auto -> vertex 5964205
==1117031== 
==1117031== I refs:        78,786,434,361
==1117031== I1  misses:             2,925
==1117031== LLi misses:             2,841
==1117031== I1  miss rate:           0.00%
==1117031== LLi miss rate:           0.00%
==1117031== 
==1117031== D refs:        27,975,870,974  (17,451,542,957 rd   + 10,524,328,017 wr)
==1117031== D1  misses:       160,993,068  (   115,032,628 rd   +     45,960,440 wr)
==1117031== LLd misses:        77,941,173  (    53,799,950 rd   +     24,141,223 wr)
==1117031== D1  miss rate:            0.6% (           0.7%     +            0.4%  )
==1117031== LLd miss rate:            0.3% (           0.3%     +            0.2%  )
==1117031== 
==1117031== LL refs:          160,995,993  (   115,035,553 rd   +     45,960,440 wr)
==1117031== LL misses:         77,944,014  (    53,802,791 rd   +     24,141,223 wr)
==1117031== LL miss rate:             0.1% (           0.1%     +            0.2%  )
