==1404209== Cachegrind, a high-precision tracing profiler
==1404209== Copyright (C) 2002-2024, and GNU GPL'd, by Nicholas Nethercote et al.
==1404209== Using Valgrind-3.25.1 and LibVEX; rerun with -h for copyright info
==1404209== Command: ./bin/wasp_prof data/cit-Patents.txt 0 auto 50 0 1
==1404209== 
--1404209-- warning: L3 cache found, using its data for the LL simulation.
--1404209-- warning: specified LL cache: line_size 64  assoc 11  total_size 37,486,592
--1404209-- warning: simulated LL cache: line_size 64  assoc 18  total_size 37,748,736
==1404209== brk segment overflow in thread #1: can't grow to 0x5748000
==1404209== (see section Limitations in user manual)
==1404209== NOTE: further instances of this message will not be shown
source: auto -> vertex 5964205
==1404209== 
==1404209== I refs:        75,908,550,662
==1404209== I1  misses:             2,588
==1404209== LLi misses:             2,512
==1404209== I1  miss rate:           0.00%
==1404209== LLi miss rate:           0.00%
==1404209== 
==1404209== D refs:        27,806,658,845  (17,150,480,968 rd   + 10,656,177,877 wr)
==1404209== D1  misses:       161,811,123  (   115,886,876 rd   +     45,924,247 wr)
==1404209== LLd misses:        76,869,229  (    52,761,226 rd   +     24,108,003 wr)
==1404209== D1  miss rate:            0.6% (           0.7%     +            0.4%  )
==1404209== LLd miss rate:            0.3% (           0.3%     +            0.2%  )
==1404209== 
==1404209== LL refs:          161,813,711  (   115,889,464 rd   +     45,924,247 wr)
==1404209== LL misses:         76,871,741  (    52,763,738 rd   +     24,108,003 wr)
==1404209== LL miss rate:             0.1% (           0.1%     +            0.2%  )
