==2217141== Cachegrind, a high-precision tracing profiler
==2217141== Copyright (C) 2002-2024, and GNU GPL'd, by Nicholas Nethercote et al.
==2217141== Using Valgrind-3.25.1 and LibVEX; rerun with -h for copyright info
==2217141== Command: ./bin/dsa_prof data/cit-Patents.txt 0 auto 50 0 1
==2217141== 
--2217141-- warning: L3 cache found, using its data for the LL simulation.
==2217141== brk segment overflow in thread #1: can't grow to 0x5748000
==2217141== (see section Limitations in user manual)
==2217141== NOTE: further instances of this message will not be shown
source: auto -> vertex 5964205
==2217141== 
==2217141== I refs:        76,387,490,322
==2217141== I1  misses:             2,881
==2217141== LLi misses:             2,790
==2217141== I1  miss rate:           0.00%
==2217141== LLi miss rate:           0.00%
==2217141== 
==2217141== D refs:        27,633,319,863  (17,108,913,442 rd   + 10,524,406,421 wr)
==2217141== D1  misses:       157,654,808  (   113,270,942 rd   +     44,383,866 wr)
==2217141== LLd misses:        67,137,061  (    45,315,606 rd   +     21,821,455 wr)
==2217141== D1  miss rate:            0.6% (           0.7%     +            0.4%  )
==2217141== LLd miss rate:            0.2% (           0.3%     +            0.2%  )
==2217141== 
==2217141== LL refs:          157,657,689  (   113,273,823 rd   +     44,383,866 wr)
==2217141== LL misses:         67,139,851  (    45,318,396 rd   +     21,821,455 wr)
==2217141== LL miss rate:             0.1% (           0.0%     +            0.2%  )
