==1404304== Cachegrind, a high-precision tracing profiler
==1404304== Copyright (C) 2002-2024, and GNU GPL'd, by Nicholas Nethercote et al.
==1404304== Using Valgrind-3.25.1 and LibVEX; rerun with -h for copyright info
==1404304== Command: ./bin/wasp_prof data/cit-Patents.txt 0 auto 50 0 1
==1404304== 
--1404304-- warning: L3 cache found, using its data for the LL simulation.
--1404304-- warning: specified LL cache: line_size 64  assoc 11  total_size 37,486,592
--1404304-- warning: simulated LL cache: line_size 64  assoc 18  total_size 37,748,736
==1404304== brk segment overflow in thread #1: can't grow to 0x5748000
==1404304== (see section Limitations in user manual)
==1404304== NOTE: further instances of this message will not be shown
source: auto -> vertex 5964205
==1404304== 
==1404304== I refs:        75,916,971,309
==1404304== I1  misses:             2,795
==1404304== LLi misses:             2,683
==1404304== I1  miss rate:           0.00%
==1404304== LLi miss rate:           0.00%
==1404304== 
==1404304== D refs:        27,807,848,960  (17,151,677,961 rd   + 10,656,170,999 wr)
==1404304== D1  misses:       161,810,057  (   115,886,452 rd   +     45,923,605 wr)
==1404304== LLd misses:        76,869,471  (    52,761,327 rd   +     24,108,144 wr)
==1404304== D1  miss rate:            0.6% (           0.7%     +            0.4%  )
==1404304== LLd miss rate:            0.3% (           0.3%     +            0.2%  )
==1404304== 
==1404304== LL refs:          161,812,852  (   115,889,247 rd   +     45,923,605 wr)
==1404304== LL misses:         76,872,154  (    52,764,010 rd   +     24,108,144 wr)
==1404304== LL miss rate:             0.1% (           0.1%     +            0.2%  )
