==1114412== Cachegrind, a high-precision tracing profiler
==1114412== Copyright (C) 2002-2024, and GNU GPL'd, by Nicholas Nethercote et al.
==1114412== Using Valgrind-3.25.1 and LibVEX; rerun with -h for copyright info
==1114412== Command: ./bin/dsa_prof data/cit-Patents.txt 0 auto 50 0 1
==1114412== 
--1114412-- warning: L3 cache found, using its data for the LL simulation.
--1114412-- warning: specified LL cache: line_size 64  assoc 11  total_size 37,486,592
--1114412-- warning: simulated LL cache: line_size 64  assoc 18  total_size 37,748,736
==1114412== brk segment overflow in thread #1: can't grow to 0x5748000
==1114412== (see section Limitations in user manual)
==1114412== NOTE: further instances of this message will not be shown
source: auto -> vertex 5964205
==1114412== 
==1114412== I refs:        75,882,033,940
==1114412== I1  misses:             2,648
==1114412== LLi misses:             2,588
==1114412== I1  miss rate:           0.00%
==1114412== LLi miss rate:           0.00%
==1114412== 
==1114412== D refs:        27,560,631,831  (17,036,484,109 rd   + 10,524,147,722 wr)
==1114412== D1  misses:       160,970,994  (   115,020,668 rd   +     45,950,326 wr)
==1114412== LLd misses:        77,918,254  (    53,799,275 rd   +     24,118,979 wr)
==1114412== D1  miss rate:            0.6% (           0.7%     +            0.4%  )
==1114412== LLd miss rate:            0.3% (           0.3%     +            0.2%  )
==1114412== 
==1114412== LL refs:          160,973,642  (   115,023,316 rd   +     45,950,326 wr)
==1114412== LL misses:         77,920,842  (    53,801,863 rd   +     24,118,979 wr)
==1114412== LL miss rate:             0.1% (           0.1%     +            0.2%  )
