desc: I1 cache:         32768 B, 64 B, 8-way associative
desc: D1 cache:         49152 B, 64 B, 12-way associative
desc: LL cache:         62914560 B, 64 B, 15-way associative
cmd: ./bin/dsa_prof data/com-orkut.ungraph.txt 1 auto 2 0 1
events: Ir I1mr ILmr Dr D1mr DLmr Dw D1mw DLmw 
fl=/usr/src/debug/glibc-2.34-231.el9_7.10.x86_64/elf/../bits/stdlib-bsearch.h
fn=intel_check_word.constprop.0
27 96 0 0 0 0 0 0 0 0
28 48 0 0 0 0 0 0 0 0
29 648 0 0 0 0 0 0 0 0
31 648 0 0 0 0 0 0 0 0
32 324 1 1 0 0 0 0 0 0
35 264 0 0 0 0 0 0 0 0
37 120 0 0 0 0 0 0 0 0
fl=/usr/src/debug/glibc-2.34-231.el9_7.10.x86_64/elf/../elf/dl-tls.c
fn=_dl_add_to_slotinfo
1141 12 0 0 0 0 0 6 0 0
1142 8 0 0 4 0 0 0 0 0
1150 2 0 0 2 0 0 0 0 0
1153 2 0 0 2 1 0 0 0 0
1154 2 1 1 0 0 0 0 0 0
1158 6 0 0 2 1 0 0 0 0
1194 4 0 0 0 0 0 0 0 0
1197 6 1 1 0 0 0 2 0 0
1198 6 0 0 2 0 0 2 0 0
1200 2 0 0 2 0 0 0 0 0
1203 4 0 0 0 0 0 0 0 0
1204 10 1 1 8 0 0 0 0 0
fn=_dl_allocate_tls_init
576 10 1 1 0 0 0 8 0 0
577 2 1 1 0 0 0 0 0 0
581 2 0 0 1 1 0 1 0 0
583 3 1 1 0 0 0 1 0 0
584 1 0 0 0 0 0 0 0 0
587 2 0 0 1 1 0 1 0 0
590 3 0 0 2 1 0 0 0 0
602 1 0 0 1 0 0 0 0 0
607 19 0 0 4 0 0 0 0 0
613 6 1 1 0 0 0 0 0 0
616 6 1 1 2 0 0 0 0 0
617 4 0 0 0 0 0 0 0 0
623 6 0 0 4 0 0 0 0 0
624 4 0 0 0 0 0 0 0 0
626 10 1 1 4 0 0 2 1 1
627 2 0 0 0 0 0 2 0 0
629 4 0 0 0 0 0 0 0 0
630 4 0 0 2 0 0 0 0 0
633 4 0 0 0 0 0 0 0 0
634 8 0 0 4 0 0 0 0 0
636 4 1 1 0 0 0 0 0 0
637 4 0 0 2 0 0 0 0 0
646 2 0 0 0 0 0 2 0 0
656 4 0 0 2 0 0 0 0 0
658 18 1 1 4 0 0 6 0 0
661 4 0 0 2 0 0 0 0 0
662 2 0 0 2 0 0 0 0 0
666 2 0 0 2 0 0 0 0 0
670 1 1 1 0 0 0 0 0 0
672 2 0 0 1 0 0 1 0 0
675 2 1 1 1 0 0 1 0 0
678 9 0 0 8 0 0 0 0 0
fn=_dl_allocate_tls_storage
88 1 0 0 2 0 0 0 0 0
94 1 0 0 2 0 0 0 0 0
448 5 1 1 0 0 0 3 0 0
450 1 0 0 1 0 0 0 0 0
461 1 0 0 1 0 0 0 0 0
465 1 0 0 0 0 0 0 0 0
466 3 0 0 0 0 0 0 0 0
477 4 1 1 0 0 0 0 0 0
478 1 0 0 0 0 0 0 0 0
482 321 0 0 0 0 0 313 39 39
501 1 1 1 0 0 0 1 1 1
503 2 0 0 0 0 0 1 0 0
504 2 0 0 0 0 0 0 0 0
509 5 0 0 4 0 0 0 0 0
fn=_dl_assign_tls_modid
156 4 1 1 0 0 0 0 0 0
159 4 0 0 2 0 0 0 0 0
172 2 1 1 2 0 0 0 0 0
212 2 0 0 0 0 0 0 0 0
214 2 0 0 0 0 0 2 0 0
217 2 0 0 0 0 0 2 0 0
218 4 0 0 2 0 0 0 0 0
fn=_dl_count_modids
223 1 1 1 0 0 0 0 0 0
225 2 0 0 1 0 0 0 0 0
226 1 0 0 1 0 0 0 0 0
241 2 0 0 1 0 0 0 0 0
fn=_dl_determine_tlsoffset
247 8 2 2 0 0 0 6 0 0
248 1 0 0 0 0 0 0 0 0
249 1 0 0 0 0 0 0 0 0
250 1 0 0 0 0 0 0 0 0
253 3 0 0 1 0 0 0 0 0
256 2 0 0 1 0 0 0 0 0
290 1 0 0 0 0 0 0 0 0
292 16 0 0 3 0 0 0 0 0
294 7 2 2 3 0 0 1 0 0
296 6 0 0 2 0 0 0 0 0
297 4 0 0 2 0 0 0 0 0
299 4 1 1 0 0 0 0 0 0
301 10 0 0 2 0 0 0 0 0
312 2 0 0 0 0 0 2 0 0
317 16 0 0 0 0 0 0 0 0
319 4 0 0 0 0 0 0 0 0
320 2 0 0 0 0 0 0 0 0
332 1 0 0 0 0 0 1 0 0
333 6 1 1 1 0 0 0 0 0
335 2 0 0 0 0 0 1 0 0
385 1 0 0 0 0 0 1 0 0
386 8 1 1 7 0 0 0 0 0
fn=_dl_tls_initial_modid_limit_setup
1103 1 1 1 0 0 0 0 0 0
1104 1 0 0 1 0 0 0 0 0
1106 10 0 0 1 0 0 0 0 0
1108 9 0 0 3 0 0 0 0 0
1109 6 1 1 0 0 0 0 0 0
1112 4 0 0 2 0 0 0 0 0
1115 1 0 0 0 0 0 1 1 1
1116 1 0 0 1 0 0 0 0 0
fn=_dl_tls_static_surplus_init
108 3 0 0 0 0 0 0 0 0
122 6 1 1 0 0 0 3 0 0
126 6 1 1 1 0 0 1 0 0
127 6 0 0 1 0 0 1 0 0
133 2 0 0 0 0 0 0 0 0
135 4 0 0 0 0 0 0 0 0
138 1 0 0 0 0 0 0 0 0
140 1 0 0 0 0 0 1 0 0
142 3 0 0 0 0 0 1 0 0
143 5 0 0 4 0 0 0 0 0
fn=allocate_dtv
391 4 1 1 0 0 0 2 0 0
396 1 0 0 1 0 0 0 0 0
400 1 0 0 0 0 0 0 0 0
401 1 0 0 0 0 0 0 0 0
402 2 0 0 0 0 0 0 0 0
405 1 0 0 0 0 0 1 0 0
411 3 1 1 0 0 0 1 0 0
417 4 0 0 3 0 0 0 0 0
fl=/usr/src/debug/glibc-2.34-231.el9_7.10.x86_64/elf/../include/list.h
fn=__tls_init_tp
44 2 0 0 1 1 0 1 0 0
45 2 0 0 0 0 0 1 0 0
46 1 0 0 0 0 0 1 0 0
48 1 0 0 0 0 0 1 0 0
fl=/usr/src/debug/glibc-2.34-231.el9_7.10.x86_64/elf/../include/rtld-malloc.h
fn=_dl_allocate_tls_storage
56 1 0 0 1 0 0 1 0 0
fn=_dl_check_map_versions
44 15 1 1 5 0 0 5 0 0
fn=_dl_find_object_init
56 2 0 0 1 1 0 1 0 0
fn=_dl_important_hwcaps
56 4 0 0 2 0 0 3 0 0
fn=_dl_init_paths
56 3 0 0 2 0 0 2 0 0
fn=_dl_map_object_deps
56 10 0 0 5 0 0 5 0 0
fn=_dl_new_object
44 20 1 1 5 0 0 10 0 0
56 12 1 1 4 0 0 4 0 0
fn=allocate_dtv
44 2 0 0 1 0 0 1 0 0
fn=init_tls
44 2 0 0 1 0 0 1 0 0
fn=open_verify.constprop.0
50 8 0 0 4 0 0 4 0 0
fn=rtld_calloc
56 12 0 0 12 0 0 0 0 0
fl=/usr/src/debug/glibc-2.34-231.el9_7.10.x86_64/elf/../include/scratch_buffer.h
fn=_dl_map_object_deps
77 3 0 0 0 0 0 2 0 0
78 1 0 0 0 0 0 1 1 1
85 3 1 1 2 0 0 0 0 0
131 12 1 1 0 0 0 4 0 0
fl=/usr/src/debug/glibc-2.34-231.el9_7.10.x86_64/elf/../misc/sbrk.c
fn=sbrk
37 5 0 0 0 0 0 2 0 0
40 1 0 0 1 0 0 0 0 0
58 2 0 0 0 0 0 0 0 0
62 2 0 0 0 0 0 0 0 0
78 5 1 1 3 0 0 0 0 0
fl=/usr/src/debug/glibc-2.34-231.el9_7.10.x86_64/elf/../sysdeps/generic/dl-cache.h
fn=_dl_load_cache_lookup
194 1 0 0 1 0 0 0 0 0
195 5 1 1 0 0 0 0 0 0
fn=search_cache
125 15 1 1 3 0 0 0 0 0
fl=/usr/src/debug/glibc-2.34-231.el9_7.10.x86_64/elf/../sysdeps/generic/dl-hash.h
fn=__rtld_malloc_init_real
43 1 0 0 0 0 0 0 0 0
44 1 0 0 0 0 0 0 0 0
45 28 0 0 5 0 0 0 0 0
48 18 0 0 0 0 0 0 0 0
62 24 0 0 0 0 0 0 0 0
67 1 1 1 0 0 0 0 0 0
72 1 0 0 0 0 0 1 0 0
fl=/usr/src/debug/glibc-2.34-231.el9_7.10.x86_64/elf/../sysdeps/generic/ldsodefs.h
fn=_dl_new_object
1416 48 0 0 0 0 0 0 0 0
fn=_dl_relocate_object_no_relro
138 726 2 2 242 0 0 0 0 0
fn=_dl_start
80 2 1 1 1 0 0 0 0 0
fn=do_lookup_x
138 726 1 1 242 0 0 0 0 0
fl=/usr/src/debug/glibc-2.34-231.el9_7.10.x86_64/elf/../sysdeps/nptl/dl-mutex.c
fn=__rtld_mutex_init
30 4 1 1 0 0 0 3 0 0
37 1 0 0 1 0 0 0 0 0
40 7 1 1 0 0 0 1 0 0
44 2 0 0 0 0 0 0 0 0
45 9 0 0 3 0 0 1 0 0
47 6 1 1 0 0 0 1 0 0
51 2 0 0 0 0 0 0 0 0
52 7 0 0 3 0 0 1 0 0
53 4 0 0 4 0 0 0 0 0
fl=/usr/src/debug/glibc-2.34-231.el9_7.10.x86_64/elf/../sysdeps/nptl/dl-tls_init_tp.c
fn=__tls_init_tp
66 3 1 0 0 0 0 1 0 0
67 1 0 0 1 0 0 0 0 0
70 1 1 1 0 0 0 0 0 0
73 4 0 0 0 0 0 1 0 0
74 2 1 1 0 0 0 1 0 0
75 1 0 0 0 0 0 1 0 0
80 2 0 0 1 0 0 1 0 0
85 2 0 0 0 0 0 1 0 0
87 1 1 1 0 0 0 1 0 0
88 1 0 0 0 0 0 1 0 0
91 3 0 0 0 0 0 0 0 0
104 4 0 0 0 0 0 1 0 0
115 2 0 0 1 0 0 1 0 0
122 2 0 0 1 0 0 1 0 0
123 3 0 0 2 0 0 0 0 0
fn=__tls_pre_init_tp
51 1 1 1 0 0 0 0 0 0
54 3 0 0 0 0 0 2 1 1
55 3 0 0 0 0 0 2 0 0
56 3 0 0 0 0 0 2 0 0
59 2 1 1 0 0 0 1 0 0
60 1 0 0 0 0 0 1 0 0
62 1 0 0 1 0 0 0 0 0
fn=rtld_mutex_dummy
42 12 1 1 0 0 0 0 0 0
44 24 0 0 12 0 0 0 0 0
fl=/usr/src/debug/glibc-2.34-231.el9_7.10.x86_64/elf/../sysdeps/posix/dl-fileid.h
fn=_dl_map_object_from_fd
37 20 1 1 4 0 0 4 2 2
40 8 1 1 4 0 0 4 0 0
41 8 0 0 4 0 0 4 0 0
49 40 1 1 20 1 1 0 0 0
fl=/usr/src/debug/glibc-2.34-231.el9_7.10.x86_64/elf/../sysdeps/unix/sysv/linux/brk.c
fn=brk
36 1 1 1 0 0 0 0 0 0
37 1 1 1 0 0 0 1 1 1
38 2 0 0 0 0 0 0 0 0
44 1 0 0 0 0 0 0 0 0
45 1 0 0 1 0 0 0 0 0
fl=/usr/src/debug/glibc-2.34-231.el9_7.10.x86_64/elf/../sysdeps/unix/sysv/linux/brk_call.h
fn=brk
24 2 0 0 0 0 0 0 0 0
fl=/usr/src/debug/glibc-2.34-231.el9_7.10.x86_64/elf/../sysdeps/unix/sysv/linux/dl-osinfo.h
fn=dl_main
64 2 0 0 1 0 0 0 0 0
fl=/usr/src/debug/glibc-2.34-231.el9_7.10.x86_64/elf/../sysdeps/unix/sysv/linux/dl-parse_auxv.h
fn=_dl_sysdep_parse_arguments
32 2 0 0 0 0 0 1 0 0
33 1 0 0 0 0 0 1 0 0
34 1 0 0 0 0 0 1 0 0
41 84 2 2 21 0 0 0 0 0
42 40 0 0 0 0 0 0 0 0
43 40 0 0 20 5 5 20 0 0
45 2 0 0 1 0 0 1 1 1
46 2 0 0 1 0 0 1 0 0
47 2 0 0 1 0 0 1 0 0
48 2 0 0 1 0 0 1 0 0
49 2 0 0 1 0 0 1 0 0
50 2 0 0 1 0 0 1 0 0
51 2 0 0 1 0 0 1 0 0
52 2 1 1 1 0 0 1 0 0
53 2 1 1 1 0 0 1 0 0
54 2 0 0 1 0 0 1 1 1
fl=/usr/src/debug/glibc-2.34-231.el9_7.10.x86_64/elf/../sysdeps/unix/sysv/linux/dl-sysdep.c
fn=_dl_discover_osversion
258 5 1 1 0 0 0 3 0 0
260 3 0 0 1 0 0 0 0 0
300 4 1 1 0 0 0 1 1 1
315 1 0 0 0 0 0 0 0 0
319 1 0 0 0 0 0 0 0 0
320 1 0 0 0 0 0 0 0 0
322 12 1 1 3 1 1 0 0 0
324 6 0 0 0 0 0 0 0 0
326 17 0 0 4 0 0 0 0 0
328 1 0 0 0 0 0 0 0 0
329 4 0 0 0 0 0 0 0 0
332 3 1 1 0 0 0 0 0 0
333 3 0 0 0 0 0 0 0 0
334 3 0 0 0 0 0 0 0 0
336 13 0 0 0 0 0 0 0 0
341 2 0 0 0 0 0 0 0 0
345 5 0 0 4 0 0 0 0 0
fn=_dl_sysdep_parse_arguments
78 7 1 1 0 0 0 5 0 0
79 2 0 0 1 0 0 1 0 0
80 2 1 1 0 0 0 1 0 0
81 3 0 0 0 0 0 1 1 1
82 71 0 0 0 0 0 0 0 0
83 145 0 0 72 10 10 0 0 0
86 2 0 0 0 0 0 1 1 1
90 56 0 0 0 0 0 52 7 7
93 2 0 0 1 0 0 1 0 0
94 2 0 0 1 0 0 1 0 0
95 2 0 0 1 0 0 1 0 0
96 7 0 0 6 0 0 0 0 0
fn=_dl_sysdep_start
102 4 1 1 0 0 0 1 0 0
103 1 0 0 0 0 0 1 0 0
106 2 0 0 0 0 0 1 1 1
110 2 0 0 1 0 0 1 0 0
113 1 0 0 0 0 0 1 0 0
115 2 0 0 0 0 0 1 0 0
122 3 1 1 1 0 0 0 0 0
123 2 0 0 0 0 0 2 0 0
125 5 0 0 0 0 0 1 0 0
137 3 0 0 1 0 0 0 0 0
140 5 1 1 3 0 0 1 0 0
143 4 1 0 3 1 0 0 0 0
fn=_dl_sysdep_start_cleanup
147 1 1 1 0 0 0 0 0 0
148 1 0 0 1 0 0 0 0 0
fl=/usr/src/debug/glibc-2.34-231.el9_7.10.x86_64/elf/../sysdeps/unix/sysv/linux/dl-vdso-setup.h
fn=dl_main
30 3 1 1 0 0 0 2 0 0
33 1 0 0 0 0 0 1 0 0
36 1 0 0 0 0 0 1 0 0
39 1 0 0 0 0 0 1 0 0
45 1 1 1 0 0 0 1 0 0
fl=/usr/src/debug/glibc-2.34-231.el9_7.10.x86_64/elf/../sysdeps/unix/sysv/linux/dl-vdso.h
fn=dl_main
40 1 1 1 1 0 0 0 0 0
41 2 0 0 0 0 0 0 0 0
55 2 1 1 0 0 0 0 0 0
fl=/usr/src/debug/glibc-2.34-231.el9_7.10.x86_64/elf/../sysdeps/unix/sysv/linux/rseq-internal.h
fn=__tls_init_tp
41 3 0 0 1 0 0 0 0 0
50 4 1 1 2 1 1 0 0 0
58 1 0 0 0 0 0 1 0 0
59 1 0 0 0 0 0 1 0 0
60 1 0 0 0 0 0 1 0 0
61 1 0 0 0 0 0 1 0 0
63 6 1 1 0 0 0 0 0 0
65 2 0 0 0 0 0 0 0 0
70 1 0 0 0 0 0 1 0 0
fl=/usr/src/debug/glibc-2.34-231.el9_7.10.x86_64/elf/../sysdeps/unix/sysv/linux/x86/cpu-features.c
fn=init_cpu_features.constprop.0
27 6 1 1 0 0 0 0 0 0
fl=/usr/src/debug/glibc-2.34-231.el9_7.10.x86_64/elf/../sysdeps/unix/sysv/linux/x86/dl-minsigstacksize.h
fn=get_common_indices.constprop.0
24 2 1 1 1 0 0 0 0 0
27 2 0 0 1 0 0 0 0 0
28 2 0 0 1 0 0 0 0 0
65 3 0 0 0 0 0 0 0 0
72 1 0 0 0 0 0 0 0 0
74 1 0 0 0 0 0 1 0 0
fl=/usr/src/debug/glibc-2.34-231.el9_7.10.x86_64/elf/../sysdeps/x86/cpu-features.c
fn=get_common_indices.constprop.0
338 1 1 1 0 0 0 1 0 0
342 4 0 0 0 0 0 0 0 0
345 5 0 0 0 0 0 3 1 1
349 1 1 1 0 0 0 1 0 0
350 4 0 0 0 0 0 1 0 0
351 4 0 0 0 0 0 1 0 0
352 4 0 0 0 0 0 1 0 0
353 3 0 0 0 0 0 1 0 0
354 2 0 0 1 0 0 0 0 0
361 2 0 0 1 0 0 0 0 0
363 9 1 1 0 0 0 4 0 0
368 8 1 1 0 0 0 4 1 1
375 2 0 0 1 0 0 0 0 0
376 7 0 0 0 0 0 4 1 1
382 2 0 0 1 0 0 0 0 0
397 2 0 0 2 0 0 0 0 0
fn=init_cpu_features.constprop.0
316 3 0 0 0 0 0 0 0 0
317 2 0 0 0 0 0 0 0 0
318 6 1 1 0 0 0 4 0 0
323 2 0 0 0 0 0 0 0 0
324 6 0 0 0 0 0 4 1 1
329 2 1 1 0 0 0 0 0 0
330 6 0 0 0 0 0 4 0 0
622 7 2 2 0 0 0 6 0 0
625 1 0 0 0 0 0 1 0 0
626 1 0 0 0 0 0 1 0 0
627 1 0 0 0 0 0 1 0 0
630 1 0 0 0 0 0 1 1 1
639 3 0 0 0 0 0 1 0 0
642 6 1 1 0 0 0 0 0 0
643 1 0 0 0 0 0 0 0 0
646 2 0 0 0 0 0 0 0 0
648 6 1 1 0 0 0 1 0 0
653 1 0 0 0 0 0 1 0 0
655 3 1 1 1 0 0 0 0 0
657 4 1 1 2 0 0 1 0 0
659 1 0 0 1 0 0 0 0 0
661 7 0 0 1 1 1 0 0 0
714 3 1 1 2 0 0 0 0 0
721 3 0 0 1 0 0 1 0 0
739 1 1 1 0 0 0 1 0 0
740 1 0 0 0 0 0 0 0 0
772 5 0 0 0 0 0 0 0 0
797 1 0 0 1 0 0 0 0 0
799 7 1 1 2 1 1 1 0 0
806 4 0 0 0 0 0 0 0 0
809 2 0 0 0 0 0 1 0 0
810 1 0 0 0 0 0 0 0 0
818 2 0 0 1 0 0 0 0 0
825 2 0 0 1 0 0 0 0 0
827 2 0 0 0 0 0 1 0 0
831 2 1 1 0 0 0 0 0 0
837 2 0 0 1 0 0 0 0 0
941 3 1 1 1 0 0 0 0 0
942 2 1 1 0 0 0 1 0 0
945 2 0 0 0 0 0 0 0 0
946 2 0 0 0 0 0 1 0 0
952 1 0 0 0 0 0 1 0 0
953 1 0 0 0 0 0 1 0 0
954 1 0 0 0 0 0 1 0 0
955 1 0 0 0 0 0 1 0 0
960 4 1 1 0 0 0 1 0 0
963 4 0 0 0 0 0 1 0 0
969 3 0 0 1 0 0 0 0 0
982 2 0 0 0 0 0 0 0 0
983 4 1 1 1 0 0 0 0 0
1029 1 0 0 0 0 0 1 0 0
1030 2 1 1 1 0 0 0 0 0
1034 3 0 0 1 0 0 0 0 0
1051 2 1 1 0 0 0 0 0 0
1052 3 1 1 1 0 0 0 0 0
1054 3 0 0 0 0 0 0 0 0
1055 2 0 0 1 0 0 0 0 0
1057 3 0 0 0 0 0 0 0 0
1058 2 1 1 0 0 0 0 0 0
1061 2 0 0 0 0 0 1 0 0
1076 4 0 0 0 0 0 1 0 0
1078 4 0 0 0 0 0 1 0 0
1088 2 0 0 1 0 0 0 0 0
1133 8 0 0 7 0 0 0 0 0
fn=update_active.constprop.0
56 7 2 2 0 0 0 6 0 0
60 1 0 0 1 0 0 0 0 0
68 3 1 1 1 0 0 0 0 0
69 3 0 0 0 0 0 0 0 0
70 1 0 0 1 0 0 0 0 0
78 4 0 0 1 0 0 1 0 0
79 1 0 0 1 0 0 0 0 0
87 3 1 1 1 0 0 0 0 0
88 1 0 0 1 0 0 0 0 0
89 3 0 0 0 0 0 1 1 1
93 4 0 0 0 0 0 1 0 0
97 1 0 0 1 0 0 0 0 0
101 2 0 0 1 0 0 1 0 0
105 4 0 0 1 0 0 1 0 0
106 3 0 0 2 0 0 0 0 0
107 3 1 1 2 0 0 0 0 0
108 2 0 0 1 0 0 1 0 0
110 4 0 0 1 0 0 1 0 0
111 3 1 1 2 1 1 0 0 0
114 6 0 0 0 0 0 1 0 0
117 4 0 0 1 0 0 1 0 0
118 4 0 0 1 0 0 1 0 0
122 2 0 0 0 0 0 0 0 0
126 2 1 1 0 0 0 0 0 0
128 4 0 0 0 0 0 0 0 0
132 2 1 1 0 0 0 0 0 0
134 1 0 0 0 0 0 0 0 0
137 2 0 0 0 0 0 0 0 0
139 2 0 0 0 0 0 1 0 0
143 1 0 0 0 0 0 0 0 0
144 1 0 0 1 0 0 0 0 0
147 4 0 0 1 0 0 1 0 0
153 4 0 0 0 0 0 1 0 0
155 4 0 0 1 0 0 1 0 0
157 3 1 1 0 0 0 1 0 0
162 4 1 1 0 0 0 0 0 0
211 3 0 0 0 0 0 0 0 0
223 3 0 0 1 0 0 1 0 0
224 1 0 0 1 0 0 0 0 0
227 4 0 0 1 0 0 1 0 0
231 2 1 1 1 0 0 0 0 0
235 3 2 2 0 0 0 0 0 0
236 2 0 0 0 0 0 0 0 0
238 1 0 0 0 0 0 0 0 0
239 1 0 0 0 0 0 0 0 0
242 2 0 0 0 0 0 1 0 0
244 1 0 0 0 0 0 1 0 0
247 2 0 0 0 0 0 0 0 0
298 3 0 0 1 0 0 0 0 0
302 3 0 0 1 0 0 0 0 0
309 1 0 0 0 0 0 1 0 0
310 8 0 0 7 0 0 0 0 0
fl=/usr/src/debug/glibc-2.34-231.el9_7.10.x86_64/elf/../sysdeps/x86/dl-cacheinfo.h
fn=get_common_cache_info.constprop.0
571 10 1 1 0 0 0 7 0 0
586 2 0 0 1 0 0 1 0 0
587 2 0 0 1 0 0 1 0 0
588 2 0 0 1 0 0 1 0 0
589 1 0 0 1 0 0 0 0 0
590 1 0 0 1 0 0 0 0 0
596 1 1 1 0 0 0 1 0 0
598 6 1 1 3 0 0 1 0 0
601 2 0 0 0 0 0 0 0 0
613 1 0 0 0 0 0 0 0 0
618 3 0 0 1 0 0 0 0 0
622 2 0 0 1 0 0 0 0 0
627 6 1 1 0 0 0 1 0 0
630 14 0 0 0 0 0 0 0 0
636 8 0 0 0 0 0 0 0 0
637 8 1 1 0 0 0 0 0 0
640 26 1 1 0 0 0 0 0 0
645 2 0 0 0 0 0 0 0 0
649 3 0 0 0 0 0 0 0 0
650 1 0 0 0 0 0 0 0 0
654 6 0 0 0 0 0 0 0 0
658 3 0 0 0 0 0 0 0 0
661 4 0 0 0 0 0 1 0 0
662 1 0 0 0 0 0 0 0 0
667 10 0 0 0 0 0 0 0 0
673 4 1 1 1 0 0 0 0 0
681 9 0 0 1 0 0 0 0 0
683 2 0 0 0 0 0 0 0 0
685 4 0 0 0 0 0 0 0 0
687 11 1 1 0 0 0 0 0 0
689 1 0 0 0 0 0 0 0 0
690 1 0 0 0 0 0 0 0 0
691 8 0 0 0 0 0 0 0 0
693 4 1 1 0 0 0 0 0 0
696 2 0 0 0 0 0 0 0 0
701 1 0 0 0 0 0 0 0 0
703 4 0 0 0 0 0 0 0 0
704 3 0 0 0 0 0 0 0 0
705 1 0 0 0 0 0 0 0 0
708 2 0 0 0 0 0 0 0 0
711 2 1 1 0 0 0 0 0 0
715 2 0 0 1 0 0 0 0 0
718 1 0 0 0 0 0 0 0 0
720 4 0 0 0 0 0 0 0 0
721 1 0 0 0 0 0 0 0 0
726 2 1 1 0 0 0 0 0 0
731 2 0 0 0 0 0 0 0 0
732 1 0 0 0 0 0 0 0 0
733 2 0 0 0 0 0 0 0 0
734 3 0 0 0 0 0 0 0 0
735 2 1 1 1 0 0 0 0 0
770 4 0 0 0 0 0 0 0 0
771 5 1 1 0 0 0 0 0 0
775 2 0 0 1 0 0 0 0 0
782 1 0 0 0 0 0 1 0 0
783 1 0 0 0 0 0 1 0 0
784 2 0 0 1 0 0 1 0 0
785 7 0 0 7 0 0 0 0 0
fn=handle_intel.constprop.0
250 96 0 0 0 0 0 72 0 0
255 24 1 1 12 0 0 0 0 0
261 12 0 0 0 0 0 12 0 0
262 12 0 0 0 0 0 12 0 0
267 48 1 1 0 0 0 0 0 0
271 24 0 0 0 0 0 0 0 0
276 24 0 0 0 0 0 0 0 0
279 60 1 1 0 0 0 12 0 0
281 24 0 0 0 0 0 0 0 0
284 60 0 0 0 0 0 12 0 0
286 24 0 0 0 0 0 0 0 0
305 96 0 0 84 0 0 0 0 0
fn=init_cpu_features.constprop.0
792 1 0 0 0 0 0 1 0 0
793 1 1 1 0 0 0 1 0 0
794 1 0 0 0 0 0 1 0 0
808 2 0 0 0 0 0 0 0 0
810 4 2 2 0 0 0 2 0 0
811 3 0 0 0 0 0 2 0 0
812 2 0 0 0 0 0 2 0 0
815 3 0 0 0 0 0 2 0 0
817 3 1 1 0 0 0 2 0 0
818 1 0 0 0 0 0 1 0 0
820 3 0 0 0 0 0 2 0 0
822 3 0 0 0 0 0 2 0 0
824 3 0 0 0 0 0 1 0 0
826 3 1 1 0 0 0 2 0 0
828 3 0 0 0 0 0 2 0 0
829 2 0 0 1 0 0 1 0 0
831 3 0 0 0 0 0 2 0 0
833 3 1 1 0 0 0 2 0 0
835 3 0 0 0 0 0 2 0 0
837 7 0 0 2 0 0 1 0 0
893 1 0 0 0 0 0 1 0 0
894 2 1 1 1 0 0 1 1 1
895 2 0 0 1 0 0 1 0 0
896 2 0 0 1 0 0 1 0 0
897 2 0 0 1 0 0 1 0 0
898 1 0 0 0 0 0 1 1 1
899 2 1 1 1 0 0 1 0 0
900 1 0 0 0 0 0 1 0 0
901 1 0 0 0 0 0 1 0 0
902 1 0 0 0 0 0 1 0 0
903 2 1 1 1 0 0 1 0 0
904 1 0 0 0 0 0 1 1 1
906 1 0 0 1 0 0 0 0 0
909 3 0 0 0 0 0 0 0 0
923 5 1 1 1 0 0 0 0 0
924 6 1 1 4 0 0 2 0 0
929 2 0 0 0 0 0 0 0 0
930 5 0 0 1 0 0 0 0 0
938 2 0 0 0 0 0 0 0 0
956 6 0 0 0 0 0 0 0 0
969 2 0 0 0 0 0 0 0 0
970 2 1 1 0 0 0 0 0 0
977 12 2 2 0 0 0 1 0 0
995 3 0 0 1 0 0 0 0 0
1001 2 0 0 0 0 0 0 0 0
1009 5 1 1 1 0 0 1 0 0
1011 3 0 0 1 0 0 1 0 0
1014 5 0 0 1 0 0 1 0 0
1016 2 0 0 0 0 0 0 0 0
1019 5 1 1 1 0 0 1 0 0
1020 5 0 0 0 0 0 1 0 0
1024 5 1 1 1 0 0 1 0 0
1025 3 0 0 1 0 0 1 0 0
1031 6 1 1 1 0 0 2 0 0
1033 2 0 0 1 0 0 0 0 0
1039 11 1 1 1 0 0 5 0 0
1040 9 1 1 1 0 0 4 0 0
1041 11 1 1 0 0 0 5 0 0
1044 10 0 0 0 0 0 5 0 0
1046 9 1 1 1 0 0 4 0 0
1055 2 0 0 1 0 0 1 0 0
1056 2 0 0 1 0 0 1 0 0
1057 2 0 0 1 0 0 1 0 0
1058 2 0 0 1 0 0 1 0 0
1059 2 0 0 1 0 0 1 0 0
1060 1 1 1 0 0 0 1 0 0
fn=intel_check_word.constprop.0
110 648 0 0 324 6 6 0 0 0
113 324 0 0 0 0 0 0 0 0
119 96 0 0 0 0 0 72 0 0
123 72 1 1 0 0 0 0 0 0
125 12 0 0 0 0 0 0 0 0
129 144 0 0 0 0 0 0 0 0
131 144 0 0 0 0 0 0 0 0
133 60 0 0 0 0 0 0 0 0
135 120 0 0 0 0 0 0 0 0
143 120 1 1 0 0 0 0 0 0
152 12 0 0 0 0 0 0 0 0
155 123 0 0 0 0 0 0 0 0
158 99 1 1 0 0 0 0 0 0
162 64 0 0 0 0 0 0 0 0
164 192 1 1 0 0 0 0 0 0
165 24 0 0 0 0 0 0 0 0
166 80 0 0 0 0 0 0 0 0
167 18 0 0 0 0 0 0 0 0
168 44 1 1 0 0 0 0 0 0
169 32 0 0 0 0 0 0 0 0
170 10 0 0 0 0 0 0 0 0
172 11 0 0 0 0 0 0 0 0
174 22 0 0 0 0 0 0 0 0
176 12 1 1 0 0 0 0 0 0
177 16 1 1 0 0 0 0 0 0
178 12 0 0 0 0 0 0 0 0
179 20 0 0 0 0 0 0 0 0
180 14 0 0 0 0 0 0 0 0
181 12 1 1 0 0 0 0 0 0
183 8 0 0 0 0 0 0 0 0
184 12 0 0 0 0 0 0 0 0
187 21 0 0 0 0 0 0 0 0
190 2 0 0 0 0 0 0 0 0
194 192 0 0 0 0 0 0 0 0
202 192 1 1 48 0 0 0 0 0
216 48 0 0 0 0 0 0 0 0
246 96 0 0 96 0 0 0 0 0
fl=/usr/src/debug/glibc-2.34-231.el9_7.10.x86_64/elf/../sysdeps/x86/dl-cet.c
fn=_dl_cet_check
252 1 1 1 0 0 0 0 0 0
253 1 0 0 0 0 0 0 0 0
fn=dl_cet_check
39 7 1 1 0 0 0 6 0 0
41 2 0 0 0 0 0 0 0 0
42 1 0 0 1 1 1 0 0 0
44 1 0 0 0 0 0 0 0 0
45 1 0 0 0 0 0 0 0 0
48 4 0 0 0 0 0 0 0 0
49 2 1 1 0 0 0 0 0 0
51 1 0 0 1 0 0 0 0 0
62 2 0 0 0 0 0 0 0 0
235 8 2 2 7 0 0 0 0 0
fl=/usr/src/debug/glibc-2.34-231.el9_7.10.x86_64/elf/../sysdeps/x86/dl-get-cpu-features.c
fn=__x86_cpu_features
39 3 0 0 1 0 0 0 0 0
71 3 2 2 1 0 0 0 0 0
fn=_dl_x86_init_cpu_features
37 2 1 1 0 0 0 0 0 0
39 3 0 0 1 0 0 0 0 0
41 1 0 0 0 0 0 1 0 0
49 2 0 0 1 0 0 0 0 0
69 2 0 0 1 0 0 0 0 0
fl=/usr/src/debug/glibc-2.34-231.el9_7.10.x86_64/elf/../sysdeps/x86/dl-hwcap.h
fn=_dl_important_hwcaps
57 7 1 1 1 0 0 1 0 0
fl=/usr/src/debug/glibc-2.34-231.el9_7.10.x86_64/elf/../sysdeps/x86/dl-procinfo.h
fn=search_cache
39 6 0 0 0 0 0 0 0 0
42 21 1 1 0 0 0 6 0 0
fl=/usr/src/debug/glibc-2.34-231.el9_7.10.x86_64/elf/../sysdeps/x86/dl-prop.h
fn=_dl_map_object_from_fd
95 32 1 1 16 0 0 0 0 0
100 4 0 0 0 0 0 0 0 0
101 4 0 0 0 0 0 4 0 0
102 4 0 0 0 0 0 0 0 0
104 36 0 0 0 0 0 4 0 0
107 12 1 1 4 0 0 0 0 0
108 8 0 0 4 0 0 0 0 0
109 8 0 0 4 0 0 0 0 0
113 12 1 1 4 0 0 0 0 0
117 12 0 0 0 0 0 4 0 0
120 12 0 0 4 0 0 0 0 0
121 8 0 0 0 0 0 0 0 0
125 4 0 0 0 0 0 0 0 0
126 12 0 0 0 0 0 0 0 0
130 16 1 1 6 0 0 0 0 0
131 6 0 0 6 0 0 0 0 0
134 12 1 1 0 0 0 0 0 0
137 6 0 0 0 0 0 0 0 0
138 24 0 0 0 0 0 0 0 0
143 24 0 0 0 0 0 0 0 0
149 12 0 0 0 0 0 0 0 0
158 12 0 0 0 0 0 0 0 0
159 10 0 0 6 2 2 0 0 0
162 4 1 1 0 0 0 2 0 0
169 4 0 0 0 0 0 0 0 0
177 12 0 0 0 0 0 0 0 0
179 16 0 0 0 0 0 0 0 0
184 4 0 0 0 0 0 0 0 0
185 16 0 0 0 0 0 0 0 0
190 20 1 1 8 0 0 0 0 0
192 16 0 0 4 0 0 4 0 0
193 4 1 1 0 0 0 4 0 0
194 8 0 0 0 0 0 4 0 0
203 20 0 0 16 0 0 0 0 0
204 8 0 0 8 0 0 0 0 0
fn=dl_main
36 1 0 0 1 0 0 0 0 0
37 21 0 0 0 0 0 0 0 0
40 7 1 1 7 0 0 0 0 0
49 40 0 0 11 0 0 0 0 0
53 33 0 0 6 0 0 0 0 0
71 3 1 1 0 0 0 1 0 0
95 8 0 0 4 0 0 0 0 0
100 1 1 1 0 0 0 0 0 0
101 1 0 0 0 0 0 1 0 0
102 1 0 0 0 0 0 0 0 0
104 11 0 0 0 0 0 2 0 0
107 3 1 1 1 0 0 0 0 0
108 2 0 0 1 0 0 0 0 0
109 2 0 0 1 0 0 0 0 0
113 3 0 0 1 0 0 0 0 0
117 3 0 0 0 0 0 1 0 0
120 3 1 1 1 0 0 0 0 0
121 2 0 0 0 0 0 0 0 0
125 1 0 0 0 0 0 0 0 0
126 3 0 0 0 0 0 0 0 0
130 4 1 1 1 0 0 0 0 0
131 1 0 0 1 0 0 0 0 0
134 2 0 0 0 0 0 0 0 0
137 1 0 0 0 0 0 0 0 0
138 4 0 0 0 0 0 0 0 0
143 4 1 1 0 0 0 0 0 0
149 2 0 0 0 0 0 0 0 0
158 2 0 0 0 0 0 0 0 0
159 1 0 0 1 0 0 0 0 0
162 2 1 1 0 0 0 1 0 0
184 1 0 0 0 0 0 0 0 0
185 4 0 0 0 0 0 0 0 0
190 5 1 1 2 0 0 0 0 0
192 4 0 0 1 0 0 1 0 0
193 1 0 0 0 0 0 1 0 0
194 2 0 0 0 0 0 1 0 0
203 5 0 0 4 0 0 0 0 0
204 2 0 0 2 0 0 0 0 0
fl=/usr/src/debug/glibc-2.34-231.el9_7.10.x86_64/elf/../sysdeps/x86/get-isa-level.h
fn=_dl_hwcaps_subdirs_active
30 2 0 0 0 0 0 0 0 0
31 3 0 0 1 0 0 0 0 0
32 3 0 0 1 0 0 0 0 0
36 3 1 1 0 0 0 0 0 0
39 4 0 0 1 0 0 0 0 0
40 4 0 0 1 0 0 0 0 0
45 4 0 0 0 0 0 0 0 0
48 2 1 1 0 0 0 0 0 0
51 5 0 0 1 0 0 0 0 0
53 4 0 0 0 0 0 0 0 0
54 2 0 0 0 0 0 0 0 0
55 2 0 0 0 0 0 0 0 0
58 2 0 0 0 0 0 0 0 0
61 2 1 1 0 0 0 0 0 0
fn=update_active.constprop.0
28 1 0 0 0 0 0 0 0 0
30 2 0 0 0 0 0 0 0 0
31 2 0 0 0 0 0 0 0 0
32 3 1 1 0 0 0 0 0 0
36 3 0 0 0 0 0 0 0 0
38 1 0 0 0 0 0 0 0 0
39 3 1 1 1 0 0 0 0 0
40 4 1 1 1 0 0 0 0 0
45 4 0 0 0 0 0 0 0 0
47 1 0 0 0 0 0 0 0 0
48 2 0 0 0 0 0 0 0 0
51 5 1 1 1 0 0 0 0 0
53 4 0 0 0 0 0 0 0 0
54 2 0 0 0 0 0 0 0 0
55 2 0 0 0 0 0 0 0 0
57 1 1 1 0 0 0 0 0 0
58 2 0 0 0 0 0 0 0 0
61 2 0 0 0 0 0 0 0 0
fl=/usr/src/debug/glibc-2.34-231.el9_7.10.x86_64/elf/../sysdeps/x86_64/dl-hwcaps-subdirs.c
fn=_dl_hwcaps_subdirs_active
29 1 1 1 0 0 0 0 0 0
38 3 0 0 0 0 0 0 0 0
43 1 0 0 0 0 0 0 0 0
48 1 0 0 0 0 0 0 0 0
52 1 0 0 1 0 0 0 0 0
fl=/usr/src/debug/glibc-2.34-231.el9_7.10.x86_64/elf/../sysdeps/x86_64/dl-machine.h
fn=_dl_fixup
237 9 0 0 0 0 0 9 0 0
fn=_dl_relocate_object_no_relro
79 8 0 0 2 0 0 0 0 0
85 8 1 1 6 1 0 0 0 0
89 6 0 0 2 2 1 0 0 0
95 2 0 0 0 0 0 2 0 0
103 6 0 0 2 0 0 0 0 0
123 4 0 0 2 0 0 0 0 0
125 2 0 0 0 0 0 2 0 0
127 10 0 0 2 1 0 0 0 0
270 520 0 0 0 0 0 0 0 0
291 520 0 0 0 0 0 0 0 0
295 520 0 0 0 0 0 0 0 0
302 12600 9 9 3104 182 155 1918 1 0
304 2313 5 5 918 3 0 0 0 0
307 1092 0 0 231 0 0 0 0 0
308 114 0 0 0 0 0 0 0 0
309 50 0 0 10 0 0 0 0 0
312 20 0 0 0 0 0 0 0 0
313 30 1 1 10 0 0 0 0 0
324 23 1 1 0 0 0 20 0 0
331 40 0 0 20 0 0 10 0 0
334 1560 0 0 260 3 3 0 0 0
432 60 1 1 20 0 0 0 0 0
436 80 0 0 20 2 0 0 0 0
441 60 0 0 40 3 3 0 0 0
450 40 0 0 20 0 0 20 7 7
460 480 1 1 241 1 1 239 35 34
484 30 0 0 0 0 0 12 0 0
494 15 0 0 0 0 0 10 0 0
500 3 1 1 1 0 0 0 0 0
504 4 0 0 1 0 0 2 0 0
505 4 0 0 2 0 0 0 0 0
506 4 0 0 3 0 0 0 0 0
507 1 0 0 0 0 0 0 0 0
510 36 1 1 0 0 0 0 0 0
517 114 0 0 114 0 0 0 0 0
518 185 2 2 57 0 0 0 0 0
519 57 0 0 0 0 0 57 0 0
520 114 0 0 57 0 0 57 1 0
524 57 0 0 0 0 0 0 0 0
539 3726 0 0 1242 156 156 0 0 0
540 1242 0 0 0 0 0 1242 230 227
544 2484 1 1 0 0 0 0 0 0
545 2484 0 0 1242 154 154 0 0 0
555 80 0 0 40 0 0 0 0 0
559 80 0 0 0 0 0 0 0 0
562 120 0 0 40 1 0 0 0 0
563 40 0 0 40 5 5 0 0 0
fn=_dl_start
61 3 1 1 1 1 1 0 0 0
79 1 0 0 1 0 0 0 0 0
295 3 0 0 0 0 0 0 0 0
304 10 1 1 4 1 1 0 0 0
307 2 0 0 0 0 0 0 0 0
334 5 1 1 0 0 0 0 0 0
424 1 0 0 0 0 0 0 0 0
544 284 0 0 142 18 18 0 0 0
545 426 0 0 142 17 17 142 19 19
fn=_dl_sysdep_start
223 1 0 0 0 0 0 1 0 0
fl=/usr/src/debug/glibc-2.34-231.el9_7.10.x86_64/elf/../sysdeps/x86_64/dl-runtime.h
fn=_dl_fixup
28 9 0 0 0 0 0 0 0 0
fl=/usr/src/debug/glibc-2.34-231.el9_7.10.x86_64/elf/../sysdeps/x86_64/dl-trampoline.h
fn=_dl_runtime_resolve_xsave
67 9 1 1 0 0 0 0 0 0
72 9 0 0 0 0 0 9 0 0
75 9 0 0 0 0 0 0 0 0
77 9 0 0 0 0 0 0 0 0
87 9 0 0 9 0 0 0 0 0
93 9 0 0 0 0 0 9 1 0
94 9 0 0 0 0 0 9 0 0
95 9 0 0 0 0 0 9 0 0
96 9 0 0 0 0 0 9 0 0
97 9 0 0 0 0 0 9 0 0
98 9 0 0 0 0 0 9 0 0
99 9 1 1 0 0 0 9 0 0
103 9 0 0 0 0 0 0 0 0
104 9 0 0 0 0 0 0 0 0
107 9 0 0 0 0 0 9 0 0
108 9 0 0 0 0 0 9 0 0
110 9 0 0 0 0 0 9 0 0
111 9 0 0 0 0 0 9 0 0
112 9 0 0 0 0 0 9 0 0
113 9 0 0 0 0 0 9 0 0
114 9 1 1 0 0 0 9 0 0
115 9 0 0 0 0 0 9 0 0
117 9 0 0 9 0 0 297 0 0
124 9 0 0 9 0 0 0 0 0
125 9 0 0 9 0 0 0 0 0
126 9 0 0 0 0 0 9 1 0
127 9 0 0 0 0 0 0 0 0
132 9 0 0 0 0 0 0 0 0
133 9 0 0 0 0 0 0 0 0
134 9 0 0 324 0 0 0 0 0
136 9 0 0 9 0 0 0 0 0
137 9 0 0 9 0 0 0 0 0
138 9 0 0 9 0 0 0 0 0
139 9 1 1 9 0 0 0 0 0
140 9 0 0 9 0 0 0 0 0
141 9 0 0 9 0 0 0 0 0
142 9 0 0 9 0 0 0 0 0
144 9 0 0 0 0 0 0 0 0
146 9 0 0 9 0 0 0 0 0
150 9 0 0 0 0 0 0 0 0
153 9 0 0 0 0 0 0 0 0
fl=/usr/src/debug/glibc-2.34-231.el9_7.10.x86_64/elf/./dl-find_object.h
fn=_dl_find_object_from_map
95 12 1 1 6 1 0 6 2 2
96 12 0 0 6 0 0 6 0 0
97 6 0 0 0 0 0 6 2 2
103 6 0 0 6 0 0 0 0 0
105 30 0 0 12 5 0 0 0 0
106 174 1 1 0 0 0 0 0 0
107 120 0 0 60 51 0 0 0 0
109 18 0 0 12 2 0 6 0 0
114 6 0 0 6 0 0 0 0 0
fl=/usr/src/debug/glibc-2.34-231.el9_7.10.x86_64/elf/./dl-hwcaps.h
fn=_dl_important_hwcaps
54 7 1 1 1 0 0 4 0 0
56 6 0 0 2 0 0 4 0 0
57 1 0 0 0 0 0 0 0 0
88 5 1 1 2 0 0 3 0 0
89 5 0 0 2 0 0 3 0 0
90 3 1 1 0 0 0 0 0 0
fn=copy_hwcaps
54 2 0 0 0 0 0 2 1 1
56 4 0 0 0 0 0 2 0 0
88 2 0 0 0 0 0 2 0 0
89 2 0 0 0 0 0 2 0 0
90 2 0 0 0 0 0 0 0 0
fl=/usr/src/debug/glibc-2.34-231.el9_7.10.x86_64/elf/./dl-load.h
fn=_dl_map_object_from_fd
90 32 0 0 0 0 0 0 0 0
91 12 0 0 8 0 0 4 0 0
93 32 0 0 16 0 0 0 0 0
94 12 1 1 6 0 0 0 0 0
95 18 0 0 6 0 0 0 0 0
96 12 1 1 3 0 0 0 0 0
98 12 0 0 0 0 0 3 0 0
fl=/usr/src/debug/glibc-2.34-231.el9_7.10.x86_64/elf/./dl-main.h
fn=dl_main
109 5 0 0 4 0 0 1 0 0
fl=/usr/src/debug/glibc-2.34-231.el9_7.10.x86_64/elf/./dl-map-segments.h
fn=_dl_map_object_from_fd
50 8 0 0 4 0 0 0 0 0
56 28 0 0 8 0 0 12 1 1
57 8 0 0 4 0 0 0 0 0
60 12 1 1 4 0 0 0 0 0
63 12 0 0 4 0 0 4 0 0
64 8 0 0 0 0 0 4 0 0
66 8 0 0 4 0 0 0 0 0
80 4 1 1 4 0 0 0 0 0
82 4 0 0 4 0 0 0 0 0
90 80 1 1 16 0 0 0 0 0
92 48 0 0 24 0 0 0 0 0
94 132 1 1 48 0 0 24 0 0
95 12 0 0 12 0 0 0 0 0
104 64 1 1 32 0 0 0 0 0
110 4 0 0 4 0 0 0 0 0
111 8 0 0 4 0 0 0 0 0
112 24 0 0 4 0 0 0 0 0
113 8 0 0 0 0 0 0 0 0
120 8 0 0 0 0 0 0 0 0
123 8 0 0 0 0 0 0 0 0
131 28 1 1 0 0 0 12 0 0
132 12 0 0 8 0 0 0 0 0
137 8 0 0 0 0 0 0 0 0
141 8 1 1 0 0 0 1 0 0
144 2 0 0 0 0 0 0 0 0
149 16 0 0 0 0 0 0 0 0
fl=/usr/src/debug/glibc-2.34-231.el9_7.10.x86_64/elf/./dl-sym-post.h
fn=lookup_malloc_symbol
41 8 0 0 0 0 0 0 0 0
53 12 0 0 4 0 0 0 0 0
60 4 0 0 4 0 0 0 0 0
fl=/usr/src/debug/glibc-2.34-231.el9_7.10.x86_64/elf/./dl-tunable-types.h
fn=do_tunable_update_val
91 10 0 0 0 0 0 0 0 0
fl=/usr/src/debug/glibc-2.34-231.el9_7.10.x86_64/elf/./get-dynamic-info.h
fn=_dl_start
45 67 0 0 17 5 5 0 0 0
49 32 0 0 0 0 0 0 0 0
54 25 0 0 0 0 0 0 0 0
55 17 0 0 0 0 0 0 0 0
56 5 1 1 0 0 0 0 0 0
58 1 0 0 0 0 0 0 0 0
59 5 0 0 0 0 0 0 0 0
61 1 1 1 0 0 0 0 0 0
62 5 1 1 0 0 0 0 0 0
64 5 0 0 0 0 0 0 0 0
68 17 0 0 0 0 0 16 6 6
72 4 1 1 1 0 0 0 0 0
82 4 0 0 2 0 0 0 0 0
83 3 1 1 1 0 0 0 0 0
84 4 0 0 2 0 0 0 0 0
85 4 0 0 2 0 0 0 0 0
87 4 0 0 2 0 0 0 0 0
92 3 1 1 1 0 0 0 0 0
93 4 0 0 2 0 0 0 0 0
94 5 0 0 2 0 0 0 0 0
97 3 0 0 1 0 0 0 0 0
109 3 0 0 1 0 0 0 0 0
110 3 0 0 2 0 0 0 0 0
118 2 1 1 1 1 1 0 0 0
119 2 0 0 1 0 0 0 0 0
124 5 0 0 2 0 0 0 0 0
127 3 1 1 1 0 0 0 0 0
fn=dl_main
39 3 0 0 1 0 0 0 0 0
43 1 0 0 0 0 0 0 0 0
45 107 0 0 27 7 7 0 0 0
49 52 0 0 0 0 0 0 0 0
54 17 0 0 0 0 0 0 0 0
55 11 1 1 0 0 0 0 0 0
56 5 1 1 0 0 0 0 0 0
58 1 0 0 0 0 0 0 0 0
59 5 2 2 0 0 0 0 0 0
61 1 0 0 0 0 0 0 0 0
62 5 0 0 0 0 0 0 0 0
64 5 0 0 0 0 0 0 0 0
68 26 0 0 0 0 0 26 6 6
72 3 0 0 1 0 0 0 0 0
97 3 0 0 1 0 0 0 0 0
102 2 0 0 1 0 0 0 0 0
109 2 0 0 1 0 0 0 0 0
110 3 1 1 2 0 0 0 0 0
132 3 0 0 1 0 0 0 0 0
147 3 1 1 1 0 0 0 0 0
169 2 1 1 1 0 0 0 0 0
fl=/usr/src/debug/glibc-2.34-231.el9_7.10.x86_64/elf/./setup-vdso.h
fn=dl_main
24 2 1 1 1 0 0 0 0 0
fl=/usr/src/debug/glibc-2.34-231.el9_7.10.x86_64/elf/dl-audit.c
fn=_dl_audit_activity_map
28 8 1 1 0 0 0 6 0 0
29 1 0 0 1 0 0 0 0 0
30 3 0 0 1 0 0 0 0 0
36 8 1 1 7 0 0 0 0 0
fn=_dl_audit_activity_nsid
40 1 1 0 0 0 0 0 0 0
44 4 0 0 1 0 0 0 0 0
46 3 0 0 1 0 0 0 0 0
50 1 0 0 1 0 0 0 0 0
fn=_dl_audit_objopen
76 4 1 1 0 0 0 0 0 0
77 16 0 0 8 0 0 0 0 0
fn=_dl_audit_preinit
117 1 1 1 0 0 0 0 0 0
118 4 0 0 2 0 0 0 0 0
fl=/usr/src/debug/glibc-2.34-231.el9_7.10.x86_64/elf/dl-cache.c
fn=_dl_cache_libcmp
360 56 1 1 0 0 0 0 0 0
361 465 0 0 155 0 0 0 0 0
363 453 0 0 0 0 0 0 0 0
365 310 0 0 151 28 28 0 0 0
371 12 1 1 0 0 0 0 0 0
372 12 0 0 0 0 0 0 0 0
373 16 0 0 4 0 0 0 0 0
375 16 0 0 4 0 0 0 0 0
377 8 0 0 0 0 0 0 0 0
383 294 1 1 0 0 0 0 0 0
385 294 0 0 0 0 0 0 0 0
386 72 1 1 24 0 0 0 0 0
389 123 0 0 0 0 0 0 0 0
390 123 0 0 0 0 0 0 0 0
393 12 0 0 8 0 0 0 0 0
fn=_dl_load_cache_lookup
406 18 1 1 0 0 0 6 0 0
408 6 0 0 3 0 0 0 0 0
411 9 1 1 3 0 0 0 0 0
414 6 2 2 0 0 0 2 0 0
422 6 0 0 2 0 0 0 0 0
423 8 1 1 3 1 1 0 0 0
426 7 0 0 0 0 0 0 0 0
427 1 0 0 1 0 0 0 0 0
434 1 1 1 0 0 0 1 0 0
435 2 1 1 0 0 0 1 0 0
480 6 0 0 2 0 0 0 0 0
485 9 0 0 3 0 0 0 0 0
488 18 1 1 3 0 0 3 0 0
503 6 0 0 3 0 0 0 0 0
507 6 0 0 0 0 0 0 0 0
515 54 1 1 3 0 0 3 0 0
516 12 1 1 0 0 0 3 0 0
517 3 0 0 0 0 0 3 0 0
518 9 0 0 9 0 0 0 0 0
fn=_dl_unload_cache
527 2 1 1 0 0 0 0 0 0
528 4 1 1 1 1 0 0 0 0
530 2 0 0 1 0 0 1 0 0
531 1 0 0 0 0 0 1 0 0
535 1 0 0 0 0 0 1 0 0
537 2 0 0 1 0 0 0 0 0
fn=search_cache
191 48 0 0 0 0 0 0 0 0
203 39 1 1 0 0 0 27 2 2
205 3 0 0 3 0 0 0 0 0
208 21 1 1 3 0 0 9 0 0
210 39 1 1 15 0 0 12 0 0
211 9 0 0 0 0 0 0 0 0
213 9 0 0 3 0 0 0 0 0
220 48 0 0 0 0 0 0 0 0
222 81 1 1 6 0 0 6 0 0
223 51 1 1 27 21 21 0 0 0
227 48 0 0 24 0 0 0 0 0
231 72 0 0 0 0 0 24 0 0
232 48 1 1 0 0 0 0 0 0
240 14 1 1 0 0 0 0 0 0
242 8 0 0 4 1 1 0 0 0
245 8 0 0 0 0 0 0 0 0
247 24 0 0 0 0 0 4 0 0
249 4 0 0 0 0 0 0 0 0
259 6 0 0 0 0 0 0 0 0
269 6 1 1 3 0 0 0 0 0
270 9 0 0 6 0 0 0 0 0
277 6 0 0 3 0 0 0 0 0
286 6 0 0 0 0 0 0 0 0
295 6 0 0 3 0 0 0 0 0
298 6 0 0 3 0 0 0 0 0
300 9 0 0 3 0 0 0 0 0
301 6 1 1 3 0 0 0 0 0
304 18 0 0 0 0 0 0 0 0
305 12 0 0 3 0 0 0 0 0
312 6 0 0 0 0 0 0 0 0
333 6 0 0 3 0 0 3 0 0
335 3 0 0 0 0 0 0 0 0
349 21 0 0 0 0 0 0 0 0
350 12 0 0 0 0 0 0 0 0
352 9 0 0 0 0 0 0 0 0
356 30 0 0 24 0 0 0 0 0
fl=/usr/src/debug/glibc-2.34-231.el9_7.10.x86_64/elf/dl-call-libc-early-init.c
fn=_dl_call_libc_early_init
27 4 1 1 0 0 0 2 0 0
29 2 0 0 0 0 0 0 0 0
33 7 0 0 0 0 0 1 0 0
37 2 0 0 0 0 0 0 0 0
39 4 1 1 3 0 0 0 0 0
40 2 0 0 0 0 0 0 0 0
41 3 0 0 2 0 0 0 0 0
fl=/usr/src/debug/glibc-2.34-231.el9_7.10.x86_64/elf/dl-catch.c
fn=_dl_catch_error
254 10 2 2 0 0 0 3 0 0
256 2 0 0 0 0 0 1 0 0
257 2 0 0 1 0 0 1 0 0
258 2 0 0 1 0 0 1 0 0
259 2 0 0 1 0 0 1 0 0
261 5 0 0 4 0 0 0 0 0
fn=_dl_catch_exception
58 24 1 1 8 0 0 0 0 0
59 16 1 1 8 1 1 8 0 0
69 16 0 0 8 0 0 0 0 0
70 40 0 0 8 0 0 16 0 0
204 48 1 1 0 0 0 32 4 4
207 16 0 0 0 0 0 0 0 0
228 16 0 0 8 0 0 8 0 0
229 16 0 0 0 0 0 8 0 0
235 56 0 0 0 0 0 8 0 0
237 24 1 1 16 0 0 8 0 0
239 32 0 0 8 0 0 16 0 0
248 32 0 0 16 0 0 0 0 0
fn=_dl_receive_error
58 2 0 0 1 0 0 0 0 0
59 1 1 1 1 0 0 0 0 0
69 2 0 0 1 0 0 0 0 0
70 2 0 0 0 0 0 2 0 0
186 6 1 1 0 0 0 2 0 0
188 1 0 0 1 0 0 0 0 0
192 1 0 0 0 0 0 1 0 0
194 1 0 0 0 0 0 1 0 0
197 1 0 0 0 0 0 1 0 0
198 4 0 0 3 0 0 0 0 0
fl=/usr/src/debug/glibc-2.34-231.el9_7.10.x86_64/elf/dl-debug.c
fn=_dl_debug_change_state
104 2 1 1 0 0 0 0 0 0
105 2 0 0 0 0 0 2 0 0
107 12 1 0 2 0 0 0 0 0
111 2 0 0 0 0 0 0 0 0
fn=_dl_debug_initialize
76 2 0 0 0 0 0 0 0 0
77 1 0 0 0 0 0 0 0 0
120 1 1 1 0 0 0 0 0 0
122 2 1 1 1 1 1 0 0 0
127 3 0 0 1 0 0 1 0 0
128 2 0 0 0 0 0 1 0 0
137 2 0 0 0 0 0 0 0 0
154 1 0 0 0 0 0 1 0 0
157 2 1 1 1 0 0 0 0 0
160 2 0 0 1 0 0 1 0 0
162 3 1 1 1 0 0 0 0 0
169 1 0 0 1 0 0 0 0 0
fn=_dl_debug_post_relocate
46 3 1 1 0 0 0 0 0 0
51 1 1 1 0 0 0 1 0 0
52 8 0 0 1 0 0 3 0 0
54 5 0 0 4 0 0 0 0 0
56 6 0 0 3 0 0 0 0 0
57 3 0 0 0 0 0 0 0 0
70 2 0 0 1 0 0 0 0 0
fn=_dl_debug_update
76 10 0 0 0 0 0 0 0 0
77 5 0 0 0 0 0 0 0 0
94 5 1 1 0 0 0 0 0 0
96 10 0 0 5 1 0 0 0 0
100 5 0 0 5 0 0 0 0 0
fl=/usr/src/debug/glibc-2.34-231.el9_7.10.x86_64/elf/dl-debug_state.c
fn=_dl_debug_state
28 2 2 1 0 0 0 0 0 0
29 2 0 0 2 0 0 0 0 0
fl=/usr/src/debug/glibc-2.34-231.el9_7.10.x86_64/elf/dl-deps.c
fn=_dl_map_object_deps
144 6 0 0 0 0 0 3 0 0
145 3 0 0 1 0 0 2 1 1
146 7 0 0 0 0 0 2 0 0
148 3 0 0 0 0 0 1 0 0
152 9 1 1 2 0 0 3 1 1
159 14 2 2 0 0 0 9 1 1
160 20 3 3 1 1 1 0 0 0
176 7 1 1 0 0 0 0 0 0
177 1 0 0 1 0 0 0 0 0
180 2 1 1 1 0 0 1 0 0
198 2 0 0 1 0 0 1 0 0
199 3 0 0 1 0 0 0 0 0
200 2 0 0 0 0 0 2 0 0
204 16 0 0 11 0 0 0 0 0
206 6 0 0 0 0 0 0 0 0
209 12 1 1 6 0 0 6 0 0
213 24 0 0 6 0 0 6 0 0
214 39 1 1 17 1 1 0 0 0
217 12 0 0 0 0 0 0 0 0
221 12 0 0 4 0 0 4 0 0
224 20 0 0 10 0 0 0 0 0
226 20 1 1 12 0 0 4 0 0
231 8 1 1 4 0 0 4 0 0
232 4 0 0 0 0 0 4 0 0
233 8 0 0 4 0 0 4 0 0
234 8 0 0 4 0 0 4 0 0
237 460 1 1 121 0 0 4 0 0
238 222 0 0 0 0 0 0 0 0
244 63 1 1 14 0 0 7 0 0
246 7 0 0 0 0 0 7 0 0
248 28 1 1 0 0 0 7 0 0
249 14 0 0 7 0 0 0 0 0
258 7 1 1 7 0 0 0 0 0
260 14 0 0 7 0 0 0 0 0
265 28 0 0 4 0 0 0 0 0
268 4 0 0 0 0 0 4 0 0
269 4 0 0 0 0 0 4 0 0
270 4 0 0 0 0 0 4 0 0
271 8 0 0 4 0 0 4 0 0
273 4 1 1 4 0 0 0 0 0
275 20 0 0 4 0 0 8 0 0
279 21 1 1 7 0 0 0 0 0
280 12 0 0 0 0 0 4 0 0
282 306 0 0 0 0 0 0 0 0
298 1 0 0 0 0 0 1 0 0
380 10 1 1 0 0 0 5 0 0
433 18 1 1 6 0 0 0 0 0
435 12 0 0 0 0 0 4 1 1
438 8 0 0 0 0 0 0 0 0
439 8 1 1 0 0 0 0 0 0
445 4 0 0 0 0 0 4 2 2
446 20 0 0 4 0 0 4 0 0
447 20 0 0 0 0 0 4 0 0
450 4 0 0 0 0 0 4 0 0
451 4 0 0 4 0 0 0 0 0
455 24 1 1 12 0 0 0 0 0
457 6 0 0 6 0 0 0 0 0
458 27 0 0 5 0 0 0 0 0
464 6 0 0 2 0 0 0 0 0
465 1 1 1 0 0 0 1 0 0
468 5 0 0 2 0 0 1 0 0
479 3 1 1 1 0 0 0 0 0
481 2 0 0 0 0 0 0 0 0
486 5 0 0 2 0 0 1 0 0
487 1 1 1 0 0 0 1 0 0
488 2 0 0 1 0 0 0 0 0
490 20 0 0 6 0 0 0 0 0
494 18 0 0 6 0 0 0 0 0
499 12 0 0 0 0 0 0 0 0
501 18 0 0 0 0 0 6 2 2
506 6 0 0 6 0 0 0 0 0
509 3 1 1 1 0 0 1 0 0
561 4 0 0 2 0 0 0 0 0
598 3 1 1 1 0 0 0 0 0
599 2 0 0 0 0 0 0 0 0
602 2 0 0 2 0 0 0 0 0
613 5 1 1 0 0 0 1 0 0
618 8 1 1 1 0 0 1 0 0
619 4 1 1 2 0 0 0 0 0
623 1 0 0 0 0 0 1 0 0
625 2 0 0 1 0 0 1 0 0
626 1 0 0 1 0 0 0 0 0
627 2 0 0 0 0 0 0 0 0
634 3 1 1 1 0 0 0 0 0
637 2 0 0 0 0 0 0 0 0
640 8 0 0 7 0 0 0 0 0
fn=openaux
61 21 1 1 0 0 0 7 0 0
64 77 0 0 28 0 0 14 0 0
65 7 0 0 7 0 0 0 0 0
68 7 0 0 7 0 0 0 0 0
69 14 0 0 14 0 0 0 0 0
fl=/usr/src/debug/glibc-2.34-231.el9_7.10.x86_64/elf/dl-environ.c
fn=_dl_next_ld_env_entry
28 2 1 1 0 0 0 0 0 0
29 2 0 0 2 0 0 0 0 0
32 217 0 0 72 0 0 0 0 0
34 142 1 1 71 0 0 0 0 0
35 14 0 0 7 0 0 0 0 0
37 1 0 0 0 0 0 0 0 0
40 2 0 0 0 0 0 1 0 0
42 1 0 0 1 0 0 0 0 0
45 70 0 0 0 0 0 0 0 0
49 1 0 0 1 0 0 0 0 0
fl=/usr/src/debug/glibc-2.34-231.el9_7.10.x86_64/elf/dl-find_object.c
fn=_dl_find_object_init
585 4 1 1 0 0 0 2 0 0
588 1 1 1 1 1 0 0 0 0
590 2 0 0 1 0 0 0 0 0
591 3 2 2 0 0 0 1 0 0
603 2 0 0 0 0 0 1 0 0
604 3 1 1 1 0 0 1 0 0
606 2 0 0 0 0 0 0 0 0
609 2 0 0 0 0 0 0 0 0
614 1 0 0 0 0 0 1 0 0
615 1 0 0 0 0 0 1 0 0
618 3 0 0 1 0 0 0 0 0
620 2 0 0 0 0 0 1 0 0
623 6 1 1 3 0 0 1 0 0
625 1 0 0 0 0 0 0 0 0
628 4 0 0 3 0 0 0 0 0
fn=_dlfo_process_initial
508 8 0 0 0 0 0 6 0 0
509 2 1 1 2 0 0 0 0 0
512 4 0 0 2 0 0 0 0 0
517 20 2 2 4 1 0 0 0 0
518 30 0 0 2 0 0 0 0 0
519 12 0 0 12 0 0 0 0 0
521 44 1 1 10 0 0 0 0 0
524 40 0 0 10 0 0 0 0 0
529 42 1 1 10 0 0 0 0 0
536 30 0 0 10 0 0 0 0 0
538 15 0 0 0 0 0 5 0 0
539 10 0 0 0 0 0 0 0 0
540 20 0 0 0 0 0 0 0 0
553 2 0 0 0 0 0 2 0 0
555 10 0 0 8 0 0 0 0 0
fn=_dlfo_sort_mappings
560 3 1 1 0 0 0 1 0 0
561 2 0 0 0 0 0 0 0 0
564 16 0 0 0 0 0 0 0 0
568 8 0 0 4 0 0 0 0 0
569 50 0 0 0 0 0 0 0 0
570 58 1 1 10 0 0 0 0 0
577 24 0 0 16 0 0 0 0 0
578 16 0 0 8 0 0 8 0 0
579 16 0 0 0 0 0 16 0 0
581 2 0 0 2 0 0 0 0 0
fl=/usr/src/debug/glibc-2.34-231.el9_7.10.x86_64/elf/dl-hwcaps.c
fn=_dl_important_hwcaps
52 16 0 0 0 0 0 4 0 0
54 2 0 0 0 0 0 0 0 0
55 8 0 0 2 0 0 0 0 0
100 6 1 1 0 0 0 4 0 0
102 2 0 0 0 0 0 0 0 0
105 3 0 0 2 0 0 1 0 0
108 1 0 0 0 0 0 0 0 0
112 4 1 1 0 0 0 1 0 0
125 12 1 1 0 0 0 3 0 0
127 12 0 0 5 0 0 3 0 0
128 4 0 0 2 0 0 2 0 0
129 4 0 0 0 0 0 2 0 0
130 2 0 0 0 0 0 0 0 0
133 2 0 0 1 0 0 0 0 0
142 15 1 1 6 0 0 2 0 0
143 3 0 0 0 0 0 0 0 0
151 2 0 0 2 0 0 0 0 0
155 7 1 1 2 0 0 1 0 0
156 2 0 0 0 0 0 0 0 0
157 4 0 0 0 0 0 0 0 0
161 1 0 0 1 0 0 0 0 0
162 2 0 0 1 0 0 1 0 0
163 3 0 0 0 0 0 3 0 0
172 14 2 2 0 0 0 10 1 1
173 7 0 0 1 0 0 2 0 0
175 2 0 0 1 0 0 1 0 0
176 4 1 1 1 0 0 1 0 0
184 2 0 0 0 0 0 2 0 0
185 3 0 0 0 0 0 0 0 0
195 3 1 1 1 0 0 1 0 0
196 6 0 0 2 0 0 1 0 0
200 19 1 1 3 0 0 0 0 0
201 6 0 0 0 0 0 0 0 0
202 4 0 0 0 0 0 0 0 0
205 1 0 0 0 0 0 0 0 0
208 22 3 3 2 0 0 4 0 0
209 2 1 1 0 0 0 1 0 0
210 7 1 1 1 0 0 0 0 0
211 4 0 0 2 0 0 2 1 1
213 1 0 0 0 0 0 1 0 0
214 2 0 0 0 0 0 2 0 0
215 6 0 0 0 0 0 0 0 0
216 2 0 0 1 0 0 0 0 0
218 3 0 0 1 0 0 0 0 0
220 2 0 0 0 0 0 1 0 0
221 2 0 0 1 0 0 1 0 0
222 3 0 0 1 0 0 0 0 0
225 5 1 1 1 0 0 1 0 0
226 1 0 0 0 0 0 1 0 0
229 2 0 0 1 0 0 0 0 0
233 2 0 0 0 0 0 0 0 0
234 3 0 0 2 0 0 0 0 0
237 4 0 0 1 0 0 2 0 0
238 2 0 0 0 0 0 0 0 0
240 4 1 1 1 0 0 0 0 0
241 4 0 0 0 0 0 0 0 0
242 4 0 0 1 0 0 0 0 0
243 2 0 0 0 0 0 0 0 0
250 4 0 0 1 0 0 0 0 0
254 11 1 1 3 0 0 3 1 1
261 3 1 1 1 0 0 0 0 0
262 2 0 0 0 0 0 0 0 0
269 1 0 0 0 0 0 1 0 0
270 4 0 0 1 0 0 1 0 0
271 6 1 1 2 0 0 1 0 0
272 5 0 0 2 0 0 1 0 0
275 2 0 0 1 0 0 1 0 0
276 1 0 0 1 0 0 0 0 0
283 2 0 0 0 0 0 0 0 0
294 2 0 0 1 0 0 1 0 0
307 3 1 1 1 0 0 2 0 0
310 2 0 0 0 0 0 0 0 0
317 2 0 0 2 0 0 0 0 0
320 2 0 0 0 0 0 0 0 0
323 15 1 1 7 0 0 5 0 0
326 12 0 0 2 0 0 1 0 0
327 19 1 1 1 0 0 1 0 0
328 5 1 1 2 0 0 2 0 0
331 12 0 0 4 0 0 4 0 0
333 5 0 0 1 0 0 0 0 0
338 32 1 1 2 0 0 0 0 0
339 8 0 0 0 0 0 8 1 1
343 18 1 1 3 0 0 0 0 0
346 60 0 0 0 0 0 0 0 0
347 72 1 1 0 0 0 0 0 0
348 48 0 0 24 0 0 12 0 0
350 9 0 0 0 0 0 0 0 0
353 3 0 0 1 0 0 0 0 0
354 3 0 0 1 0 0 0 0 0
355 14 1 1 2 0 0 1 0 0
357 6 0 0 0 0 0 0 0 0
358 2 0 0 2 0 0 0 0 0
360 1 0 0 1 0 0 0 0 0
361 7 1 1 0 0 0 2 0 0
368 22 0 0 6 0 0 5 0 0
369 4 0 0 0 0 0 0 0 0
371 8 0 0 0 0 0 0 0 0
374 5 0 0 3 0 0 0 0 0
380 9 0 0 8 0 0 0 0 0
fn=copy_hwcaps
74 10 1 1 0 0 0 6 0 0
77 16 0 0 0 0 0 4 0 0
79 6 0 0 4 0 0 2 1 1
80 16 1 1 4 0 0 8 1 1
84 2 0 0 0 0 0 2 0 0
85 2 0 0 2 0 0 0 0 0
86 6 0 0 2 0 0 2 0 0
87 4 0 0 0 0 0 2 0 0
88 4 0 0 0 0 0 2 0 0
90 10 0 0 8 0 0 0 0 0
fl=/usr/src/debug/glibc-2.34-231.el9_7.10.x86_64/elf/dl-hwcaps_split.c
fn=_dl_hwcaps_contains
66 6 1 1 0 0 0 0 0 0
67 12 0 0 0 0 0 0 0 0
68 6 1 1 0 0 0 0 0 0
77 6 0 0 6 0 0 0 0 0
fn=_dl_hwcaps_split
25 60 0 0 0 0 0 30 0 0
26 45 1 1 15 0 0 0 0 0
27 6 0 0 0 0 0 0 0 0
30 36 0 0 12 0 0 12 0 0
34 72 0 0 18 1 1 0 0 0
35 12 0 0 0 0 0 6 0 0
36 24 0 0 0 0 0 0 0 0
41 27 0 0 0 0 0 9 0 0
42 18 0 0 0 0 0 0 0 0
43 9 0 0 0 0 0 6 0 0
45 12 0 0 0 0 0 6 0 0
46 9 0 0 0 0 0 0 0 0
47 60 1 1 45 0 0 0 0 0
fn=_dl_hwcaps_split_masked
51 44 1 1 0 0 0 11 0 0
54 56 0 0 0 0 0 14 1 1
56 9 0 0 9 0 0 0 0 0
57 27 0 0 0 0 0 9 0 0
58 54 0 0 18 0 0 6 0 0
62 22 0 0 22 0 0 0 0 0
fl=/usr/src/debug/glibc-2.34-231.el9_7.10.x86_64/elf/dl-init.c
fn=_dl_init
77 12 2 2 0 0 0 6 0 0
78 1 0 0 1 1 0 0 0 0
79 1 0 0 1 0 0 0 0 0
82 3 0 0 1 0 0 0 0 0
84 1 1 1 0 0 0 1 0 0
85 2 0 0 0 0 0 1 0 0
90 2 0 0 0 0 0 0 0 0
115 1 0 0 1 0 0 0 0 0
116 23 1 1 0 0 0 0 0 0
117 36 0 0 12 0 0 6 0 0
123 8 1 1 7 0 0 0 0 0
fn=call_init
27 63 1 1 0 0 0 35 0 0
31 28 0 0 14 0 0 0 0 0
33 21 0 0 7 0 0 0 0 0
39 12 1 1 0 0 0 6 0 0
42 18 0 0 12 7 0 0 0 0
43 2 0 0 0 0 0 0 0 0
47 10 0 0 5 0 0 0 0 0
55 15 0 0 5 3 0 0 0 0
56 18 0 0 6 3 0 3 0 0
59 5 0 0 5 2 0 0 0 0
60 10 1 1 0 0 0 0 0 0
66 12 0 0 8 3 0 0 0 0
68 8 0 0 8 0 0 0 0 0
69 48 1 1 0 0 0 0 0 0
70 28 0 0 7 2 0 7 0 0
72 42 0 0 42 0 0 0 0 0
fl=/usr/src/debug/glibc-2.34-231.el9_7.10.x86_64/elf/dl-load.c
fn=_dl_dst_count
237 48 1 1 0 0 0 40 1 1
240 16 0 0 0 0 0 8 1 1
243 16 0 0 0 0 0 0 0 0
244 8 0 0 0 0 0 0 0 0
263 56 1 1 48 0 0 0 0 0
fn=_dl_init_paths
705 13 1 1 0 0 0 7 0 0
719 4 1 1 0 0 0 2 0 0
724 1 0 0 0 0 0 1 0 0
726 2 0 0 0 0 0 0 0 0
733 5 0 0 0 0 0 0 0 0
734 2 0 0 1 0 0 0 0 0
738 4 1 1 0 0 0 1 0 0
740 4 0 0 2 0 0 0 0 0
746 1 0 0 0 0 0 1 0 0
747 1 1 1 0 0 0 1 0 0
755 3 0 0 0 0 0 2 0 0
757 3 0 0 0 0 0 2 1 1
758 2 0 0 0 0 0 2 0 0
760 4 0 0 0 0 0 2 0 0
761 2 0 0 0 0 0 2 0 0
766 3 0 0 1 0 0 0 0 0
767 9 2 2 1 0 0 3 0 0
769 4 0 0 0 0 0 2 0 0
775 1 0 0 0 0 0 1 1 1
776 1 0 0 0 0 0 1 0 0
781 1 0 0 1 0 0 0 0 0
784 3 0 0 0 0 0 0 0 0
786 4 1 1 1 0 0 0 0 0
788 3 0 0 1 0 0 0 0 0
805 1 0 0 0 0 0 1 0 0
807 3 1 1 1 0 0 0 0 0
821 2 1 1 0 0 0 1 0 0
824 2 1 1 0 0 0 0 0 0
855 1 0 0 0 0 0 1 0 0
856 8 0 0 7 0 0 0 0 0
fn=_dl_map_object
1999 80 1 1 0 0 0 64 4 4
2001 4 0 0 0 0 0 4 2 2
2007 16 0 0 0 0 0 0 0 0
2008 32 1 1 8 1 1 0 0 0
2011 158 0 0 34 0 0 8 0 0
2016 210 1 1 60 0 0 0 0 0
2018 150 0 0 0 0 0 30 0 0
2022 52 0 0 26 0 0 0 0 0
2023 78 1 1 26 0 0 0 0 0
2026 65 0 0 39 0 0 0 0 0
2027 39 0 0 13 0 0 0 0 0
2028 65 0 0 0 0 0 13 0 0
2042 28 1 1 8 0 0 4 0 0
2043 12 0 0 0 0 0 4 0 0
2051 12 0 0 4 0 0 0 0 0
2066 4 0 0 0 0 0 4 0 0
2068 20 1 1 0 0 0 4 0 0
2072 12 1 1 0 0 0 6 0 0
2074 6 0 0 3 0 0 0 0 0
2081 12 0 0 3 0 0 0 0 0
2085 6 1 1 3 0 0 3 0 0
2086 3 0 0 0 0 0 3 0 0
2090 9 0 0 3 0 0 0 0 0
2091 24 1 1 0 0 0 3 0 0
2093 15 0 0 0 0 0 6 0 0
2105 9 1 1 6 0 0 0 0 0
2106 24 1 1 9 0 0 3 0 0
2107 30 0 0 0 0 0 6 0 0
2116 9 1 1 3 0 0 0 0 0
2123 9 1 1 0 0 0 0 0 0
2124 24 1 1 0 0 0 3 0 0
2132 3 1 1 0 0 0 3 1 1
2146 6 0 0 0 0 0 0 0 0
2148 9 0 0 3 0 0 0 0 0
2152 9 0 0 0 0 0 3 0 0
2154 6 0 0 0 0 0 0 0 0
2158 6 0 0 0 0 0 0 0 0
2166 9 1 1 3 0 0 0 0 0
2189 24 0 0 0 0 0 6 0 0
2193 9 0 0 3 0 0 0 0 0
2194 6 1 1 0 0 0 3 0 0
2211 6 0 0 3 0 0 0 0 0
2217 1 0 0 0 0 0 1 1 1
2218 4 0 0 0 0 0 1 0 0
2219 2 0 0 0 0 0 0 0 0
2220 3 0 0 0 0 0 0 0 0
2224 7 1 1 0 0 0 1 0 0
2227 2 0 0 0 0 0 0 0 0
2239 16 0 0 4 0 0 0 0 0
2241 12 0 0 0 0 0 0 0 0
2285 8 0 0 4 0 0 4 0 0
2286 60 1 1 12 0 0 20 0 0
2288 76 1 1 60 0 0 0 0 0
fn=_dl_map_object_from_fd
973 56 1 1 0 0 0 40 2 2
988 16 1 1 4 0 0 4 0 0
1018 70 0 0 22 0 0 0 0 0
1019 28 0 0 14 0 0 0 0 0
1037 8 1 1 4 0 0 0 0 0
1063 16 0 0 4 0 0 4 0 0
1073 8 0 0 4 0 0 0 0 0
1080 32 1 1 20 0 0 4 0 0
1081 8 0 0 0 0 0 0 0 0
1092 8 0 0 4 0 0 4 4 4
1093 16 1 1 8 0 0 8 0 0
1094 8 0 0 4 0 0 4 0 0
1096 12 0 0 0 0 0 0 0 0
1097 16 0 0 8 0 0 0 0 0
1098 6 0 0 0 0 0 3 0 0
1101 17 2 2 1 0 0 1 0 0
1102 6 0 0 1 0 0 1 1 1
1113 4 0 0 0 0 0 4 0 0
1115 4 0 0 0 0 0 4 0 0
1117 84 2 2 8 0 0 8 0 0
1118 4 0 0 0 0 0 0 0 0
1119 4 0 0 0 0 0 4 0 0
1120 4 0 0 0 0 0 4 0 0
1126 176 1 1 4 0 0 0 0 0
1127 408 2 2 48 4 4 0 0 0
1133 8 0 0 4 0 0 0 0 0
1140 10 0 0 6 0 0 4 0 0
1141 12 0 0 4 0 0 4 0 0
1142 40 1 1 8 0 0 4 0 0
1147 2 0 0 1 0 0 1 0 0
1148 1 0 0 0 0 0 0 0 0
1153 56 1 1 20 0 0 0 0 0
1158 112 0 0 32 0 0 0 0 0
1166 32 0 0 0 0 0 0 0 0
1167 52 0 0 0 0 0 16 4 4
1168 112 0 0 16 0 0 16 0 0
1169 16 0 0 0 0 0 16 2 2
1170 32 1 1 16 0 0 16 0 0
1171 48 0 0 0 0 0 16 2 2
1175 32 0 0 0 0 0 0 0 0
1176 60 0 0 24 0 0 12 0 0
1180 32 0 0 0 0 0 0 0 0
1181 136 1 1 16 0 0 20 0 0
1191 16 0 0 0 0 0 0 0 0
1194 6 1 1 2 0 0 0 0 0
1198 2 0 0 0 0 0 2 2 2
1199 4 0 0 2 0 0 2 0 0
1203 10 0 0 0 0 0 2 0 0
1204 4 0 0 2 0 0 2 0 0
1207 2 1 1 0 0 0 2 2 2
1212 8 0 0 2 0 0 0 0 0
1213 8 1 1 4 0 0 4 0 0
1219 16 0 0 4 0 0 4 0 0
1227 8 1 1 4 0 0 4 0 0
1228 4 0 0 0 0 0 0 0 0
1231 8 1 1 4 0 0 4 2 2
1232 8 0 0 4 0 0 4 0 0
1236 12 0 0 4 0 0 0 0 0
1249 8 0 0 0 0 0 0 0 0
1259 16 1 1 8 0 0 0 0 0
1266 36 1 1 16 0 0 4 0 0
1282 16 2 2 8 0 0 0 0 0
1283 12 0 0 4 0 0 4 0 0
1289 8 0 0 0 0 0 0 0 0
1290 8 1 1 0 0 0 0 0 0
1292 20 0 0 4 0 0 0 0 0
1302 12 1 1 4 0 0 0 0 0
1321 8 0 0 4 0 0 4 0 0
1323 20 0 0 8 0 0 0 0 0
1375 12 1 1 4 2 2 0 0 0
1376 4 0 0 2 0 0 2 0 0
1382 124 0 0 56 0 0 0 0 0
1383 224 1 1 48 40 40 0 0 0
1389 64 0 0 4 0 0 4 0 0
1394 16 1 1 4 0 0 4 0 0
1407 8 0 0 4 0 0 0 0 0
1409 16 0 0 8 0 0 4 0 0
1411 8 0 0 4 0 0 0 0 0
1427 8 1 1 0 0 0 4 0 0
1431 8 0 0 4 0 0 0 0 0
1432 8 0 0 4 0 0 0 0 0
1449 8 1 1 4 0 0 0 0 0
1450 2 0 0 0 0 0 1 0 0
1453 8 0 0 4 0 0 4 0 0
1458 8 1 1 4 0 0 0 0 0
1468 8 0 0 4 0 0 0 0 0
1475 28 1 1 12 0 0 0 0 0
1476 12 1 1 4 0 0 0 0 0
1477 27 1 1 9 0 0 3 0 0
1478 9 0 0 3 0 0 0 0 0
1479 6 1 1 2 0 0 1 0 0
1485 8 0 0 4 0 0 0 0 0
1486 8 0 0 2 0 0 0 0 0
1491 4 0 0 0 0 0 2 0 0
1498 12 0 0 4 0 0 4 0 0
1501 8 1 1 4 0 0 0 0 0
1504 16 0 0 8 0 0 4 0 0
1506 4 0 0 0 0 0 0 0 0
1507 36 0 0 28 0 0 0 0 0
fn=_dl_notify_new_object
933 32 2 2 0 0 0 16 0 0
935 12 0 0 0 0 0 4 0 0
936 12 0 0 4 0 0 0 0 0
953 8 1 1 0 0 0 0 0 0
957 28 0 0 12 0 0 0 0 0
958 12 0 0 0 0 0 0 0 0
960 20 1 1 16 0 0 0 0 0
fn=_dl_process_pt_gnu_property
867 10 1 1 0 0 0 0 0 0
868 10 0 0 10 0 0 0 0 0
869 5 0 0 5 0 0 0 0 0
875 10 0 0 5 0 0 0 0 0
881 25 0 0 0 0 0 0 0 0
884 15 1 1 5 4 4 0 0 0
885 10 0 0 5 1 1 0 0 0
886 10 0 0 5 0 0 0 0 0
929 5 0 0 5 0 0 0 0 0
fn=cache_rpath
680 18 0 0 0 0 0 0 0 0
681 27 1 1 9 0 0 0 0 0
682 9 1 1 0 0 0 0 0 0
698 18 0 0 9 0 0 0 0 0
fn=expand_dynamic_string_token
384 7 1 1 0 0 0 4 0 0
394 2 0 0 0 0 0 1 0 0
397 2 0 0 0 0 0 0 0 0
398 2 0 0 0 0 0 0 0 0
409 5 1 1 4 0 0 0 0 0
fn=open_verify.constprop.0
1560 48 1 1 0 0 0 28 0 0
1599 12 0 0 4 0 0 0 0 0
1618 20 0 0 0 0 0 4 0 0
1620 8 1 1 0 0 0 0 0 0
1625 4 0 0 0 0 0 0 0 0
1631 4 0 0 0 0 0 4 0 0
1632 4 0 0 0 0 0 4 0 0
1637 40 1 1 4 0 0 8 0 0
1639 8 0 0 0 0 0 0 0 0
1641 8 0 0 4 0 0 4 0 0
1643 8 0 0 0 0 0 0 0 0
1649 8 0 0 0 0 0 0 0 0
1666 62 3 3 22 0 0 0 0 0
1725 8 1 1 4 0 0 0 0 0
1730 8 0 0 4 0 0 0 0 0
1732 16 0 0 4 0 0 0 0 0
1738 8 0 0 4 2 2 0 0 0
1744 20 1 1 4 0 0 0 0 0
1745 16 0 0 4 0 0 0 0 0
1746 6 0 0 3 0 0 0 0 0
1749 16 3 3 1 0 0 0 0 0
1750 9 0 0 1 0 0 2 0 0
1766 243 0 0 1 0 0 0 0 0
1767 102 1 1 47 16 16 0 0 0
1768 32 0 0 8 0 0 0 0 0
1772 32 0 0 16 0 0 0 0 0
1773 30 2 2 12 0 0 0 0 0
1778 4 0 0 0 0 0 0 0 0
1779 32 1 1 2 0 0 0 0 0
1789 24 1 1 4 0 0 6 1 1
1797 84 2 2 20 4 4 4 0 0
1799 8 0 0 0 0 0 0 0 0
1800 72 2 2 24 0 0 0 0 0
1803 24 0 0 0 0 0 0 0 0
1808 2 0 0 0 0 0 0 0 0
1809 4 0 0 0 0 0 0 0 0
1812 4 0 0 0 0 0 0 0 0
1815 6 0 0 2 0 0 0 0 0
1816 10 0 0 2 0 0 0 0 0
1817 4 0 0 2 0 0 0 0 0
1818 6 0 0 2 0 0 0 0 0
1819 6 0 0 2 0 0 0 0 0
1833 36 0 0 28 0 0 0 0 0
fl=/usr/src/debug/glibc-2.34-231.el9_7.10.x86_64/elf/dl-lookup-direct.c
fn=_dl_lookup_direct
74 36 1 1 0 0 0 18 0 0
75 3 0 0 3 0 0 0 0 0
76 6 0 0 0 0 0 0 0 0
78 21 1 1 9 0 0 0 0 0
79 6 0 0 0 0 0 0 0 0
81 12 0 0 3 0 0 3 0 0
84 25 0 0 5 2 1 0 0 0
86 9 0 0 3 0 0 0 0 0
87 21 1 1 0 0 0 6 0 0
90 9 0 0 3 0 0 0 0 0
93 6 0 0 0 0 0 0 0 0
115 3 0 0 0 0 0 0 0 0
116 27 0 0 21 0 0 0 0 0
fn=check_match
31 27 1 1 0 0 0 15 0 0
32 12 1 1 9 0 0 0 0 0
33 9 0 0 0 0 0 0 0 0
35 6 0 0 3 3 3 0 0 0
36 6 0 0 3 0 0 0 0 0
40 9 0 0 0 0 0 0 0 0
48 9 0 0 3 0 0 3 0 0
51 6 1 1 6 0 0 0 0 0
53 15 0 0 3 0 0 3 0 0
57 6 0 0 6 2 1 0 0 0
58 18 0 0 6 0 0 0 0 0
59 9 1 1 3 0 0 3 0 0
64 21 0 0 18 0 0 0 0 0
fl=/usr/src/debug/glibc-2.34-231.el9_7.10.x86_64/elf/dl-lookup.c
fn=_dl_lookup_symbol_x
602 506 0 0 0 0 0 0 0 0
603 14452 0 0 3613 158 158 0 0 0
604 13440 0 0 0 0 0 0 0 0
605 253 2 1 0 0 0 0 0 0
862 3542 3 2 0 0 0 2530 7 3
864 506 0 0 0 0 0 253 0 0
865 506 0 0 0 0 0 506 1 0
868 253 0 0 253 1 0 0 0 0
872 984 0 0 492 0 0 0 0 0
874 1518 0 0 506 0 0 253 0 0
875 506 2 1 253 0 0 0 0 0
877 506 0 0 506 4 0 0 0 0
881 561 0 0 11 0 0 0 0 0
882 4301 3 2 1518 0 0 1771 3 0
887 759 0 0 253 0 0 0 0 0
889 66 1 1 11 0 0 0 0 0
906 253 0 0 0 0 0 253 0 0
907 33 1 1 0 0 0 0 0 0
910 506 0 0 253 0 0 0 0 0
911 1674 0 0 237 0 0 0 0 0
918 242 0 0 242 0 0 0 0 0
951 968 1 1 242 0 0 0 0 0
965 726 0 0 242 7 0 0 0 0
966 2 1 1 0 0 0 1 0 0
968 726 0 0 242 0 0 0 0 0
975 2277 1 1 1771 0 0 0 0 0
1030 484 0 0 242 0 0 0 0 0
fn=check_match
69 3289 3 2 506 0 0 1265 1 1
72 1771 0 0 506 127 112 0 0 0
85 1265 0 0 0 0 0 0 0 0
88 1340 1 0 278 0 0 139 0 0
92 253 1 1 253 2 0 0 0 0
93 506 0 0 0 0 0 0 0 0
95 500 0 0 0 0 0 0 0 0
114 500 0 0 500 53 28 0 0 0
115 2000 1 1 750 11 0 0 0 0
116 1195 0 0 478 3 0 239 0 0
121 33 1 1 11 0 0 0 0 0
122 33 1 1 22 0 0 0 0 0
123 22 0 0 0 0 0 0 0 0
129 253 0 0 0 0 0 0 0 0
153 6 0 0 0 0 0 0 0 0
155 18 0 0 6 0 0 0 0 0
156 12 0 0 0 0 0 0 0 0
171 1518 0 0 1518 0 0 0 0 0
fn=do_lookup_x
180 40 1 1 24 0 0 0 0 0
372 3289 2 2 506 0 0 2530 6 2
373 253 0 0 253 0 0 0 0 0
379 506 0 0 253 0 0 0 0 0
383 2470 2 1 2470 5 0 0 0 0
386 2470 0 0 1235 0 0 0 0 0
390 4950 0 0 5 0 0 1235 2 0
411 2468 0 0 1234 4 0 0 0 0
415 2468 1 1 1234 0 0 0 0 0
421 3702 0 0 1234 4 0 0 0 0
425 1234 0 0 0 0 0 1234 0 0
426 1234 0 0 0 0 0 1234 0 0
429 6170 1 1 3702 12 0 0 0 0
430 3702 0 0 2468 2 0 1234 0 0
433 1234 0 0 1234 0 0 0 0 0
434 2468 1 1 0 0 0 0 0 0
436 1234 0 0 1234 81 56 0 0 0
437 1771 0 0 0 0 0 759 0 0
438 2468 0 0 2468 0 0 0 0 0
441 6170 0 0 2468 0 0 0 0 0
444 8638 0 0 0 0 0 0 0 0
447 520 0 0 520 128 105 0 0 0
448 1040 2 1 0 0 0 0 0 0
449 520 0 0 0 0 0 0 0 0
451 2250 2 1 500 0 0 750 0 0
454 2575 0 0 515 163 144 0 0 0
456 759 1 1 253 0 0 0 0 0
457 3542 1 1 1265 0 0 1518 3 1
458 506 0 0 0 0 0 0 0 0
461 759 0 0 0 0 0 0 0 0
464 841 0 0 11 0 0 0 0 0
478 1452 2 2 726 0 0 0 0 0
495 16 1 1 8 0 0 0 0 0
503 484 1 1 242 0 0 0 0 0
554 484 0 0 0 0 0 0 0 0
557 1820 0 0 242 0 0 0 0 0
561 87 1 1 29 1 0 0 0 0
573 484 0 0 242 0 0 242 0 0
574 242 0 0 0 0 0 242 0 0
575 484 0 0 0 0 0 0 0 0
592 2979 0 0 0 0 0 0 0 0
595 11 0 0 0 0 0 0 0 0
596 2024 0 0 1771 0 0 0 0 0
fl=/usr/src/debug/glibc-2.34-231.el9_7.10.x86_64/elf/dl-minimal.c
fn=__rtld_malloc_init_real
89 8 1 1 0 0 0 5 0 0
99 2 1 1 0 0 0 1 0 0
100 2 0 0 0 0 0 1 0 0
102 1 0 0 0 0 0 1 0 0
104 6 0 0 0 0 0 1 0 0
105 5 0 0 0 0 0 1 0 0
106 5 1 1 0 0 0 1 0 0
107 4 0 0 0 0 0 1 0 0
112 1 0 0 0 0 0 1 0 0
113 1 0 0 0 0 0 1 0 0
114 1 0 0 0 0 0 1 0 0
115 1 0 0 0 0 0 1 0 0
116 7 1 1 6 0 0 0 0 0
fn=__rtld_malloc_init_stubs
55 1 1 1 0 0 0 0 0 0
56 2 1 1 0 0 0 1 1 1
57 2 0 0 0 0 0 1 1 1
58 2 0 0 0 0 0 1 0 0
59 2 0 0 0 0 0 1 0 0
60 1 0 0 1 0 0 0 0 0
fn=lookup_malloc_symbol
74 28 1 1 0 0 0 12 0 0
76 4 0 0 0 0 0 4 0 0
77 28 0 0 4 0 0 12 0 0
81 28 1 1 16 0 0 0 0 0
82 28 0 0 12 0 0 0 0 0
84 4 0 0 0 0 0 4 0 0
85 20 1 1 16 0 0 0 0 0
fn=rtld_calloc
171 60 1 1 0 0 0 0 0 0
175 12 0 0 0 0 0 0 0 0
178 12 0 0 0 0 0 0 0 0
179 36 0 0 0 0 0 0 0 0
fn=rtld_free
188 4 1 1 0 0 0 0 0 0
190 16 0 0 8 0 0 0 0 0
fn=rtld_malloc
128 155 1 1 0 0 0 62 2 2
129 93 0 0 31 1 1 0 0 0
134 3 0 0 0 0 0 1 0 0
135 2 1 1 1 0 0 0 0 0
136 2 0 0 0 0 0 0 0 0
140 124 1 1 31 0 0 31 0 0
143 209 0 0 0 0 0 0 0 0
148 8 1 1 2 0 0 0 0 0
149 8 0 0 0 0 0 0 0 0
151 2 0 0 0 0 0 0 0 0
152 16 0 0 0 0 0 2 0 0
154 4 0 0 0 0 0 0 0 0
156 4 0 0 2 0 0 0 0 0
158 6 0 0 0 0 0 2 0 0
161 31 0 0 0 0 0 31 0 0
162 33 0 0 0 0 0 31 0 0
164 124 0 0 93 0 0 0 0 0
fl=/usr/src/debug/glibc-2.34-231.el9_7.10.x86_64/elf/dl-misc.c
fn=_dl_name_match_p
68 384 1 1 0 0 0 128 0 0
69 256 0 0 64 0 0 64 2 2
70 11 0 0 0 0 0 0 0 0
72 64 0 0 64 0 0 0 0 0
74 254 0 0 0 0 0 0 0 0
75 370 1 1 74 0 0 74 0 0
80 63 0 0 63 0 0 0 0 0
82 53 0 0 0 0 0 0 0 0
83 256 0 0 192 0 0 0 0 0
fn=_dl_sysdep_read_whole_file
36 9 2 2 0 0 0 4 0 0
39 3 0 0 0 0 0 1 1 1
40 2 0 0 0 0 0 0 0 0
42 6 0 0 0 0 0 1 0 0
44 2 1 1 1 1 1 1 0 0
47 2 0 0 0 0 0 0 0 0
49 8 0 0 0 0 0 1 0 0
60 3 0 0 0 0 0 1 0 0
63 7 0 0 5 0 0 0 0 0
fl=/usr/src/debug/glibc-2.34-231.el9_7.10.x86_64/elf/dl-object.c
fn=_dl_add_to_namespace_list
31 30 2 2 0 0 0 15 0 0
33 15 0 0 5 0 0 5 0 0
35 39 0 0 5 0 0 0 0 0
38 56 0 0 14 0 0 0 0 0
40 4 0 0 0 0 0 4 0 0
42 4 0 0 0 0 0 4 0 0
45 2 0 0 0 0 0 1 0 0
46 15 1 1 5 0 0 0 0 0
47 10 0 0 5 0 0 5 0 0
48 10 0 0 0 0 0 5 0 0
50 10 0 0 5 0 0 0 0 0
51 15 0 0 15 0 0 0 0 0
fn=_dl_new_object
59 70 1 1 0 0 0 40 3 3
62 10 1 1 0 0 0 0 0 0
64 2 1 1 0 0 0 0 0 0
66 3 1 1 1 0 0 0 0 0
67 2 0 0 0 0 0 0 0 0
71 2 1 1 0 0 0 0 0 0
77 5 0 0 0 0 0 1 0 0
80 8 0 0 4 0 0 4 2 2
83 16 0 0 0 0 0 4 0 0
87 8 0 0 0 0 0 0 0 0
92 9 0 0 0 0 0 5 0 0
95 10 0 0 0 0 0 0 0 0
98 5 0 0 0 0 0 5 5 5
99 5 0 0 0 0 0 5 5 5
100 10 0 0 5 0 0 0 0 0
103 10 0 0 0 0 0 5 0 0
104 35 1 1 10 0 0 15 1 1
106 5 0 0 0 0 0 5 0 0
119 18 0 0 9 0 0 0 0 0
125 1 0 0 0 0 0 0 0 0
127 35 1 1 10 5 5 10 0 0
130 10 0 0 5 0 0 0 0 0
131 14 1 1 0 0 0 5 5 5
132 5 0 0 0 0 0 5 0 0
136 5 0 0 0 0 0 5 0 0
139 88 1 1 6 0 0 0 0 0
141 16 0 0 0 0 0 16 4 4
149 10 0 0 0 0 0 5 0 0
150 5 0 0 0 0 0 5 5 5
153 1 1 1 0 0 0 0 0 0
155 30 1 1 5 1 1 0 0 0
157 16 0 0 0 0 0 4 4 4
160 12 0 0 0 0 0 0 0 0
164 16 0 0 4 0 0 0 0 0
168 24 0 0 4 0 0 0 0 0
176 2 1 1 0 0 0 1 0 0
179 10 0 0 0 0 0 5 1 1
189 15 0 0 5 0 0 0 0 0
191 20 0 0 0 0 0 12 0 0
195 12 0 0 0 0 0 0 0 0
200 16 0 0 0 0 0 0 0 0
208 4 0 0 0 0 0 0 0 0
212 4 1 1 0 0 0 0 0 0
245 16 1 1 4 0 0 4 0 0
250 134 0 0 0 0 0 0 0 0
251 134 0 0 67 0 0 0 0 0
253 8 0 0 0 0 0 0 0 0
256 4 0 0 0 0 0 4 0 0
259 4 0 0 0 0 0 4 0 0
263 45 0 0 35 0 0 0 0 0
fl=/usr/src/debug/glibc-2.34-231.el9_7.10.x86_64/elf/dl-reloc.c
fn=_dl_protect_relro
339 18 1 1 0 0 0 6 0 0
340 18 0 0 6 5 0 0 0 0
343 36 1 1 18 0 0 0 0 0
346 12 0 0 0 0 0 0 0 0
350 12 0 0 0 0 0 0 0 0
351 36 1 1 0 0 0 6 0 0
357 12 0 0 12 0 0 0 0 0
fn=_dl_relocate_object
330 17 2 2 0 0 0 5 0 0
331 16 0 0 9 0 0 0 0 0
333 5 0 0 0 0 0 5 0 0
334 10 0 0 0 0 0 0 0 0
335 5 0 0 5 0 0 0 0 0
fn=_dl_relocate_object_no_relro
194 72 1 1 0 0 0 48 0 0
204 12 0 0 0 0 0 0 0 0
205 18 1 1 0 0 0 6 0 0
207 12 0 0 0 0 0 6 0 0
210 18 0 0 0 0 0 0 0 0
212 6 0 0 6 0 0 0 0 0
213 18 0 0 6 0 0 0 0 0
233 30 2 2 12 0 0 0 0 0
234 12 0 0 6 5 0 0 0 0
235 8 0 0 0 0 0 0 0 0
237 12 2 2 0 0 0 0 0 0
244 24 0 0 6 3 0 6 0 0
283 332 8 8 162 20 0 35 0 0
285 36 0 0 12 0 0 0 0 0
302 114 1 1 0 0 0 0 0 0
308 6 1 1 6 0 0 0 0 0
311 12 0 0 6 0 0 0 0 0
325 48 0 0 42 2 0 0 0 0
fl=/usr/src/debug/glibc-2.34-231.el9_7.10.x86_64/elf/dl-runtime.c
fn=_dl_fixup
46 72 0 0 0 0 0 36 0 0
48 45 1 1 36 0 0 0 0 0
49 27 0 0 18 0 0 0 0 0
54 9 0 0 9 0 0 0 0 0
55 36 0 0 9 0 0 0 0 0
56 63 1 1 9 2 0 9 0 0
58 18 0 0 9 0 0 0 0 0
63 18 0 0 0 0 0 0 0 0
67 18 0 0 9 8 8 0 0 0
69 36 0 0 9 1 0 0 0 0
71 27 0 0 9 0 0 0 0 0
75 27 0 0 18 0 0 0 0 0
76 36 1 1 9 0 0 0 0 0
84 9 0 0 0 0 0 0 0 0
85 27 0 0 9 0 0 0 0 0
95 99 1 1 18 0 0 27 1 0
99 45 0 0 27 0 0 0 0 0
109 90 1 1 36 0 0 9 0 0
124 36 0 0 9 0 0 0 0 0
133 27 0 0 9 0 0 0 0 0
159 27 1 1 9 0 0 0 0 0
162 18 1 1 9 0 0 0 0 0
163 54 0 0 45 0 0 0 0 0
fl=/usr/src/debug/glibc-2.34-231.el9_7.10.x86_64/elf/dl-setup_hash.c
fn=_dl_setup_hash
25 12 1 1 0 0 0 0 0 0
28 18 1 1 6 0 0 0 0 0
31 18 0 0 12 0 0 0 0 0
32 12 0 0 6 5 5 6 1 1
33 6 0 0 6 0 0 0 0 0
34 6 0 0 6 2 2 0 0 0
36 18 0 0 0 0 0 0 0 0
37 6 0 0 0 0 0 6 0 0
38 18 0 0 6 0 0 6 0 0
40 6 1 1 0 0 0 6 0 0
41 12 0 0 0 0 0 0 0 0
43 6 0 0 0 0 0 6 0 0
45 18 0 0 0 0 0 6 0 0
50 6 0 0 6 0 0 0 0 0
fl=/usr/src/debug/glibc-2.34-231.el9_7.10.x86_64/elf/dl-sort-maps.c
fn=_dl_sort_maps
145 30 0 0 6 0 0 6 0 0
186 1 0 0 0 0 0 1 0 0
187 3 1 1 1 0 0 1 0 0
188 23 0 0 0 0 0 0 0 0
189 12 1 1 12 0 0 0 0 0
216 18 1 1 1 0 0 0 0 0
221 4 0 0 0 0 0 1 0 0
223 1 1 1 0 0 0 1 0 0
224 9 0 0 0 0 0 1 0 0
226 15 0 0 0 0 0 0 0 0
228 6 0 0 6 0 0 0 0 0
231 12 0 0 6 0 0 0 0 0
249 3 1 1 2 0 0 0 0 0
268 5 1 1 0 0 0 1 0 0
281 5 1 1 2 0 0 0 0 0
288 1 1 1 0 0 0 0 0 0
303 13 0 0 0 0 0 7 0 0
311 3 0 0 1 0 0 0 0 0
315 9 1 1 7 0 0 0 0 0
fn=_dl_sort_maps_init
294 2 1 1 0 0 0 0 0 0
295 4 0 0 0 0 0 1 0 0
296 1 0 0 0 0 0 1 0 0
297 3 1 1 1 0 0 0 0 0
298 2 0 0 1 0 0 0 0 0
fn=dfs_traversal.part.0
140 48 1 1 0 0 0 24 0 0
148 6 0 0 6 0 0 0 0 0
150 18 0 0 6 0 0 0 0 0
152 48 0 0 12 0 0 0 0 0
155 16 0 0 8 0 0 0 0 0
161 12 1 1 0 0 0 0 0 0
176 18 0 0 6 0 0 6 0 0
177 6 0 0 0 0 0 6 0 0
178 36 0 0 30 0 0 0 0 0
fl=/usr/src/debug/glibc-2.34-231.el9_7.10.x86_64/elf/dl-tunables.c
fn=__GI___tunable_set_val
165 5 0 0 0 0 0 0 0 0
166 20 0 0 0 0 0 0 0 0
168 5 0 0 0 0 0 0 0 0
fn=__GI___tunables_init
72 1141 0 0 72 0 0 0 0 0
75 142 0 0 0 0 0 0 0 0
78 6743 1 1 943 43 43 0 0 0
82 142 0 0 0 0 0 0 0 0
87 284 1 1 0 0 0 71 0 0
281 5 1 1 1 0 0 0 0 0
290 9 1 1 0 0 0 6 0 0
313 10508 0 0 0 0 0 0 0 0
319 18602 1 1 5254 73 73 0 0 0
331 284 1 1 71 0 0 0 0 0
365 8 0 0 7 0 0 0 0 0
fn=__tunable_get_val
446 35 2 1 0 0 0 0 0 0
449 344 0 0 35 18 0 0 0 0
458 46 0 0 35 0 0 11 0 0
468 24 0 0 0 0 0 24 0 0
469 24 0 0 0 0 0 0 0 0
475 105 1 1 35 0 0 0 0 0
477 35 0 0 35 0 0 0 0 0
fn=do_tunable_update_val
100 5 1 1 0 0 0 0 0 0
103 15 0 0 5 0 0 0 0 0
112 5 0 0 5 0 0 0 0 0
113 35 0 0 10 0 0 0 0 0
114 25 0 0 10 0 0 0 0 0
120 10 0 0 0 0 0 0 0 0
124 10 0 0 0 0 0 0 0 0
131 10 0 0 0 0 0 0 0 0
132 10 0 0 0 0 0 0 0 0
135 5 1 1 0 0 0 5 0 0
136 5 0 0 0 0 0 5 0 0
137 5 0 0 0 0 0 5 0 0
138 10 0 0 5 0 0 5 0 0
fl=/usr/src/debug/glibc-2.34-231.el9_7.10.x86_64/elf/dl-tunables.h
fn=__GI___tunables_init
168 1989 0 0 876 0 0 0 0 0
169 3314 0 0 0 0 0 0 0 0
fn=do_tunable_update_val
149 10 0 0 0 0 0 0 0 0
159 15 1 1 0 0 0 0 0 0
fl=/usr/src/debug/glibc-2.34-231.el9_7.10.x86_64/elf/dl-version.c
fn=_dl_check_all_versions
369 6 1 1 0 0 0 4 0 0
371 2 0 0 0 0 0 0 0 0
373 23 0 0 6 0 0 0 0 0
374 6 0 0 0 0 0 0 0 0
375 54 1 1 6 0 0 6 0 0
378 7 0 0 5 0 0 0 0 0
fn=_dl_check_map_versions
37 103 1 1 14 0 0 0 0 0
38 27 0 0 27 0 0 0 0 0
39 170 0 0 0 0 0 34 0 0
57 112 0 0 84 0 0 0 0 0
65 84 1 1 28 0 0 0 0 0
71 84 0 0 28 1 0 0 0 0
87 28 0 0 28 1 0 0 0 0
88 56 0 0 0 0 0 0 0 0
90 28 0 0 28 0 0 0 0 0
95 874 1 1 339 19 19 56 0 0
109 678 0 0 339 7 7 0 0 0
111 28 1 1 28 1 1 0 0 0
114 231 0 0 35 1 1 28 0 0
121 933 0 0 311 8 8 0 0 0
125 311 0 0 0 0 0 0 0 0
143 14 0 0 0 0 0 14 0 0
156 60 2 2 0 0 0 48 0 0
157 6 0 0 0 0 0 6 0 0
165 6 0 0 0 0 0 0 0 0
171 18 0 0 6 0 0 0 0 0
173 30 0 0 12 0 0 6 0 0
175 12 0 0 6 0 0 6 0 0
176 12 0 0 6 0 0 6 0 0
178 12 1 1 0 0 0 0 0 0
181 12 0 0 8 0 0 4 0 0
185 12 0 0 4 4 4 0 0 0
199 3 0 0 0 0 0 0 0 0
201 21 0 0 21 1 1 0 0 0
209 21 1 1 7 0 0 0 0 0
214 28 0 0 14 0 0 0 0 0
218 279 1 1 218 0 0 0 0 0
220 28 0 0 28 2 2 0 0 0
222 77 0 0 28 4 4 28 0 0
225 112 1 1 28 0 0 0 0 0
228 84 0 0 28 0 0 0 0 0
233 21 0 0 0 0 0 0 0 0
237 28 1 1 14 0 0 0 0 0
242 6 0 0 0 0 0 3 0 0
251 13 2 2 6 0 0 0 0 0
254 16 0 0 12 0 0 0 0 0
257 344 0 0 86 9 9 0 0 0
260 258 0 0 86 3 3 0 0 0
264 82 0 0 0 0 0 0 0 0
268 10 0 0 0 0 0 0 0 0
273 5 0 0 0 0 0 5 1 0
274 10 0 0 0 0 0 0 0 0
275 10 0 0 0 0 0 0 0 0
285 5 0 0 0 0 0 5 0 0
288 25 1 1 15 1 0 5 0 0
290 15 0 0 5 0 0 0 0 0
293 16 0 0 12 0 0 0 0 0
295 3 0 0 0 0 0 0 0 0
297 21 0 0 7 0 0 0 0 0
300 84 0 0 28 0 0 0 0 0
302 112 1 1 0 0 0 0 0 0
304 140 0 0 28 0 0 28 0 0
305 56 0 0 0 0 0 28 10 10
306 84 0 0 28 0 0 28 3 3
307 84 0 0 28 0 0 28 1 1
310 84 1 1 28 0 0 0 0 0
315 21 0 0 0 0 0 0 0 0
318 21 0 0 7 0 0 0 0 0
323 3 0 0 0 0 0 0 0 0
328 15 1 1 5 0 0 0 0 0
331 16 1 1 12 0 0 0 0 0
335 82 0 0 82 0 0 0 0 0
337 172 0 0 86 0 0 0 0 0
341 82 0 0 82 0 0 0 0 0
342 410 0 0 82 0 0 82 22 22
343 246 0 0 82 0 0 82 0 0
344 82 0 0 0 0 0 82 9 9
347 263 1 1 86 0 0 0 0 0
351 82 0 0 0 0 0 0 0 0
358 360 0 0 0 0 0 0 0 0
359 240 0 0 120 0 0 0 0 0
360 35 0 0 0 0 0 10 0 0
364 54 0 0 48 0 0 0 0 0
fl=/usr/src/debug/glibc-2.34-231.el9_7.10.x86_64/elf/do-rel.h
fn=_dl_relocate_object_no_relro
48 12 0 0 0 0 0 0 0 0
49 24 0 0 0 0 0 12 0 0
50 6 0 0 6 0 0 0 0 0
52 7 0 0 0 0 0 0 0 0
53 10 0 0 2 0 0 6 0 0
60 24 1 1 0 0 0 0 0 0
63 126 0 0 0 0 0 0 0 0
65 160 1 1 40 15 15 0 0 0
76 6 0 0 0 0 0 0 0 0
77 4 0 0 0 0 0 0 0 0
86 60 2 2 30 0 0 10 0 0
88 20 0 0 0 0 0 0 0 0
100 30 0 0 0 0 0 0 0 0
110 18 0 0 1 1 1 0 0 0
113 3746 0 0 0 0 0 0 0 0
114 2484 0 0 1242 159 157 0 0 0
120 30 0 0 10 7 0 0 0 0
124 36 1 1 18 2 0 9 1 0
126 951 0 0 320 0 0 0 0 0
128 1555 0 0 933 185 178 0 0 0
129 1244 1 1 311 0 0 311 0 0
130 933 0 0 622 0 0 311 0 0
131 1244 1 1 311 1 0 0 0 0
133 933 0 0 0 0 0 0 0 0
135 285 1 1 57 0 0 114 0 0
138 57 0 0 0 0 0 0 0 0
142 254 0 0 0 0 0 254 0 0
145 782 0 0 254 0 0 0 0 0
146 429 1 1 143 1 0 0 0 0
158 20 0 0 10 0 0 0 0 0
159 240 1 1 3 0 0 0 0 0
160 231 0 0 77 0 0 0 0 0
163 171 1 1 114 0 0 0 0 0
165 171 0 0 57 0 0 0 0 0
166 114 0 0 57 0 0 57 0 0
167 171 0 0 114 0 0 57 0 0
175 23 2 2 7 0 0 2 0 0
177 42 0 0 12 2 2 6 0 0
178 12 0 0 12 0 0 0 0 0
180 18 1 1 0 0 0 0 0 0
188 6 0 0 0 0 0 6 0 0
191 18 0 0 6 0 0 0 0 0
205 3 0 0 1 0 0 0 0 0
fn=_dl_start
48 1 0 0 0 0 0 0 0 0
86 5 1 1 2 0 0 0 0 0
88 3 0 0 1 0 0 0 0 0
113 429 1 1 0 0 0 0 0 0
114 284 0 0 142 19 19 0 0 0
118 2 0 0 1 0 0 0 0 0
126 5 0 0 0 0 0 0 0 0
128 3 1 1 1 0 0 0 0 0
129 2 0 0 0 0 0 0 0 0
130 2 0 0 1 0 0 0 0 0
fl=/usr/src/debug/glibc-2.34-231.el9_7.10.x86_64/elf/get-dynamic-info.h
fn=_dl_map_object_from_fd
39 8 0 0 0 0 0 0 0 0
43 4 0 0 0 0 0 0 0 0
45 424 0 0 107 29 29 0 0 0
49 206 0 0 0 0 0 0 0 0
54 112 0 0 0 0 0 0 0 0
55 77 0 0 0 0 0 0 0 0
56 20 1 1 0 0 0 0 0 0
58 4 1 1 0 0 0 0 0 0
59 20 0 0 0 0 0 0 0 0
61 4 0 0 0 0 0 0 0 0
62 20 0 0 0 0 0 0 0 0
64 16 0 0 0 0 0 0 0 0
68 103 0 0 0 0 0 103 27 27
72 16 1 1 4 0 0 0 0 0
82 14 0 0 6 0 0 0 0 0
83 16 0 0 8 0 0 0 0 0
84 16 0 0 8 0 0 0 0 0
85 16 0 0 8 0 0 0 0 0
87 16 1 1 8 0 0 0 0 0
92 16 0 0 8 0 0 0 0 0
93 15 0 0 7 1 1 0 0 0
94 16 0 0 8 0 0 0 0 0
97 12 1 1 4 0 0 0 0 0
102 8 0 0 4 0 0 0 0 0
109 8 0 0 4 0 0 0 0 0
110 12 0 0 8 0 0 0 0 0
132 12 0 0 4 0 0 0 0 0
137 6 0 0 3 0 0 3 0 0
139 6 0 0 0 0 0 0 0 0
141 6 0 0 0 0 0 0 0 0
143 6 0 0 0 0 0 0 0 0
144 6 0 0 0 0 0 3 0 0
147 12 1 1 4 0 0 0 0 0
149 12 0 0 4 0 0 4 0 0
150 8 1 1 0 0 0 0 0 0
159 8 0 0 4 0 0 0 0 0
160 12 1 1 0 0 0 0 0 0
165 8 0 0 0 0 0 0 0 0
166 9 0 0 3 0 0 3 0 0
169 8 0 0 4 0 0 0 0 0
fl=/usr/src/debug/glibc-2.34-231.el9_7.10.x86_64/elf/rtld.c
fn=_dl_start
82 8 1 1 0 0 0 2 1 1
484 3 0 0 0 0 0 1 0 0
485 1 1 1 0 0 0 1 0 0
486 2 0 0 0 0 0 1 1 1
487 2 0 0 0 0 0 1 0 0
488 2 0 0 0 0 0 1 0 0
497 1 0 0 0 0 0 1 0 0
503 4 1 0 0 0 0 1 0 0
505 2 0 0 1 0 0 0 0 0
523 10 1 1 0 0 0 6 1 1
549 1 0 0 0 0 0 1 1 1
552 1 0 0 0 0 0 1 1 1
553 1 0 0 1 1 1 0 0 0
564 2 0 0 0 0 0 0 0 0
569 15 1 1 4 0 0 0 0 0
571 1 0 0 1 0 0 0 0 0
584 1 0 0 0 0 0 1 1 1
599 9 0 0 7 2 0 0 0 0
fn=audit_list_add_dynamic_tag
221 2 1 1 2 0 0 0 0 0
229 6 1 1 2 1 1 0 0 0
230 8 0 0 6 0 0 0 0 0
231 4 0 0 0 0 0 0 0 0
fn=dl_main
82 20 4 4 0 0 0 1 1 0
89 15 0 0 0 0 0 0 0 0
90 2 0 0 1 1 0 1 1 0
98 9 0 0 4 1 0 0 0 0
202 1 0 0 0 0 0 1 0 0
203 1 0 0 0 0 0 1 0 0
204 1 0 0 0 0 0 1 0 0
301 1 1 1 0 0 0 1 0 0
302 1 0 0 0 0 0 1 0 0
303 1 0 0 0 0 0 1 0 0
304 1 0 0 0 0 0 1 0 0
305 1 0 0 0 0 0 1 0 0
306 1 0 0 0 0 0 1 0 0
307 1 0 0 0 0 0 1 0 0
308 2 0 0 0 0 0 1 0 0
856 1 0 0 1 0 0 0 0 0
858 1 0 0 0 0 0 1 0 0
864 1 0 0 1 0 0 0 0 0
867 1 1 1 0 0 0 1 0 0
869 1 0 0 0 0 0 1 0 0
874 1 0 0 0 0 0 1 0 0
1134 2 0 0 1 0 0 1 0 0
1135 1 0 0 1 0 0 0 0 0
1137 1 1 1 0 0 0 1 0 0
1139 1 0 0 0 0 0 1 0 0
1140 1 0 0 0 0 0 1 0 0
1142 1 0 0 0 0 0 1 1 1
1144 1 1 1 1 0 0 0 0 0
1145 1 0 0 1 0 0 0 0 0
1160 1 0 0 0 0 0 0 0 0
1163 46 1 1 1 0 0 0 0 0
1164 117 1 1 22 7 7 0 0 0
1168 3 1 1 2 0 0 1 0 0
1173 3 1 1 2 0 0 1 0 0
1174 9 0 0 2 0 0 1 0 0
1183 2 0 0 0 0 0 1 0 0
1184 2 0 0 2 1 1 0 0 0
1186 1 0 0 0 0 0 1 0 0
1193 3 1 1 1 0 0 0 0 0
1205 1 0 0 0 0 0 0 0 0
1211 1 0 0 0 0 0 1 0 0
1219 8 0 0 4 0 0 0 0 0
1220 18 1 1 5 1 1 0 0 0
1221 8 1 1 4 0 0 0 0 0
1222 1 0 0 0 0 0 1 0 0
1224 12 0 0 4 0 0 0 0 0
1225 14 0 0 0 0 0 0 0 0
1229 8 0 0 4 3 3 0 0 0
1230 8 1 1 4 0 0 0 0 0
1231 4 0 0 0 0 0 4 0 0
1232 10 0 0 5 0 0 0 0 0
1233 1 0 0 0 0 0 1 0 0
1237 12 0 0 0 0 0 0 0 0
1265 2 1 1 1 0 0 1 1 1
1269 2 0 0 1 0 0 1 0 0
1270 2 0 0 1 1 1 1 0 0
1271 1 0 0 0 0 0 0 0 0
1275 26 0 0 13 0 0 0 0 0
1276 61 1 1 13 0 0 0 0 0
1282 17 0 0 0 0 0 1 0 0
1288 3 0 0 1 1 1 0 0 0
1291 4 1 1 2 0 0 0 0 0
1293 3 0 0 1 0 0 0 0 0
1295 2 0 0 1 0 0 0 0 0
1328 2 0 0 1 1 1 0 0 0
1329 2 0 0 1 0 0 0 0 0
1331 2 1 1 1 0 0 0 0 0
1333 1 0 0 0 0 0 1 0 0
1334 2 0 0 1 0 0 1 0 0
1337 3 0 0 1 0 0 1 0 0
1343 1 0 0 0 0 0 0 0 0
1344 31 0 0 0 0 0 0 0 0
1345 11 0 0 0 0 0 0 0 0
1346 22 0 0 11 6 6 0 0 0
1348 18 2 2 5 2 2 0 0 0
1349 8 0 0 4 0 0 0 0 0
1350 16 0 0 0 0 0 0 0 0
1355 12 0 0 4 1 1 0 0 0
1362 2 1 1 0 0 0 0 0 0
1363 5 0 0 1 0 0 0 0 0
1365 2 0 0 1 1 1 1 1 1
1366 2 0 0 1 0 0 1 0 0
1432 14 2 2 0 0 0 10 1 1
1437 1 1 1 0 0 0 1 0 0
1438 1 0 0 0 0 0 1 0 0
1444 1 0 0 0 0 0 1 1 1
1460 4 1 1 2 0 0 2 0 0
1461 4 0 0 2 0 0 0 0 0
1728 10 1 1 0 0 0 2 0 0
1730 2 1 1 0 0 0 0 0 0
1731 2 0 0 1 0 0 1 0 0
1732 2 0 0 1 0 0 1 0 0
1733 3 0 0 2 0 0 1 0 0
1737 3 0 0 0 0 0 1 0 0
1738 2 1 1 1 0 0 0 0 0
1763 3 0 0 1 0 0 0 0 0
1764 6 0 0 2 0 0 1 0 0
1765 3 1 1 2 0 0 0 0 0
1766 3 0 0 3 0 0 0 0 0
1769 1 0 0 0 0 0 1 0 0
1771 1 1 1 0 0 0 1 1 1
1772 1 0 0 0 0 0 1 0 0
1774 2 0 0 1 0 0 0 0 0
1775 2 0 0 0 0 0 1 0 0
1779 2 0 0 1 0 0 0 0 0
1781 2 1 1 1 0 0 0 0 0
1789 3 0 0 1 0 0 0 0 0
1796 2 1 1 0 0 0 1 0 0
1799 2 0 0 1 0 0 0 0 0
1824 9 1 1 1 0 0 2 0 0
1832 4 0 0 1 0 0 2 0 0
1834 1 1 1 0 0 0 1 0 0
1839 2 0 0 1 0 0 0 0 0
1842 4 1 1 2 0 0 1 0 0
1843 4 0 0 1 0 0 1 0 0
1844 2 0 0 0 0 0 1 0 0
1845 1 1 1 0 0 0 1 0 0
1846 1 0 0 1 0 0 0 0 0
1847 1 0 0 1 0 0 0 0 0
1852 2 0 0 1 1 1 0 0 0
1853 3 0 0 1 0 0 1 0 0
1858 2 0 0 1 1 1 0 0 0
1862 7 1 1 0 0 0 2 0 0
1863 4 0 0 0 0 0 1 0 0
1867 2 0 0 1 0 0 0 0 0
1871 1 0 0 0 0 0 1 0 0
1872 2 0 0 1 0 0 0 0 0
1896 2 0 0 0 0 0 2 0 0
1904 3 1 1 1 0 0 0 0 0
1907 2 0 0 1 0 0 1 0 0
1911 3 0 0 1 0 0 0 0 0
1916 4 0 0 1 0 0 1 0 0
1917 1 0 0 0 0 0 0 0 0
1921 3 1 1 0 0 0 1 0 0
1926 3 0 0 2 0 0 0 0 0
1928 1 0 0 0 0 0 0 0 0
1930 2 0 0 1 0 0 0 0 0
1934 5 1 1 1 0 0 1 0 0
1939 2 0 0 1 0 0 0 0 0
1955 6 1 1 0 0 0 1 0 0
2031 4 0 0 2 0 0 0 0 0
2035 19 2 2 1 0 0 0 0 0
2036 1 0 0 0 0 0 0 0 0
2039 3 0 0 0 0 0 1 0 0
2040 1 1 1 1 0 0 0 0 0
2041 2 0 0 0 0 0 0 0 0
2042 2 0 0 0 0 0 0 0 0
2047 3 0 0 1 0 0 0 0 0
2057 8 0 0 1 0 0 1 0 0
2063 27 0 0 1 0 0 0 0 0
2064 16 1 1 13 0 0 0 0 0
2067 3 0 0 2 0 0 1 0 0
2068 3 1 1 1 0 0 0 0 0
2069 1 0 0 0 0 0 1 0 0
2071 21 0 0 0 0 0 0 0 0
2072 25 0 0 5 0 0 0 0 0
2079 3 1 1 1 0 0 1 0 0
2080 3 0 0 1 0 0 0 0 0
2082 2 0 0 0 0 0 1 0 0
2084 3 0 0 0 0 0 0 0 0
2086 3 0 0 1 0 0 0 0 0
2087 1 0 0 1 0 0 0 0 0
2088 2 1 1 0 0 0 0 0 0
2100 2 0 0 0 0 0 0 0 0
2101 2 0 0 0 0 0 1 0 0
2102 3 0 0 1 0 0 0 0 0
2112 2 1 1 0 0 0 1 1 1
2113 4 1 1 0 0 0 1 0 0
2114 5 0 0 0 0 0 1 0 0
2124 2 0 0 1 0 0 1 0 0
2125 2 0 0 0 0 0 0 0 0
2126 4 1 1 0 0 0 1 0 0
2128 2 0 0 1 0 0 0 0 0
2133 3 0 0 1 0 0 0 0 0
2362 3 0 0 1 0 0 0 0 0
2411 1 0 0 1 0 0 0 0 0
2418 2 0 0 0 0 0 1 0 0
2422 2 0 0 1 0 0 1 0 0
2428 2 1 1 1 0 0 1 0 0
2431 2 0 0 0 0 0 0 0 0
2439 2 0 0 2 0 0 0 0 0
2441 2 0 0 1 0 0 0 0 0
2491 3 1 1 1 0 0 0 0 0
2494 1 0 0 1 0 0 0 0 0
2499 2 0 0 1 0 0 0 0 0
2503 7 0 0 2 0 0 1 0 0
2504 1 1 1 1 0 0 0 0 0
2511 1 0 0 1 0 0 0 0 0
2512 22 0 0 0 0 0 0 0 0
2514 12 1 1 12 3 0 0 0 0
2519 12 0 0 12 6 0 0 0 0
2521 14 0 0 0 0 0 0 0 0
2523 1 1 0 0 0 0 1 0 0
2524 1 0 0 1 0 0 0 0 0
2527 6 0 0 6 0 0 0 0 0
2529 48 0 0 12 6 0 6 0 0
2533 16 1 1 8 3 0 0 0 0
2534 6 0 0 0 0 0 2 0 0
2542 2 1 1 1 0 0 0 0 0
2547 4 0 0 2 1 0 0 0 0
2549 1 0 0 1 0 0 0 0 0
2556 3 1 1 0 0 0 1 0 0
2559 2 0 0 1 0 0 0 0 0
2569 3 1 1 2 1 0 0 0 0
2571 2 0 0 1 0 0 0 0 0
2574 1 1 1 0 0 0 1 0 0
2579 2 0 0 1 0 0 0 0 0
2583 5 0 0 1 0 0 1 0 0
2586 1 0 0 0 0 0 1 0 0
2587 2 0 0 0 0 0 1 0 0
2590 2 0 0 0 0 0 1 0 0
2594 3 1 1 0 0 0 1 0 0
2600 3 0 0 1 0 0 1 0 0
2607 1 0 0 0 0 0 1 0 0
2611 3 1 1 0 0 0 1 0 0
2612 3 0 0 0 0 0 1 0 0
2613 1 0 0 0 0 0 0 0 0
2617 3 0 0 0 0 0 1 0 0
2622 1 0 0 0 0 0 1 0 0
2627 8 0 0 7 1 0 0 0 0
2760 3 1 1 1 0 0 2 0 0
2762 1 0 0 0 0 0 0 0 0
2764 10 0 0 0 0 0 2 0 0
2766 1 0 0 0 0 0 0 0 0
2768 41 1 1 8 0 0 0 0 0
2769 7 0 0 0 0 0 0 0 0
2777 7 0 0 1 1 1 0 0 0
2798 2 1 1 1 0 0 0 0 0
2805 6 2 2 3 0 0 0 0 0
2807 2 0 0 0 0 0 1 0 0
2808 1 0 0 0 0 0 0 0 0
2898 1 0 0 0 0 0 0 0 0
2909 1 0 0 0 0 0 0 0 0
2925 4 0 0 1 0 0 0 0 0
2957 2 1 1 0 0 0 0 0 0
2977 2 0 0 1 0 0 0 0 0
fn=do_preload
823 6 1 1 0 0 0 3 0 0
825 1 0 0 0 0 0 1 0 0
829 1 0 0 0 0 0 1 0 0
830 1 0 0 0 0 0 1 0 0
831 1 0 0 0 0 0 1 0 0
833 1 0 0 1 0 0 0 0 0
835 6 1 1 0 0 0 1 0 0
836 3 0 0 1 0 0 0 0 0
844 3 0 0 1 0 0 0 0 0
850 5 0 0 4 0 0 0 0 0
fn=handle_preload_list
188 3 0 0 1 0 0 0 0 0
888 10 1 1 1 1 1 6 0 0
889 2 0 0 0 0 0 0 0 0
893 7 0 0 2 0 0 0 0 0
896 4 1 1 0 0 0 1 1 1
897 3 0 0 0 0 0 0 0 0
899 6 1 1 0 0 0 2 0 0
900 3 0 0 1 0 0 1 0 0
906 1 0 0 0 0 0 0 0 0
908 2 0 0 1 0 0 0 0 0
910 2 0 0 1 0 0 0 0 0
911 5 0 0 0 0 0 1 0 0
914 9 1 1 7 0 0 0 0 0
fn=init_tls
748 3 1 1 0 0 0 2 0 0
750 2 0 0 1 0 0 1 0 0
754 3 0 0 1 0 0 0 0 0
760 2 0 0 0 0 0 1 1 1
763 1 0 0 0 0 0 1 0 0
764 1 0 0 0 0 0 0 0 0
765 1 0 0 0 0 0 0 0 0
769 1 0 0 0 0 0 0 0 0
771 1 0 0 0 0 0 1 0 0
775 2 1 1 1 1 1 0 0 0
776 2 0 0 0 0 0 0 0 0
777 15 0 0 1 0 0 0 0 0
778 6 0 0 6 0 0 0 0 0
779 12 1 1 6 0 0 0 0 0
783 6 0 0 0 0 0 2 0 0
785 2 0 0 0 0 0 0 0 0
787 3 0 0 1 0 0 0 0 0
790 2 0 0 0 0 0 1 0 0
793 1 0 0 0 0 0 1 0 0
800 2 0 0 0 0 0 1 0 0
801 2 1 1 0 0 0 0 0 0
805 1 0 0 0 0 0 1 0 0
809 2 0 0 1 0 0 1 0 0
812 8 0 0 0 0 0 2 0 0
815 1 0 0 0 0 0 1 0 0
816 1 1 1 0 0 0 1 0 0
819 5 0 0 3 0 0 0 0 0
fn=map_doit
655 3 1 1 0 0 0 1 0 0
657 4 0 0 1 0 0 0 0 0
658 6 0 0 2 0 0 2 0 0
660 2 0 0 2 0 0 0 0 0
fn=version_check_doit
688 3 1 1 0 0 0 1 0 0
690 6 0 0 2 0 0 1 0 0
694 2 0 0 2 0 0 0 0 0
fl=/usr/src/debug/glibc-2.34-231.el9_7.10.x86_64/io/../sysdeps/unix/sysv/linux/access.c
fn=access
25 1 1 1 0 0 0 0 0 0
27 7 0 0 0 0 0 1 0 0
31 1 0 0 1 0 0 0 0 0
fl=/usr/src/debug/glibc-2.34-231.el9_7.10.x86_64/io/../sysdeps/unix/sysv/linux/close_nocancel.c
fn=__GI___close_nocancel
25 5 1 1 0 0 0 0 0 0
26 20 0 0 0 0 0 0 0 0
27 5 0 0 5 0 0 0 0 0
fl=/usr/src/debug/glibc-2.34-231.el9_7.10.x86_64/io/../sysdeps/unix/sysv/linux/fstat64.c
fn=fstat
30 5 1 1 0 0 0 0 0 0
36 20 0 0 0 0 0 0 0 0
69 5 0 0 5 0 0 0 0 0
fl=/usr/src/debug/glibc-2.34-231.el9_7.10.x86_64/io/../sysdeps/unix/sysv/linux/open64_nocancel.c
fn=__open_nocancel
34 20 2 2 0 0 0 5 0 0
37 35 0 0 0 0 0 0 0 0
45 35 0 0 0 0 0 0 0 0
47 5 0 0 5 0 0 0 0 0
fl=/usr/src/debug/glibc-2.34-231.el9_7.10.x86_64/io/../sysdeps/unix/sysv/linux/pread64_nocancel.c
fn=__pread64_nocancel
25 8 0 0 0 0 0 0 0 0
26 16 0 0 0 0 0 0 0 0
27 4 0 0 4 0 0 0 0 0
fl=/usr/src/debug/glibc-2.34-231.el9_7.10.x86_64/io/../sysdeps/unix/sysv/linux/read_nocancel.c
fn=__read_nocancel
25 4 1 1 0 0 0 0 0 0
26 16 0 0 0 0 0 0 0 0
27 4 1 1 4 0 0 0 0 0
fl=/usr/src/debug/glibc-2.34-231.el9_7.10.x86_64/malloc/scratch_buffer_set_array_size.c
fn=__libc_scratch_buffer_set_array_size
30 40 1 1 0 0 0 12 0 0
34 4 0 0 0 0 0 0 0 0
35 8 0 0 0 0 0 0 0 0
45 8 0 0 4 0 0 0 0 0
46 4 0 0 0 0 0 0 0 0
63 16 1 1 16 0 0 0 0 0
fl=/usr/src/debug/glibc-2.34-231.el9_7.10.x86_64/misc/../sysdeps/unix/syscall-template.S
fn=mprotect
117 30 1 1 0 0 0 0 0 0
122 6 0 0 6 0 0 0 0 0
fn=munmap
117 5 1 1 0 0 0 0 0 0
122 1 0 0 1 0 0 0 0 0
fl=/usr/src/debug/glibc-2.34-231.el9_7.10.x86_64/misc/../sysdeps/unix/sysv/linux/mmap64.c
fn=mmap
48 100 2 2 0 0 0 40 3 3
51 40 0 0 0 0 0 0 0 0
54 83 1 1 4 0 0 0 0 0
59 120 0 0 0 0 0 0 0 0
61 60 0 0 60 0 0 0 0 0
fl=/usr/src/debug/glibc-2.34-231.el9_7.10.x86_64/posix/../sysdeps/unix/syscall-template.S
fn=uname
120 5 1 1 0 0 0 0 0 0
122 1 0 0 1 0 0 0 0 0
fl=/usr/src/debug/glibc-2.34-231.el9_7.10.x86_64/setjmp/../sysdeps/x86_64/setjmp.S
fn=__sigsetjmp
30 8 1 1 0 0 0 0 0 0
32 8 0 0 0 0 0 8 0 0
41 8 0 0 0 0 0 0 0 0
42 16 0 0 8 0 0 0 0 0
43 8 0 0 0 0 0 8 0 0
47 8 0 0 0 0 0 8 2 2
48 8 0 0 0 0 0 8 0 0
49 8 0 0 0 0 0 8 0 0
50 8 0 0 0 0 0 8 0 0
51 8 0 0 0 0 0 0 0 0
53 16 0 0 8 0 0 0 0 0
55 8 0 0 0 0 0 8 0 0
56 8 1 1 8 0 0 0 0 0
57 8 0 0 0 0 0 0 0 0
59 16 0 0 8 0 0 0 0 0
61 8 0 0 0 0 0 8 0 0
69 8 0 0 0 0 0 0 0 0
72 8 0 0 0 0 0 0 0 0
73 8 0 0 0 0 0 8 1 1
80 8 0 0 0 0 0 0 0 0
81 8 0 0 8 0 0 0 0 0
fl=/usr/src/debug/glibc-2.34-231.el9_7.10.x86_64/string/../include/rtld-malloc.h
fn=strdup
56 8 0 0 4 0 0 4 0 0
fl=/usr/src/debug/glibc-2.34-231.el9_7.10.x86_64/string/../string/strcspn.c
fn=strcspn
32 4 1 1 0 0 0 1 0 0
33 3 0 0 1 1 1 0 0 0
34 2 0 0 1 0 0 0 0 0
39 6 0 0 0 0 0 4 2 2
40 4 1 1 0 0 0 4 1 1
41 4 0 0 0 0 0 4 1 1
42 4 1 1 0 0 0 4 0 0
44 1 0 0 0 0 0 0 0 0
47 9 0 0 3 0 0 3 0 0
48 6 0 0 0 0 0 0 0 0
51 4 0 0 2 0 0 0 0 0
52 4 1 1 2 0 0 0 0 0
53 4 0 0 2 0 0 0 0 0
54 4 0 0 2 0 0 0 0 0
56 3 0 0 0 0 0 0 0 0
61 12 0 0 0 0 0 0 0 0
62 24 0 0 24 1 1 0 0 0
63 24 0 0 24 0 0 0 0 0
64 24 1 1 24 0 0 0 0 0
65 12 0 0 12 0 0 0 0 0
67 72 0 0 12 0 0 0 0 0
69 1 0 0 0 0 0 0 0 0
70 4 0 0 0 0 0 0 0 0
71 3 0 0 2 0 0 0 0 0
fl=/usr/src/debug/glibc-2.34-231.el9_7.10.x86_64/string/../sysdeps/x86_64/memcmp.S
fn=bcmp
23 1 1 1 0 0 0 0 0 0
28 1 0 0 0 0 0 0 0 0
29 1 0 0 0 0 0 0 0 0
30 1 0 0 0 0 0 0 0 0
31 1 0 0 0 0 0 0 0 0
32 1 0 0 0 0 0 0 0 0
33 1 0 0 0 0 0 0 0 0
34 1 1 1 0 0 0 0 0 0
35 1 0 0 0 0 0 0 0 0
38 1 0 0 0 0 0 0 0 0
39 1 0 0 0 0 0 0 0 0
40 1 0 0 1 0 0 0 0 0
41 1 0 0 1 0 0 0 0 0
42 1 0 0 0 0 0 0 0 0
43 1 0 0 0 0 0 0 0 0
44 1 0 0 0 0 0 0 0 0
45 1 0 0 0 0 0 0 0 0
46 1 0 0 0 0 0 0 0 0
48 1 0 0 0 0 0 0 0 0
49 1 0 0 0 0 0 0 0 0
58 1 1 1 0 0 0 0 0 0
59 1 0 0 0 0 0 0 0 0
68 1 0 0 0 0 0 0 0 0
69 1 0 0 0 0 0 0 0 0
70 1 0 0 1 0 0 0 0 0
71 1 0 0 1 0 0 0 0 0
72 1 0 0 0 0 0 0 0 0
73 1 0 0 0 0 0 0 0 0
74 1 1 1 0 0 0 0 0 0
75 1 0 0 0 0 0 0 0 0
76 1 0 0 0 0 0 0 0 0
102 1 0 0 0 0 0 0 0 0
103 1 0 0 0 0 0 0 0 0
104 1 1 1 0 0 0 0 0 0
105 1 0 0 0 0 0 0 0 0
106 1 0 0 0 0 0 0 0 0
107 1 0 0 0 0 0 0 0 0
108 1 0 0 0 0 0 0 0 0
109 1 0 0 0 0 0 0 0 0
110 1 0 0 0 0 0 0 0 0
111 1 0 0 0 0 0 0 0 0
112 1 0 0 0 0 0 0 0 0
113 1 0 0 0 0 0 0 0 0
114 1 0 0 1 0 0 0 0 0
fl=/usr/src/debug/glibc-2.34-231.el9_7.10.x86_64/string/../sysdeps/x86_64/multiarch/../strchr.S
fn=index
23 21 1 1 0 0 0 0 0 0
24 21 0 0 0 0 0 0 0 0
25 21 0 0 0 0 0 0 0 0
26 21 0 0 0 0 0 0 0 0
27 21 0 0 0 0 0 0 0 0
28 21 0 0 0 0 0 0 0 0
29 21 0 0 0 0 0 0 0 0
30 21 0 0 0 0 0 0 0 0
31 21 0 0 0 0 0 0 0 0
32 21 0 0 21 2 2 0 0 0
33 21 0 0 0 0 0 0 0 0
34 21 0 0 0 0 0 0 0 0
35 21 0 0 0 0 0 0 0 0
36 21 0 0 0 0 0 0 0 0
37 21 0 0 0 0 0 0 0 0
38 21 1 1 0 0 0 0 0 0
39 21 0 0 0 0 0 0 0 0
40 21 0 0 0 0 0 0 0 0
41 18 0 0 0 0 0 0 0 0
45 18 0 0 0 0 0 0 0 0
46 18 0 0 0 0 0 0 0 0
47 18 0 0 18 0 0 0 0 0
48 18 0 0 0 0 0 0 0 0
50 18 0 0 18 0 0 0 0 0
54 3 0 0 3 0 0 0 0 0
55 3 0 0 0 0 0 0 0 0
56 3 0 0 0 0 0 0 0 0
57 3 0 0 0 0 0 0 0 0
58 3 0 0 0 0 0 0 0 0
59 3 0 0 0 0 0 0 0 0
60 3 0 0 3 2 2 0 0 0
61 3 1 1 0 0 0 0 0 0
62 3 0 0 0 0 0 0 0 0
63 3 0 0 0 0 0 0 0 0
64 3 0 0 0 0 0 0 0 0
65 3 0 0 0 0 0 0 0 0
66 3 0 0 0 0 0 0 0 0
67 3 0 0 3 0 0 0 0 0
68 3 0 0 0 0 0 0 0 0
69 3 0 0 0 0 0 0 0 0
70 3 0 0 0 0 0 0 0 0
71 3 0 0 0 0 0 0 0 0
72 3 0 0 0 0 0 0 0 0
73 3 0 0 0 0 0 0 0 0
74 3 0 0 0 0 0 0 0 0
75 3 0 0 0 0 0 0 0 0
76 3 0 0 0 0 0 0 0 0
77 3 1 1 0 0 0 0 0 0
129 3 1 1 0 0 0 0 0 0
133 3 0 0 0 0 0 0 0 0
134 3 0 0 0 0 0 0 0 0
135 3 0 0 3 0 0 0 0 0
136 3 1 1 0 0 0 0 0 0
138 3 0 0 3 0 0 0 0 0
fl=/usr/src/debug/glibc-2.34-231.el9_7.10.x86_64/string/../sysdeps/x86_64/multiarch/memmove-vec-unaligned-erms.S
fn=memcpy
218 24 1 1 0 0 0 0 0 0
219 24 0 0 0 0 0 0 0 0
225 37 0 0 0 0 0 0 0 0
226 37 0 0 0 0 0 0 0 0
228 22 0 0 22 1 0 0 0 0
229 22 0 0 0 0 0 0 0 0
230 22 0 0 0 0 0 0 0 0
232 15 0 0 15 0 0 0 0 0
233 15 0 0 0 0 0 15 4 4
234 15 0 0 0 0 0 15 0 0
236 15 0 0 15 0 0 0 0 0
316 15 1 1 0 0 0 0 0 0
317 15 0 0 0 0 0 0 0 0
319 7 0 0 0 0 0 0 0 0
323 7 0 0 0 0 0 0 0 0
324 4 0 0 0 0 0 0 0 0
325 4 0 0 0 0 0 0 0 0
326 3 0 0 3 2 2 0 0 0
327 3 0 0 0 0 0 0 0 0
328 2 0 0 2 0 0 0 0 0
329 2 0 0 0 0 0 2 1 1
331 3 0 0 0 0 0 3 1 1
333 4 0 0 4 0 0 0 0 0
339 3 0 0 3 0 0 0 0 0
340 3 0 0 3 0 0 0 0 0
341 3 0 0 0 0 0 3 0 0
342 3 0 0 0 0 0 3 0 0
343 3 0 0 3 0 0 0 0 0
372 8 1 1 8 1 0 0 0 0
373 8 0 0 8 0 0 0 0 0
374 8 0 0 0 0 0 8 4 4
375 8 0 0 0 0 0 8 0 0
376 8 0 0 8 0 0 0 0 0
383 7 0 0 7 0 0 0 0 0
384 7 0 0 7 0 0 0 0 0
385 7 0 0 0 0 0 7 2 2
386 7 0 0 0 0 0 7 1 1
387 7 0 0 0 0 0 7 2 2
388 7 0 0 0 0 0 7 0 0
389 7 0 0 7 0 0 0 0 0
400 7 1 1 0 0 0 0 0 0
401 7 0 0 0 0 0 0 0 0
403 7 0 0 7 0 0 0 0 0
404 7 0 0 0 0 0 0 0 0
405 7 0 0 0 0 0 0 0 0
fn=mempcpy
205 13 0 0 0 0 0 0 0 0
206 13 0 0 0 0 0 0 0 0
207 13 0 0 0 0 0 0 0 0
208 13 0 0 0 0 0 0 0 0
fl=/usr/src/debug/glibc-2.34-231.el9_7.10.x86_64/string/../sysdeps/x86_64/multiarch/memset-vec-unaligned-erms.S
fn=memset
142 8 1 1 0 0 0 0 0 0
143 40 0 0 0 0 0 0 0 0
148 8 0 0 0 0 0 0 0 0
149 8 1 1 0 0 0 0 0 0
152 6 0 0 0 0 0 0 0 0
153 6 0 0 0 0 0 0 0 0
191 2 0 0 0 0 0 2 0 0
192 2 0 0 0 0 0 2 0 0
194 2 0 0 2 0 0 0 0 0
254 6 0 0 0 0 0 6 4 4
255 6 0 0 0 0 0 6 2 2
267 6 0 0 0 0 0 0 0 0
270 6 0 0 0 0 0 0 0 0
271 6 0 0 0 0 0 0 0 0
283 4 0 0 0 0 0 4 1 1
284 4 0 0 0 0 0 4 1 1
297 4 0 0 0 0 0 0 0 0
298 4 0 0 0 0 0 0 0 0
300 4 0 0 0 0 0 0 0 0
303 2 1 1 0 0 0 0 0 0
306 4 0 0 0 0 0 0 0 0
309 38 0 0 0 0 0 38 9 9
310 38 0 0 0 0 0 38 0 0
311 38 0 0 0 0 0 38 28 28
312 38 0 0 0 0 0 38 0 0
313 38 0 0 0 0 0 0 0 0
314 38 0 0 0 0 0 0 0 0
315 38 0 0 0 0 0 0 0 0
318 4 0 0 0 0 0 4 1 1
319 4 0 0 0 0 0 4 1 1
320 4 0 0 0 0 0 4 0 0
321 4 0 0 0 0 0 4 0 0
326 4 0 0 4 0 0 0 0 0
360 2 1 1 0 0 0 0 0 0
362 2 0 0 0 0 0 0 0 0
363 2 0 0 0 0 0 0 0 0
402 2 0 0 0 0 0 2 2 2
403 2 0 0 0 0 0 2 0 0
405 2 0 0 2 0 0 0 0 0
fl=/usr/src/debug/glibc-2.34-231.el9_7.10.x86_64/string/../sysdeps/x86_64/multiarch/strlen-vec.S
fn=strlen
45 23 1 1 0 0 0 0 0 0
89 23 0 0 0 0 0 0 0 0
90 23 0 0 0 0 0 0 0 0
91 23 0 0 0 0 0 0 0 0
92 23 1 1 0 0 0 0 0 0
93 23 0 0 0 0 0 0 0 0
94 23 0 0 0 0 0 0 0 0
95 23 0 0 0 0 0 0 0 0
97 23 0 0 0 0 0 0 0 0
99 23 0 0 0 0 0 0 0 0
130 23 0 0 23 1 1 0 0 0
131 23 0 0 0 0 0 0 0 0
132 23 0 0 0 0 0 0 0 0
133 23 0 0 0 0 0 0 0 0
134 23 0 0 0 0 0 0 0 0
135 11 0 0 0 0 0 0 0 0
137 11 0 0 11 0 0 0 0 0
141 12 0 0 0 0 0 0 0 0
142 12 0 0 12 0 0 0 0 0
143 12 0 0 12 0 0 0 0 0
144 12 1 1 12 1 1 0 0 0
145 12 0 0 0 0 0 0 0 0
146 12 0 0 0 0 0 0 0 0
147 12 0 0 0 0 0 0 0 0
148 12 0 0 0 0 0 0 0 0
149 12 0 0 0 0 0 0 0 0
150 12 0 0 0 0 0 0 0 0
151 12 0 0 0 0 0 0 0 0
152 12 0 0 0 0 0 0 0 0
157 96 0 0 12 0 0 0 0 0
fl=/usr/src/debug/glibc-2.34-231.el9_7.10.x86_64/string/../sysdeps/x86_64/strcmp.S
fn=strcmp
109 570 2 1 0 0 0 0 0 0
142 570 0 0 0 0 0 0 0 0
143 570 0 0 0 0 0 0 0 0
145 570 0 0 0 0 0 0 0 0
146 570 0 0 0 0 0 0 0 0
167 570 1 1 0 0 0 0 0 0
168 570 0 0 0 0 0 0 0 0
169 338 0 0 0 0 0 0 0 0
170 338 0 0 0 0 0 0 0 0
171 291 0 0 291 59 45 0 0 0
172 291 0 0 291 3 3 0 0 0
173 291 0 0 291 0 0 0 0 0
174 291 0 0 291 0 0 0 0 0
191 291 0 0 0 0 0 0 0 0
192 291 0 0 0 0 0 0 0 0
193 291 0 0 0 0 0 0 0 0
194 291 0 0 0 0 0 0 0 0
195 291 0 0 0 0 0 0 0 0
196 291 0 0 0 0 0 0 0 0
197 291 0 0 0 0 0 0 0 0
202 25 0 0 0 0 0 0 0 0
203 75 0 0 0 0 0 0 0 0
212 304 1 1 0 0 0 0 0 0
213 304 0 0 0 0 0 0 0 0
214 304 0 0 0 0 0 0 0 0
215 304 0 0 0 0 0 0 0 0
216 304 0 0 0 0 0 0 0 0
217 304 0 0 0 0 0 0 0 0
218 304 0 0 0 0 0 0 0 0
219 304 0 0 0 0 0 0 0 0
220 219 0 0 0 0 0 0 0 0
221 84 0 0 0 0 0 0 0 0
222 84 0 0 0 0 0 0 0 0
223 84 0 0 0 0 0 0 0 0
225 219 0 0 0 0 0 0 0 0
226 219 0 0 0 0 0 0 0 0
227 219 1 1 0 0 0 0 0 0
228 219 0 0 219 4 2 0 0 0
229 219 0 0 0 0 0 0 0 0
230 219 0 0 0 0 0 0 0 0
240 85 0 0 85 4 0 0 0 0
241 85 0 0 0 0 0 0 0 0
242 85 0 0 0 0 0 0 0 0
244 85 0 0 85 3 2 0 0 0
250 85 0 0 0 0 0 0 0 0
251 85 0 0 0 0 0 0 0 0
252 85 0 0 0 0 0 0 0 0
253 85 0 0 0 0 0 0 0 0
254 85 0 0 0 0 0 0 0 0
259 85 0 0 0 0 0 0 0 0
261 74 0 0 0 0 0 0 0 0
262 74 2 1 0 0 0 0 0 0
263 148 0 0 0 0 0 0 0 0
271 74 0 0 74 2 1 0 0 0
272 74 0 0 74 2 2 0 0 0
275 74 0 0 0 0 0 0 0 0
276 74 0 0 0 0 0 0 0 0
277 74 0 0 0 0 0 0 0 0
278 74 0 0 0 0 0 0 0 0
279 74 0 0 0 0 0 0 0 0
280 74 0 0 0 0 0 0 0 0
565 16 1 1 0 0 0 0 0 0
566 16 0 0 16 1 1 0 0 0
567 16 0 0 16 0 0 0 0 0
568 16 0 0 0 0 0 0 0 0
569 16 1 1 0 0 0 0 0 0
571 16 0 0 0 0 0 0 0 0
572 16 0 0 0 0 0 0 0 0
573 16 0 0 0 0 0 0 0 0
574 16 0 0 0 0 0 0 0 0
575 16 0 0 0 0 0 0 0 0
576 16 0 0 0 0 0 0 0 0
577 16 0 0 0 0 0 0 0 0
578 16 0 0 16 0 0 0 0 0
582 16 0 0 0 0 0 0 0 0
583 16 0 0 0 0 0 0 0 0
584 16 0 0 0 0 0 0 0 0
590 16 0 0 0 0 0 0 0 0
591 16 0 0 0 0 0 0 0 0
592 32 1 1 0 0 0 0 0 0
596 16 0 0 0 0 0 0 0 0
597 16 0 0 0 0 0 0 0 0
600 16 0 0 16 0 0 0 0 0
601 16 0 0 16 1 1 0 0 0
602 16 0 0 0 0 0 0 0 0
605 16 0 0 0 0 0 0 0 0
606 16 0 0 0 0 0 0 0 0
607 16 0 0 0 0 0 0 0 0
613 16 0 0 0 0 0 0 0 0
614 16 0 0 0 0 0 0 0 0
615 16 1 1 0 0 0 0 0 0
616 16 0 0 0 0 0 0 0 0
617 16 0 0 0 0 0 0 0 0
618 16 0 0 0 0 0 0 0 0
625 1 0 0 0 0 0 0 0 0
626 1 0 0 0 0 0 0 0 0
628 1 0 0 0 0 0 0 0 0
629 1 0 0 0 0 0 0 0 0
631 1 0 0 1 0 0 0 0 0
632 1 0 0 1 0 0 0 0 0
633 1 0 0 0 0 0 0 0 0
636 1 0 0 0 0 0 0 0 0
637 1 0 0 0 0 0 0 0 0
638 1 0 0 0 0 0 0 0 0
644 1 0 0 0 0 0 0 0 0
645 1 1 1 0 0 0 0 0 0
646 1 0 0 0 0 0 0 0 0
647 1 0 0 0 0 0 0 0 0
648 1 0 0 0 0 0 0 0 0
649 1 0 0 0 0 0 0 0 0
690 6 1 1 0 0 0 0 0 0
691 6 0 0 6 0 0 0 0 0
692 6 0 0 6 1 1 0 0 0
693 6 0 0 0 0 0 0 0 0
694 6 1 1 0 0 0 0 0 0
696 6 0 0 0 0 0 0 0 0
697 6 0 0 0 0 0 0 0 0
698 6 0 0 0 0 0 0 0 0
699 6 0 0 0 0 0 0 0 0
700 6 0 0 0 0 0 0 0 0
701 6 0 0 0 0 0 0 0 0
702 6 0 0 0 0 0 0 0 0
703 3 0 0 3 0 0 0 0 0
707 3 0 0 0 0 0 0 0 0
708 3 0 0 0 0 0 0 0 0
709 3 0 0 0 0 0 0 0 0
715 3 0 0 0 0 0 0 0 0
716 3 0 0 0 0 0 0 0 0
717 6 1 1 0 0 0 0 0 0
721 3 0 0 0 0 0 0 0 0
722 3 0 0 0 0 0 0 0 0
725 3 0 0 3 0 0 0 0 0
726 3 0 0 3 1 1 0 0 0
727 3 0 0 0 0 0 0 0 0
730 3 0 0 0 0 0 0 0 0
731 3 0 0 0 0 0 0 0 0
732 3 0 0 0 0 0 0 0 0
738 3 0 0 0 0 0 0 0 0
739 3 0 0 0 0 0 0 0 0
740 3 1 1 0 0 0 0 0 0
741 3 0 0 0 0 0 0 0 0
742 3 0 0 0 0 0 0 0 0
743 3 0 0 0 0 0 0 0 0
815 7 1 1 0 0 0 0 0 0
816 7 0 0 7 2 2 0 0 0
817 7 0 0 7 1 1 0 0 0
818 7 0 0 0 0 0 0 0 0
819 7 1 1 0 0 0 0 0 0
821 7 0 0 0 0 0 0 0 0
822 7 0 0 0 0 0 0 0 0
823 7 0 0 0 0 0 0 0 0
824 7 0 0 0 0 0 0 0 0
825 7 0 0 0 0 0 0 0 0
826 7 0 0 0 0 0 0 0 0
827 7 0 0 0 0 0 0 0 0
828 7 0 0 7 0 0 0 0 0
832 7 0 0 0 0 0 0 0 0
833 7 0 0 0 0 0 0 0 0
834 7 0 0 0 0 0 0 0 0
840 7 0 0 0 0 0 0 0 0
841 7 0 0 0 0 0 0 0 0
842 14 1 1 0 0 0 0 0 0
846 7 0 0 0 0 0 0 0 0
847 7 0 0 0 0 0 0 0 0
850 7 0 0 7 0 0 0 0 0
851 7 0 0 7 3 3 0 0 0
852 7 0 0 0 0 0 0 0 0
855 7 0 0 0 0 0 0 0 0
856 7 0 0 0 0 0 0 0 0
857 7 0 0 0 0 0 0 0 0
863 7 0 0 0 0 0 0 0 0
864 7 0 0 0 0 0 0 0 0
865 7 1 1 0 0 0 0 0 0
866 7 0 0 0 0 0 0 0 0
867 7 0 0 0 0 0 0 0 0
868 7 0 0 0 0 0 0 0 0
875 1 0 0 0 0 0 0 0 0
876 1 0 0 0 0 0 0 0 0
878 1 0 0 0 0 0 0 0 0
879 1 0 0 0 0 0 0 0 0
881 1 0 0 1 0 0 0 0 0
882 1 0 0 1 0 0 0 0 0
883 1 0 0 0 0 0 0 0 0
886 1 0 0 0 0 0 0 0 0
887 1 0 0 0 0 0 0 0 0
888 1 0 0 0 0 0 0 0 0
894 1 0 0 0 0 0 0 0 0
895 1 1 1 0 0 0 0 0 0
896 1 0 0 0 0 0 0 0 0
897 1 0 0 0 0 0 0 0 0
898 1 0 0 0 0 0 0 0 0
899 1 0 0 0 0 0 0 0 0
940 5 1 1 0 0 0 0 0 0
941 5 0 0 5 1 1 0 0 0
942 5 0 0 5 2 2 0 0 0
943 5 0 0 0 0 0 0 0 0
944 5 1 1 0 0 0 0 0 0
946 5 0 0 0 0 0 0 0 0
947 5 0 0 0 0 0 0 0 0
948 5 0 0 0 0 0 0 0 0
949 5 0 0 0 0 0 0 0 0
950 5 0 0 0 0 0 0 0 0
951 5 0 0 0 0 0 0 0 0
952 5 0 0 0 0 0 0 0 0
953 5 0 0 5 0 0 0 0 0
957 5 0 0 0 0 0 0 0 0
958 5 0 0 0 0 0 0 0 0
959 5 0 0 0 0 0 0 0 0
965 5 0 0 0 0 0 0 0 0
966 5 0 0 0 0 0 0 0 0
967 10 1 1 0 0 0 0 0 0
971 5 0 0 0 0 0 0 0 0
972 5 0 0 0 0 0 0 0 0
975 5 0 0 5 1 1 0 0 0
976 5 0 0 5 2 2 0 0 0
977 5 0 0 0 0 0 0 0 0
980 5 0 0 0 0 0 0 0 0
981 5 0 0 0 0 0 0 0 0
982 5 0 0 0 0 0 0 0 0
988 5 0 0 0 0 0 0 0 0
989 5 0 0 0 0 0 0 0 0
990 5 1 1 0 0 0 0 0 0
991 5 0 0 0 0 0 0 0 0
992 5 0 0 0 0 0 0 0 0
993 5 0 0 0 0 0 0 0 0
1065 7 1 1 0 0 0 0 0 0
1066 7 0 0 7 2 1 0 0 0
1067 7 0 0 7 3 1 0 0 0
1068 7 0 0 0 0 0 0 0 0
1069 7 1 1 0 0 0 0 0 0
1071 7 0 0 0 0 0 0 0 0
1072 7 0 0 0 0 0 0 0 0
1073 7 0 0 0 0 0 0 0 0
1074 7 0 0 0 0 0 0 0 0
1075 7 0 0 0 0 0 0 0 0
1076 7 0 0 0 0 0 0 0 0
1077 7 0 0 0 0 0 0 0 0
1078 6 0 0 6 0 0 0 0 0
1082 6 0 0 0 0 0 0 0 0
1083 6 0 0 0 0 0 0 0 0
1084 6 0 0 0 0 0 0 0 0
1090 6 0 0 0 0 0 0 0 0
1091 6 0 0 0 0 0 0 0 0
1092 12 1 1 0 0 0 0 0 0
1096 6 0 0 0 0 0 0 0 0
1097 6 0 0 0 0 0 0 0 0
1100 6 0 0 6 1 1 0 0 0
1101 6 0 0 6 0 0 0 0 0
1102 6 0 0 0 0 0 0 0 0
1105 6 0 0 0 0 0 0 0 0
1106 6 0 0 0 0 0 0 0 0
1107 6 0 0 0 0 0 0 0 0
1113 6 0 0 0 0 0 0 0 0
1114 6 0 0 0 0 0 0 0 0
1115 6 1 1 0 0 0 0 0 0
1116 6 0 0 0 0 0 0 0 0
1117 6 0 0 0 0 0 0 0 0
1118 6 0 0 0 0 0 0 0 0
1190 12 2 1 0 0 0 0 0 0
1191 12 0 0 12 2 1 0 0 0
1192 12 0 0 12 1 0 0 0 0
1193 12 0 0 0 0 0 0 0 0
1194 12 2 1 0 0 0 0 0 0
1196 12 0 0 0 0 0 0 0 0
1197 12 0 0 0 0 0 0 0 0
1198 12 0 0 0 0 0 0 0 0
1199 12 0 0 0 0 0 0 0 0
1200 12 0 0 0 0 0 0 0 0
1201 12 0 0 0 0 0 0 0 0
1202 12 0 0 0 0 0 0 0 0
1203 11 0 0 11 0 0 0 0 0
1207 11 0 0 0 0 0 0 0 0
1208 11 0 0 0 0 0 0 0 0
1209 11 0 0 0 0 0 0 0 0
1215 11 0 0 0 0 0 0 0 0
1216 11 0 0 0 0 0 0 0 0
1217 22 2 1 0 0 0 0 0 0
1221 11 0 0 0 0 0 0 0 0
1222 11 0 0 0 0 0 0 0 0
1225 11 0 0 11 2 2 0 0 0
1226 11 0 0 11 3 3 0 0 0
1227 11 0 0 0 0 0 0 0 0
1230 11 0 0 0 0 0 0 0 0
1231 11 0 0 0 0 0 0 0 0
1232 11 0 0 0 0 0 0 0 0
1238 11 0 0 0 0 0 0 0 0
1239 11 0 0 0 0 0 0 0 0
1240 11 2 1 0 0 0 0 0 0
1241 11 0 0 0 0 0 0 0 0
1242 11 0 0 0 0 0 0 0 0
1243 11 0 0 0 0 0 0 0 0
1250 2 0 0 0 0 0 0 0 0
1251 2 0 0 0 0 0 0 0 0
1253 2 0 0 0 0 0 0 0 0
1254 2 0 0 0 0 0 0 0 0
1256 2 0 0 2 0 0 0 0 0
1257 2 0 0 2 0 0 0 0 0
1258 2 0 0 0 0 0 0 0 0
1261 2 0 0 0 0 0 0 0 0
1262 2 0 0 0 0 0 0 0 0
1263 2 0 0 0 0 0 0 0 0
1269 2 0 0 0 0 0 0 0 0
1270 2 1 1 0 0 0 0 0 0
1271 2 0 0 0 0 0 0 0 0
1272 2 0 0 0 0 0 0 0 0
1273 2 0 0 0 0 0 0 0 0
1274 2 0 0 0 0 0 0 0 0
1315 57 1 1 0 0 0 0 0 0
1316 57 0 0 57 2 2 0 0 0
1317 57 0 0 57 5 3 0 0 0
1318 57 0 0 0 0 0 0 0 0
1319 57 1 1 0 0 0 0 0 0
1321 57 0 0 0 0 0 0 0 0
1322 57 0 0 0 0 0 0 0 0
1323 57 0 0 0 0 0 0 0 0
1324 57 0 0 0 0 0 0 0 0
1325 57 0 0 0 0 0 0 0 0
1326 57 0 0 0 0 0 0 0 0
1327 57 0 0 0 0 0 0 0 0
1328 55 0 0 55 0 0 0 0 0
1332 55 0 0 0 0 0 0 0 0
1333 55 0 0 0 0 0 0 0 0
1334 55 0 0 0 0 0 0 0 0
1340 55 0 0 0 0 0 0 0 0
1341 55 0 0 0 0 0 0 0 0
1342 110 1 1 0 0 0 0 0 0
1346 55 0 0 0 0 0 0 0 0
1347 55 0 0 0 0 0 0 0 0
1350 55 0 0 55 2 2 0 0 0
1351 55 0 0 55 0 0 0 0 0
1352 55 0 0 0 0 0 0 0 0
1355 55 0 0 0 0 0 0 0 0
1356 55 0 0 0 0 0 0 0 0
1357 55 0 0 0 0 0 0 0 0
1363 55 0 0 0 0 0 0 0 0
1364 55 0 0 0 0 0 0 0 0
1365 55 1 1 0 0 0 0 0 0
1366 55 0 0 0 0 0 0 0 0
1367 55 0 0 0 0 0 0 0 0
1368 55 0 0 0 0 0 0 0 0
1375 2 0 0 0 0 0 0 0 0
1376 2 0 0 0 0 0 0 0 0
1378 2 0 0 0 0 0 0 0 0
1379 2 0 0 0 0 0 0 0 0
1381 2 0 0 2 0 0 0 0 0
1382 2 0 0 2 0 0 0 0 0
1383 2 0 0 0 0 0 0 0 0
1386 2 0 0 0 0 0 0 0 0
1387 2 0 0 0 0 0 0 0 0
1388 2 0 0 0 0 0 0 0 0
1394 2 0 0 0 0 0 0 0 0
1395 2 1 1 0 0 0 0 0 0
1396 2 0 0 0 0 0 0 0 0
1397 2 0 0 0 0 0 0 0 0
1398 2 0 0 0 0 0 0 0 0
1399 2 0 0 0 0 0 0 0 0
1440 6 1 1 0 0 0 0 0 0
1441 6 0 0 6 1 0 0 0 0
1442 6 0 0 6 1 1 0 0 0
1443 6 0 0 0 0 0 0 0 0
1444 6 2 1 0 0 0 0 0 0
1446 6 0 0 0 0 0 0 0 0
1447 6 0 0 0 0 0 0 0 0
1448 6 0 0 0 0 0 0 0 0
1449 6 0 0 0 0 0 0 0 0
1450 6 0 0 0 0 0 0 0 0
1451 6 0 0 0 0 0 0 0 0
1452 6 0 0 0 0 0 0 0 0
1453 4 0 0 4 0 0 0 0 0
1457 4 0 0 0 0 0 0 0 0
1458 4 0 0 0 0 0 0 0 0
1459 4 0 0 0 0 0 0 0 0
1465 4 0 0 0 0 0 0 0 0
1466 4 0 0 0 0 0 0 0 0
1467 8 2 1 0 0 0 0 0 0
1471 4 0 0 0 0 0 0 0 0
1472 4 0 0 0 0 0 0 0 0
1475 4 0 0 4 1 1 0 0 0
1476 4 0 0 4 0 0 0 0 0
1477 4 0 0 0 0 0 0 0 0
1480 4 0 0 0 0 0 0 0 0
1481 4 0 0 0 0 0 0 0 0
1482 4 0 0 0 0 0 0 0 0
1488 4 0 0 0 0 0 0 0 0
1489 4 0 0 0 0 0 0 0 0
1490 4 2 1 0 0 0 0 0 0
1491 4 0 0 0 0 0 0 0 0
1492 4 0 0 0 0 0 0 0 0
1493 4 0 0 0 0 0 0 0 0
1537 1 1 1 0 0 0 0 0 0
1538 1 0 0 0 0 0 0 0 0
1539 1 0 0 0 0 0 0 0 0
1540 1 0 0 0 0 0 0 0 0
1547 1 0 0 0 0 0 0 0 0
1548 1 0 0 0 0 0 0 0 0
1549 1 0 0 0 0 0 0 0 0
1565 21 2 1 0 0 0 0 0 0
1566 21 0 0 21 2 1 0 0 0
1567 21 0 0 21 4 4 0 0 0
1568 21 0 0 0 0 0 0 0 0
1569 21 2 1 0 0 0 0 0 0
1571 21 0 0 0 0 0 0 0 0
1572 21 0 0 0 0 0 0 0 0
1573 21 0 0 0 0 0 0 0 0
1574 21 0 0 0 0 0 0 0 0
1575 21 0 0 0 0 0 0 0 0
1576 21 0 0 0 0 0 0 0 0
1577 21 0 0 0 0 0 0 0 0
1578 21 0 0 21 0 0 0 0 0
1582 21 0 0 0 0 0 0 0 0
1583 21 0 0 0 0 0 0 0 0
1584 21 0 0 0 0 0 0 0 0
1590 21 0 0 0 0 0 0 0 0
1591 21 0 0 0 0 0 0 0 0
1592 42 2 1 0 0 0 0 0 0
1596 21 0 0 0 0 0 0 0 0
1597 21 0 0 0 0 0 0 0 0
1600 21 0 0 21 2 2 0 0 0
1601 21 0 0 21 2 1 0 0 0
1602 21 0 0 0 0 0 0 0 0
1605 21 0 0 0 0 0 0 0 0
1606 21 0 0 0 0 0 0 0 0
1607 21 0 0 0 0 0 0 0 0
1613 21 0 0 0 0 0 0 0 0
1614 21 0 0 0 0 0 0 0 0
1615 21 2 1 0 0 0 0 0 0
1616 21 0 0 0 0 0 0 0 0
1617 21 0 0 0 0 0 0 0 0
1618 21 0 0 0 0 0 0 0 0
1662 1 1 1 0 0 0 0 0 0
1663 1 0 0 0 0 0 0 0 0
1664 1 0 0 0 0 0 0 0 0
1665 1 0 0 0 0 0 0 0 0
1672 1 0 0 0 0 0 0 0 0
1673 1 0 0 0 0 0 0 0 0
1674 1 0 0 0 0 0 0 0 0
1690 11 2 1 0 0 0 0 0 0
1691 11 0 0 11 3 2 0 0 0
1692 11 0 0 11 1 1 0 0 0
1693 11 0 0 0 0 0 0 0 0
1694 11 2 1 0 0 0 0 0 0
1696 11 0 0 0 0 0 0 0 0
1697 11 0 0 0 0 0 0 0 0
1698 11 0 0 0 0 0 0 0 0
1699 11 0 0 0 0 0 0 0 0
1700 11 0 0 0 0 0 0 0 0
1701 11 0 0 0 0 0 0 0 0
1702 11 0 0 0 0 0 0 0 0
1703 9 0 0 9 0 0 0 0 0
1707 9 0 0 0 0 0 0 0 0
1708 9 0 0 0 0 0 0 0 0
1709 9 0 0 0 0 0 0 0 0
1715 9 0 0 0 0 0 0 0 0
1716 9 0 0 0 0 0 0 0 0
1717 18 2 1 0 0 0 0 0 0
1721 9 0 0 0 0 0 0 0 0
1722 9 0 0 0 0 0 0 0 0
1725 9 0 0 9 1 1 0 0 0
1726 9 0 0 9 1 1 0 0 0
1727 9 0 0 0 0 0 0 0 0
1730 9 0 0 0 0 0 0 0 0
1731 9 0 0 0 0 0 0 0 0
1732 9 0 0 0 0 0 0 0 0
1738 9 0 0 0 0 0 0 0 0
1739 9 0 0 0 0 0 0 0 0
1740 9 2 1 0 0 0 0 0 0
1741 9 0 0 0 0 0 0 0 0
1742 9 0 0 0 0 0 0 0 0
1743 9 0 0 0 0 0 0 0 0
1815 25 1 1 0 0 0 0 0 0
1816 25 0 0 25 2 2 0 0 0
1817 25 0 0 25 2 2 0 0 0
1818 25 0 0 0 0 0 0 0 0
1819 25 1 1 0 0 0 0 0 0
1821 25 0 0 0 0 0 0 0 0
1822 25 0 0 0 0 0 0 0 0
1823 25 0 0 0 0 0 0 0 0
1824 25 0 0 0 0 0 0 0 0
1825 25 0 0 0 0 0 0 0 0
1826 25 0 0 0 0 0 0 0 0
1827 25 0 0 0 0 0 0 0 0
1828 21 0 0 21 0 0 0 0 0
1832 21 0 0 0 0 0 0 0 0
1833 21 0 0 0 0 0 0 0 0
1834 21 0 0 0 0 0 0 0 0
1840 21 0 0 0 0 0 0 0 0
1841 21 0 0 0 0 0 0 0 0
1842 42 1 1 0 0 0 0 0 0
1846 21 0 0 0 0 0 0 0 0
1847 21 0 0 0 0 0 0 0 0
1850 21 0 0 21 2 1 0 0 0
1851 21 0 0 21 3 2 0 0 0
1852 21 0 0 0 0 0 0 0 0
1855 21 0 0 0 0 0 0 0 0
1856 21 0 0 0 0 0 0 0 0
1857 21 0 0 0 0 0 0 0 0
1863 21 0 0 0 0 0 0 0 0
1864 21 0 0 0 0 0 0 0 0
1865 21 1 1 0 0 0 0 0 0
1866 21 0 0 0 0 0 0 0 0
1867 21 0 0 0 0 0 0 0 0
1868 21 0 0 0 0 0 0 0 0
1875 3 0 0 0 0 0 0 0 0
1876 3 0 0 0 0 0 0 0 0
1878 3 0 0 0 0 0 0 0 0
1879 3 0 0 0 0 0 0 0 0
1881 3 0 0 3 0 0 0 0 0
1882 3 0 0 3 0 0 0 0 0
1883 3 0 0 0 0 0 0 0 0
1886 3 0 0 0 0 0 0 0 0
1887 3 0 0 0 0 0 0 0 0
1888 3 0 0 0 0 0 0 0 0
1894 3 0 0 0 0 0 0 0 0
1895 3 1 1 0 0 0 0 0 0
1896 3 0 0 0 0 0 0 0 0
1897 3 0 0 0 0 0 0 0 0
1898 3 0 0 0 0 0 0 0 0
1899 3 0 0 0 0 0 0 0 0
1940 30 1 1 0 0 0 0 0 0
1941 30 0 0 30 4 3 0 0 0
1942 30 0 0 30 3 1 0 0 0
1943 30 0 0 0 0 0 0 0 0
1944 30 1 1 0 0 0 0 0 0
1946 30 0 0 0 0 0 0 0 0
1947 30 0 0 0 0 0 0 0 0
1948 30 0 0 0 0 0 0 0 0
1949 30 0 0 0 0 0 0 0 0
1950 30 0 0 0 0 0 0 0 0
1951 30 0 0 0 0 0 0 0 0
1952 30 0 0 0 0 0 0 0 0
1953 25 0 0 25 0 0 0 0 0
1957 25 0 0 0 0 0 0 0 0
1958 25 0 0 0 0 0 0 0 0
1959 25 0 0 0 0 0 0 0 0
1965 25 0 0 0 0 0 0 0 0
1966 25 0 0 0 0 0 0 0 0
1967 50 1 1 0 0 0 0 0 0
1971 25 0 0 0 0 0 0 0 0
1972 25 0 0 0 0 0 0 0 0
1975 25 0 0 25 0 0 0 0 0
1976 25 0 0 25 3 2 0 0 0
1977 25 0 0 0 0 0 0 0 0
1980 25 0 0 0 0 0 0 0 0
1981 25 0 0 0 0 0 0 0 0
1982 25 0 0 0 0 0 0 0 0
1988 25 0 0 0 0 0 0 0 0
1989 25 0 0 0 0 0 0 0 0
1990 25 1 1 0 0 0 0 0 0
1991 25 0 0 0 0 0 0 0 0
1992 25 0 0 0 0 0 0 0 0
1993 25 0 0 0 0 0 0 0 0
2065 16 1 1 0 0 0 0 0 0
2066 16 0 0 16 1 1 0 0 0
2067 16 0 0 16 1 0 0 0 0
2068 16 0 0 0 0 0 0 0 0
2069 16 1 1 0 0 0 0 0 0
2071 16 0 0 0 0 0 0 0 0
2072 16 0 0 0 0 0 0 0 0
2073 16 0 0 0 0 0 0 0 0
2074 16 0 0 0 0 0 0 0 0
2075 16 0 0 0 0 0 0 0 0
2076 16 0 0 0 0 0 0 0 0
2077 16 0 0 0 0 0 0 0 0
2079 12 0 0 12 0 0 0 0 0
2083 12 0 0 0 0 0 0 0 0
2084 12 0 0 0 0 0 0 0 0
2085 12 0 0 0 0 0 0 0 0
2091 12 0 0 0 0 0 0 0 0
2092 12 0 0 0 0 0 0 0 0
2094 24 1 1 0 0 0 0 0 0
2098 12 0 0 0 0 0 0 0 0
2099 12 0 0 0 0 0 0 0 0
2102 12 0 0 12 1 1 0 0 0
2103 12 0 0 12 1 0 0 0 0
2104 12 0 0 0 0 0 0 0 0
2107 12 0 0 0 0 0 0 0 0
2108 12 0 0 0 0 0 0 0 0
2109 12 0 0 0 0 0 0 0 0
2115 12 0 0 0 0 0 0 0 0
2116 12 0 0 0 0 0 0 0 0
2117 12 1 1 0 0 0 0 0 0
2118 12 0 0 0 0 0 0 0 0
2119 12 0 0 0 0 0 0 0 0
2120 12 0 0 0 0 0 0 0 0
2127 1 0 0 0 0 0 0 0 0
2128 1 0 0 0 0 0 0 0 0
2130 1 0 0 0 0 0 0 0 0
2131 1 0 0 0 0 0 0 0 0
2133 1 0 0 1 0 0 0 0 0
2134 1 0 0 1 0 0 0 0 0
2135 1 0 0 0 0 0 0 0 0
2138 1 0 0 0 0 0 0 0 0
2139 1 0 0 0 0 0 0 0 0
2140 1 0 0 0 0 0 0 0 0
2146 1 0 0 0 0 0 0 0 0
2147 1 1 1 0 0 0 0 0 0
2148 1 0 0 0 0 0 0 0 0
2149 1 0 0 0 0 0 0 0 0
2150 1 0 0 0 0 0 0 0 0
2151 1 0 0 0 0 0 0 0 0
2194 269 1 1 0 0 0 0 0 0
2196 304 0 0 0 0 0 0 0 0
2197 304 0 0 0 0 0 0 0 0
2198 304 0 0 0 0 0 0 0 0
2199 304 1 0 0 0 0 0 0 0
2200 168 0 0 0 0 0 0 0 0
2205 570 1 1 0 0 0 0 0 0
2211 570 0 0 570 0 0 0 0 0
2212 570 0 0 570 0 0 0 0 0
2220 570 0 0 0 0 0 0 0 0
2221 570 0 0 570 0 0 0 0 0
fl=/usr/src/debug/glibc-2.34-231.el9_7.10.x86_64/string/strdup.c
fn=strdup
40 20 1 1 0 0 0 8 0 0
41 8 0 0 0 0 0 4 0 0
44 8 0 0 0 0 0 0 0 0
47 16 1 1 0 0 0 0 0 0
48 12 0 0 8 0 0 0 0 0
fl=???
fn=(below main)
0 38 4 4 10 1 0 13 0 0
fn=???
0 1175205578 121 119 744250480 30 4 271 9 2
fn=_IO_default_uflow
0 558979083 3 3 133362456 0 0 79965510 0 0
fn=_IO_doallocbuf
0 26 3 3 8 1 0 4 0 0
fn=_IO_file_doallocate
0 52 4 4 12 0 0 7 0 0
fn=_IO_file_fopen@@GLIBC_2.2.5
0 65 8 8 13 1 1 9 0 0
fn=_IO_file_open
0 33 3 3 6 0 0 7 0 0
fn=_IO_file_read
0 1558974 1 1 519658 0 0 0 0 0
fn=_IO_file_seek
0 3 1 1 1 0 0 0 0 0
fn=_IO_file_seekoff@@GLIBC_2.2.5
0 93 12 12 24 0 0 16 0 0
fn=_IO_file_stat
0 3 1 1 1 0 0 0 0 0
fn=_IO_file_underflow@@GLIBC_2.2.5
0 15677314 7 7 4936739 0 0 3681399 0 0
fn=_IO_free_backup_area
0 15 1 1 4 0 0 5 0 0
fn=_IO_getline
0 430481475 1 1 0 0 0 0 0 0
fn=_IO_getline_info
0 9049622111 6 6 2010141430 0 0 1866386244 0 0
fn=_IO_link_in
0 110 7 7 40 1 0 28 0 0
fn=_IO_new_file_init_internal
0 9 2 2 3 0 0 4 0 0
fn=_IO_no_init
0 3443851595 4 4 717469080 0 0 1291444356 0 0
fn=_IO_old_init
0 4161320666 3 3 430481448 1 1 2439394874 0 0
fn=_IO_seekoff_unlocked
0 32 4 4 7 0 0 3 0 0
fn=_IO_setb
0 4017826848 1 1 1004456712 0 0 1004456712 0 0
fn=_IO_sputbackc
0 13201430980 3 3 4017826820 0 0 2295901040 1 0
fn=_IO_str_init_static_internal
0 5739752600 3 3 717469075 0 0 1865419595 0 0
fn=_IO_str_underflow
0 394630980 2 2 131543660 0 0 0 0 0
fn=_IO_switch_to_get_mode
0 6495725 3 3 2078632 0 0 1818803 0 0
fn=__GI_strstr
0 34 3 3 11 1 1 8 0 0
fn=____strtod_l_internal
0 224 25 25 36 3 2 21 0 0
fn=____strtol_l_internal
0 312 12 12 54 0 0 30 0 0
fn=____strtoul_l_internal
0 60530635071 12 12 7007291096 15 13 3156865030 1 0
fn=__acos_finite
0 8 2 2 4 0 0 0 0 0
fn=__alloc_dir
0 32 4 4 5 1 0 11 1 1
fn=__asin_finite
0 8 1 1 4 0 0 0 0 0
fn=__atan2_finite
0 9 2 2 4 0 0 0 0 0
fn=__close_nocancel
0 6 2 2 1 0 0 0 0 0
fn=__ctype_b_loc
0 8 2 2 6 0 0 0 0 0
fn=__ctype_init
0 17 2 2 10 5 0 3 0 0
fn=__cxa_atexit
0 3 1 1 0 0 0 0 0 0
fn=__errno_location
0 8 1 1 6 0 0 0 0 0
fn=__exp_finite
0 9 2 2 4 0 0 0 0 0
fn=__fopen_internal
0 43 4 4 7 0 0 11 0 0
fn=__glibc_morecore
0 18 1 1 4 0 0 2 0 0
fn=__init_misc
0 25 2 2 7 0 0 5 1 0
fn=__internal_atexit
0 40 3 3 10 1 1 10 1 1
fn=__isoc99_sscanf
0 7174690750 6 6 1004456705 0 0 2439394855 0 0
fn=__libc_cleanup_pop_restore
0 1291444344 1 1 717469080 0 0 143493816 0 0
fn=__libc_cleanup_push_defer
0 1865419608 2 2 573975264 0 0 430481448 0 0
fn=__libc_early_init
0 50 4 4 10 3 0 10 4 4
fn=__libc_start_main@@GLIBC_2.34
0 71 5 5 18 4 0 15 0 0
fn=__lll_elision_init
0 37 4 4 6 1 1 8 1 1
fn=__log_finite
0 9 2 2 4 0 0 0 0 0
fn=__memchr_avx2
0 2741835194 5 5 287957505 79 77 0 0 0
fn=__memcpy_avx_unaligned_erms
0 1752116191 3 3 431168560 0 0 287438658 0 0
fn=__memset_avx2_unaligned_erms
0 16 2 2 1 0 0 0 0 0
fn=__mpn_construct_double
0 16 2 2 2 0 0 0 0 0
fn=__mpn_lshift
0 16 2 2 2 0 0 1 0 0
fn=__new_exitfn
0 32 4 4 8 2 1 5 0 0
fn=__open_nocancel
0 27 3 3 4 0 0 2 1 0
fn=__pow_finite
0 8 2 2 4 0 0 0 0 0
fn=__pthread_tunables_init
0 21 2 2 5 0 0 4 0 0
fn=__rawmemchr_avx2
0 2152407225 1 1 286987630 0 0 0 0 0
fn=__sched_cpucount
0 26 2 2 3 0 0 0 0 0
fn=__sigjmp_save
0 9 0 0 2 0 0 2 0 0
fn=__sigsetjmp
0 22 3 3 5 1 0 8 0 0
fn=__strchr_avx2
0 21 2 2 3 0 0 0 0 0
fn=__strlen_avx2
0 378 2 2 54 8 8 0 0 0
fn=__strncasecmp_avx2
0 16 1 1 8 0 0 0 0 0
fn=__strncasecmp_l_avx2
0 167 3 3 44 6 5 0 0 0
fn=__strncmp_avx2
0 1362 7 7 266 3 0 0 0 0
fn=__strrchr_avx2
0 22 2 2 2 1 0 0 0 0
fn=__strtoul_internal
0 1147950520 0 0 573975260 0 0 0 0 0
fn=__uflow
0 929899635 4 4 292254171 3 0 53137122 0 0
fn=__vfscanf_internal
0 142795936294 55 55 35739634033 6 5 19108647103 7 0
fn=__x86_cacheinfo
0 28 3 3 9 2 0 8 3 3
fn=_init_first
0 19 2 2 7 3 1 4 2 1
fn=_int_free
0 107 16 16 31 0 0 11 0 0
fn=_int_malloc
0 1127 26 23 174 1 0 211 2 2
fn=_setjmp
0 3 1 1 0 0 0 0 0 0
fn=alloc_perturb
0 32 1 1 16 0 0 0 0 0
fn=bcmp
0 50 3 3 10 0 0 0 0 0
fn=brk
0 18 1 1 4 0 0 2 0 0
fn=check_stdfiles_vtables
0 12 2 2 7 4 0 0 0 0
fn=closedir
0 9 2 2 2 0 0 2 0 0
fn=cos
0 9 2 2 4 0 0 0 0 0
fn=cosf
0 9 1 1 4 0 0 0 0 0
fn=exp2f
0 9 2 2 4 0 0 0 0 0
fn=expf
0 9 1 1 4 0 0 0 0 0
fn=fgets
0 9901073889 5 5 2869876487 0 0 1721925895 0 0
fn=fopen@@GLIBC_2.2.5
0 3 1 1 0 0 0 0 0 0
fn=free
0 29 4 4 9 0 0 4 0 0
fn=fstat
0 12 2 1 2 0 0 0 0 0
fn=get_nprocs_conf
0 2516 4 4 622 0 0 223 0 0
fn=getdents64
0 18 1 1 2 0 0 0 0 0
fn=getenv
0 13852 4 4 5748 52 6 236 3 0
fn=getpagesize
0 6 1 1 3 0 0 0 0 0
fn=getrlimit
0 10 2 2 1 0 0 0 0 0
fn=index
0 44 2 2 8 0 0 0 0 0
fn=load_csr
0 4268964126 8 8 430481453 0 0 392222582 8221477 8221477
fn=log2f
0 9 2 2 4 0 0 0 0 0
fn=logf
0 9 1 1 4 0 0 0 0 0
fn=lseek
0 6 2 2 1 0 0 0 0 0
fn=main
0 54 7 7 6 0 0 15 0 0
fn=malloc
0 312 7 7 74 1 1 30 0 0
fn=memchr
0 25 3 3 4 0 0 0 0 0
fn=memcpy@@GLIBC_2.14
0 48 6 6 8 0 0 0 0 0
fn=memmove
0 48 3 3 8 0 0 0 0 0
fn=mempcpy
0 24 4 4 4 0 0 0 0 0
fn=memrchr
0 28 3 3 5 0 0 0 0 0
fn=memset
0 52 3 3 8 0 0 0 0 0
fn=mmap
0 69 2 2 9 0 0 6 0 0
fn=open
0 34 3 3 7 0 0 4 0 0
fn=opendir
0 10 2 2 1 1 1 1 0 0
fn=opendir_tail
0 30 2 2 7 0 0 5 1 0
fn=powf
0 9 1 1 4 0 0 0 0 0
fn=pthread_attr_init@@GLIBC_2.2.5
0 14 1 1 2 0 0 7 1 0
fn=pthread_getaffinity_np@@GLIBC_2.32
0 20 2 2 2 1 0 1 0 0
fn=pthread_key_create@@GLIBC_2.34
0 45 3 3 7 1 1 4 1 0
fn=pthread_self
0 3 1 1 2 0 0 0 0 0
fn=ptmalloc_init.part.0
0 713 8 8 8 1 0 273 33 32
fn=rand
0 131543660 2 2 26308732 0 0 26308732 0 0
fn=random
0 552483372 3 3 210469856 0 0 52617464 0 0
fn=random_r
0 734947160 3 3 210469856 0 0 105234928 0 0
fn=rawmemchr
0 25 2 2 4 0 0 0 0 0
fn=read
0 2078629 2 2 519657 0 0 0 0 0
fn=readdir
0 4026 4 4 1654 47 47 710 0 0
fn=rewind
0 42 3 3 15 0 0 7 0 0
fn=rindex
0 28 2 2 5 0 0 0 0 0
fn=round_and_return
0 72 6 6 11 0 0 9 0 0
fn=round_away
0 10 1 1 1 0 0 0 0 0
fn=sbrk
0 49 3 3 16 0 0 8 0 0
fn=secure_getenv
0 12 1 1 4 0 0 0 0 0
fn=sin
0 9 1 1 4 0 0 0 0 0
fn=sincosf
0 9 1 1 4 0 0 0 0 0
fn=sinf
0 9 1 1 4 0 0 0 0 0
fn=srand
0 16 2 2 5 0 0 2 0 0
fn=srandom_r
0 6179 5 5 1865 1 0 653 1 1
fn=stpcpy
0 20 3 3 4 0 0 0 0 0
fn=stpncpy
0 20 2 2 4 0 0 0 0 0
fn=str_to_mpn.part.0.constprop.0
0 48 4 4 13 1 1 9 0 0
fn=strcasecmp
0 44 3 3 8 0 0 0 0 0
fn=strcasecmp_l
0 22 2 2 4 0 0 0 0 0
fn=strcat
0 20 2 2 4 0 0 0 0 0
fn=strchrnul
0 28 3 3 5 0 0 0 0 0
fn=strcmp
0 44 3 3 8 0 0 0 0 0
fn=strcpy
0 20 2 2 4 0 0 0 0 0
fn=strcspn
0 7 2 2 3 0 0 0 0 0
fn=strlen
0 56 2 2 10 0 0 0 0 0
fn=strncasecmp
0 44 2 2 8 0 0 0 0 0
fn=strncasecmp_l
0 22 4 4 4 0 0 0 0 0
fn=strncmp
0 44 3 3 8 0 0 0 0 0
fn=strncpy
0 20 2 2 4 0 0 0 0 0
fn=strnlen
0 56 3 3 10 2 0 0 0 0
fn=strpbrk
0 7 1 1 3 0 0 0 0 0
fn=strspn
0 7 2 2 3 0 0 0 0 0
fn=strtod
0 5 1 1 2 0 0 0 0 0
fn=strtol
0 15 1 1 6 0 0 0 0 0
fn=strtoul
0 500 1 1 200 0 0 0 0 0
fn=sysconf
0 46 8 8 9 1 1 6 0 0
fn=sysmalloc
0 336 24 21 86 2 1 52 5 5
fn=systrim.constprop.0
0 21 2 2 8 0 0 3 0 0
fn=tcache_init.part.0
0 117 3 3 9 0 0 85 9 9
fn=wcschr
0 56 3 3 10 0 0 0 0 0
fn=wcscmp
0 28 2 2 5 0 0 0 0 0
fn=wcscpy
0 7 1 1 3 0 0 0 0 0
fn=wcslen
0 22 2 2 4 0 0 0 0 0
fn=wcsnlen
0 22 2 2 4 0 0 0 0 0
fn=wmemchr
0 50 3 3 8 0 0 0 0 0
fn=wmemcmp
0 25 2 2 5 0 0 0 0 0
fn=wmemset
0 38 2 2 8 0 0 0 0 0
summary: 280170610519 1646 1602 60577923629 2794 2235 38766268029 8222234 8222179
