==2834388== Cachegrind, a high-precision tracing profiler
==2834388== Copyright (C) 2002-2024, and GNU GPL'd, by Nicholas Nethercote et al.
==2834388== Using Valgrind-3.25.1 and LibVEX; rerun with -h for copyright info
==2834388== Command: ./bin/dsa_prof data/com-orkut.ungraph.txt 1 auto 2 0 1
==2834388== 
--2834388-- warning: L3 cache found, using its data for the LL simulation.
--2834388-- warning: specified LL cache: line_size 64  assoc 11  total_size 25,952,256
--2834388-- warning: simulated LL cache: line_size 64  assoc 12  total_size 25,165,824
==2834388== brk segment overflow in thread #1: can't grow to 0x4c13000
==2834388== (see section Limitations in user manual)
==2834388== NOTE: further instances of this message will not be shown
source: auto -> vertex 660769
==2834388== 
==2834388== I refs:        507,166,487,372
==2834388== I1  misses:              2,912
==2834388== LLi misses:              2,862
==2834388== I1  miss rate:            0.00%
==2834388== LLi miss rate:            0.00%
==2834388== 
==2834388== D refs:        180,532,982,501  (112,711,867,694 rd   + 67,821,114,807 wr)
==2834388== D1  misses:      1,849,144,008  (  1,506,144,428 rd   +    342,999,580 wr)
==2834388== LLd misses:        675,817,573  (    447,952,200 rd   +    227,865,373 wr)
==2834388== D1  miss rate:             1.0% (            1.3%     +            0.5%  )
==2834388== LLd miss rate:             0.4% (            0.4%     +            0.3%  )
==2834388== 
==2834388== LL refs:         1,849,146,920  (  1,506,147,340 rd   +    342,999,580 wr)
==2834388== LL misses:         675,820,435  (    447,955,062 rd   +    227,865,373 wr)
==2834388== LL miss rate:              0.1% (            0.1%     +            0.3%  )
