==2826278== Cachegrind, a high-precision tracing profiler
==2826278== Copyright (C) 2002-2024, and GNU GPL'd, by Nicholas Nethercote et al.
==2826278== Using Valgrind-3.25.1 and LibVEX; rerun with -h for copyright info
==2826278== Command: ./bin/dsa_prof data/com-orkut.ungraph.txt 1 auto 2 0 1
==2826278== 
--2826278-- warning: L3 cache found, using its data for the LL simulation.
--2826278-- warning: specified LL cache: line_size 64  assoc 11  total_size 25,952,256
--2826278-- warning: simulated LL cache: line_size 64  assoc 12  total_size 25,165,824
==2826278== brk segment overflow in thread #1: can't grow to 0x4c13000
==2826278== (see section Limitations in user manual)
==2826278== NOTE: further instances of this message will not be shown
source: auto -> vertex 660769
==2826278== 
==2826278== I refs:        506,949,932,420
==2826278== I1  misses:              2,686
==2826278== LLi misses:              2,642
==2826278== I1  miss rate:            0.00%
==2826278== LLi miss rate:            0.00%
==2826278== 
==2826278== D refs:        180,493,853,910  (112,677,114,761 rd   + 67,816,739,149 wr)
==2826278== D1  misses:      1,849,159,198  (  1,506,131,087 rd   +    343,028,111 wr)
==2826278== LLd misses:        675,729,575  (    447,907,152 rd   +    227,822,423 wr)
==2826278== D1  miss rate:             1.0% (            1.3%     +            0.5%  )
==2826278== LLd miss rate:             0.4% (            0.4%     +            0.3%  )
==2826278== 
==2826278== LL refs:         1,849,161,884  (  1,506,133,773 rd   +    343,028,111 wr)
==2826278== LL misses:         675,732,217  (    447,909,794 rd   +    227,822,423 wr)
==2826278== LL miss rate:              0.1% (            0.1%     +            0.3%  )
