==1130285== Cachegrind, a high-precision tracing profiler
==1130285== Copyright (C) 2002-2024, and GNU GPL'd, by Nicholas Nethercote et al.
==1130285== Using Valgrind-3.25.1 and LibVEX; rerun with -h for copyright info
==1130285== Command: ./bin/dsa_prof data/com-orkut.ungraph.txt 1 auto 2 0 1
==1130285== 
--1130285-- warning: L3 cache found, using its data for the LL simulation.
--1130285-- warning: specified LL cache: line_size 64  assoc 11  total_size 37,486,592
--1130285-- warning: simulated LL cache: line_size 64  assoc 18  total_size 37,748,736
==1130285== brk segment overflow in thread #1: can't grow to 0x4c13000
==1130285== (see section Limitations in user manual)
==1130285== NOTE: further instances of this message will not be shown
source: auto -> vertex 660769
==1130285== 
==1130285== I refs:        507,786,435,751
==1130285== I1  misses:              2,946
==1130285== LLi misses:              2,887
==1130285== I1  miss rate:            0.00%
==1130285== LLi miss rate:            0.00%
==1130285== 
==1130285== D refs:        180,623,749,203  (112,801,465,431 rd   + 67,822,283,772 wr)
==1130285== D1  misses:      1,849,092,674  (  1,506,101,517 rd   +    342,991,157 wr)
==1130285== LLd misses:        599,721,890  (    387,305,154 rd   +    212,416,736 wr)
==1130285== D1  miss rate:             1.0% (            1.3%     +            0.5%  )
==1130285== LLd miss rate:             0.3% (            0.3%     +            0.3%  )
==1130285== 
==1130285== LL refs:         1,849,095,620  (  1,506,104,463 rd   +    342,991,157 wr)
==1130285== LL misses:         599,724,777  (    387,308,041 rd   +    212,416,736 wr)
==1130285== LL miss rate:              0.1% (            0.1%     +            0.3%  )
