==1139133== Cachegrind, a high-precision tracing profiler
==1139133== Copyright (C) 2002-2024, and GNU GPL'd, by Nicholas Nethercote et al.
==1139133== Using Valgrind-3.25.1 and LibVEX; rerun with -h for copyright info
==1139133== Command: ./bin/dsa_prof data/com-orkut.ungraph.txt 1 auto 2 0 1
==1139133== 
--1139133-- warning: L3 cache found, using its data for the LL simulation.
--1139133-- warning: specified LL cache: line_size 64  assoc 11  total_size 37,486,592
--1139133-- warning: simulated LL cache: line_size 64  assoc 18  total_size 37,748,736
==1139133== brk segment overflow in thread #1: can't grow to 0x4c13000
==1139133== (see section Limitations in user manual)
==1139133== NOTE: further instances of this message will not be shown
source: auto -> vertex 660769
==1139133== 
==1139133== I refs:        512,716,134,669
==1139133== I1  misses:              2,948
==1139133== LLi misses:              2,889
==1139133== I1  miss rate:            0.00%
==1139133== LLi miss rate:            0.00%
==1139133== 
==1139133== D refs:        181,334,776,569  (113,508,798,404 rd   + 67,825,978,165 wr)
==1139133== D1  misses:      1,849,452,196  (  1,506,291,936 rd   +    343,160,260 wr)
==1139133== LLd misses:        600,004,052  (    387,457,140 rd   +    212,546,912 wr)
==1139133== D1  miss rate:             1.0% (            1.3%     +            0.5%  )
==1139133== LLd miss rate:             0.3% (            0.3%     +            0.3%  )
==1139133== 
==1139133== LL refs:         1,849,455,144  (  1,506,294,884 rd   +    343,160,260 wr)
==1139133== LL misses:         600,006,941  (    387,460,029 rd   +    212,546,912 wr)
==1139133== LL miss rate:              0.1% (            0.1%     +            0.3%  )
