==758255== Cachegrind, a high-precision tracing profiler
==758255== Copyright (C) 2002-2024, and GNU GPL'd, by Nicholas Nethercote et al.
==758255== Using Valgrind-3.25.1 and LibVEX; rerun with -h for copyright info
==758255== Command: ./bin/wasp_prof data/com-orkut.ungraph.txt 1 auto 2 0 1
==758255== 
--758255-- warning: L3 cache found, using its data for the LL simulation.
==758255== brk segment overflow in thread #1: can't grow to 0x4c13000
==758255== (see section Limitations in user manual)
==758255== NOTE: further instances of this message will not be shown
source: auto -> vertex 660769
==758255== 
==758255== I refs:        546,190,745,765
==758255== I1  misses:              2,860
==758255== LLi misses:              2,809
==758255== I1  miss rate:            0.00%
==758255== LLi miss rate:            0.00%
==758255== 
==758255== D refs:        241,133,274,920  (141,892,200,371 rd   + 99,241,074,549 wr)
==758255== D1  misses:      5,686,661,651  (  5,343,690,162 rd   +    342,971,489 wr)
==758255== LLd misses:        574,478,470  (    344,113,850 rd   +    230,364,620 wr)
==758255== D1  miss rate:             2.4% (            3.8%     +            0.3%  )
==758255== LLd miss rate:             0.2% (            0.2%     +            0.2%  )
==758255== 
==758255== LL refs:         5,686,664,511  (  5,343,693,022 rd   +    342,971,489 wr)
==758255== LL misses:         574,481,279  (    344,116,659 rd   +    230,364,620 wr)
==758255== LL miss rate:              0.1% (            0.1%     +            0.2%  )
