==1191648== Cachegrind, a high-precision tracing profiler
==1191648== Copyright (C) 2002-2024, and GNU GPL'd, by Nicholas Nethercote et al.
==1191648== Using Valgrind-3.25.1 and LibVEX; rerun with -h for copyright info
==1191648== Command: ./bin/wasp_prof data/soc-LiveJournal1.txt 0 auto 5 0 1
==1191648== 
--1191648-- warning: L3 cache found, using its data for the LL simulation.
--1191648-- warning: specified LL cache: line_size 64  assoc 11  total_size 25,952,256
--1191648-- warning: simulated LL cache: line_size 64  assoc 12  total_size 25,165,824
==1191648== brk segment overflow in thread #1: can't grow to 0x52d9000
==1191648== (see section Limitations in user manual)
==1191648== NOTE: further instances of this message will not be shown
source: auto -> vertex 698675
==1191648== 
==1191648== I refs:        340,216,590,419
==1191648== I1  misses:              2,842
==1191648== LLi misses:              2,792
==1191648== I1  miss rate:            0.00%
==1191648== LLi miss rate:            0.00%
==1191648== 
==1191648== D refs:        155,718,852,508  (90,260,870,121 rd   + 65,457,982,387 wr)
==1191648== D1  misses:      6,286,777,213  ( 6,202,499,700 rd   +     84,277,513 wr)
==1191648== LLd misses:        214,853,856  (   156,410,498 rd   +     58,443,358 wr)
==1191648== D1  miss rate:             4.0% (           6.9%     +            0.1%  )
==1191648== LLd miss rate:             0.1% (           0.2%     +            0.1%  )
==1191648== 
==1191648== LL refs:         6,286,780,055  ( 6,202,502,542 rd   +     84,277,513 wr)
==1191648== LL misses:         214,856,648  (   156,413,290 rd   +     58,443,358 wr)
==1191648== LL miss rate:              0.0% (           0.0%     +            0.1%  )
