==2019248== Cachegrind, a high-precision tracing profiler
==2019248== Copyright (C) 2002-2024, and GNU GPL'd, by Nicholas Nethercote et al.
==2019248== Using Valgrind-3.25.1 and LibVEX; rerun with -h for copyright info
==2019248== Command: ./bin/dsa_prof data/soc-pokec-relationships.txt 0 auto 5 0 1
==2019248== 
--2019248-- warning: L3 cache found, using its data for the LL simulation.
==2019248== brk segment overflow in thread #1: can't grow to 0x4cd0000
==2019248== (see section Limitations in user manual)
==2019248== NOTE: further instances of this message will not be shown
source: auto -> vertex 73249
==2019248== 
==2019248== I refs:        126,970,930,473
==2019248== I1  misses:              2,642
==2019248== LLi misses:              2,595
==2019248== I1  miss rate:            0.00%
==2019248== LLi miss rate:            0.00%
==2019248== 
==2019248== D refs:         45,913,662,069  (28,345,047,036 rd   + 17,568,615,033 wr)
==2019248== D1  misses:        245,693,673  (   214,304,431 rd   +     31,389,242 wr)
==2019248== LLd misses:         68,959,118  (    48,481,478 rd   +     20,477,640 wr)
==2019248== D1  miss rate:             0.5% (           0.8%     +            0.2%  )
==2019248== LLd miss rate:             0.2% (           0.2%     +            0.1%  )
==2019248== 
==2019248== LL refs:           245,696,315  (   214,307,073 rd   +     31,389,242 wr)
==2019248== LL misses:          68,961,713  (    48,484,073 rd   +     20,477,640 wr)
==2019248== LL miss rate:              0.0% (           0.0%     +            0.1%  )
