==1746868== Cachegrind, a high-precision tracing profiler
==1746868== Copyright (C) 2002-2024, and GNU GPL'd, by Nicholas Nethercote et al.
==1746868== Using Valgrind-3.25.1 and LibVEX; rerun with -h for copyright info
==1746868== Command: ./bin/dsa_prof data/soc-LiveJournal1.txt 0 auto 5 0 1
==1746868== 
--1746868-- warning: L3 cache found, using its data for the LL simulation.
--1746868-- warning: specified LL cache: line_size 64  assoc 11  total_size 25,952,256
--1746868-- warning: simulated LL cache: line_size 64  assoc 12  total_size 25,165,824
==1746868== brk segment overflow in thread #1: can't grow to 0x52d9000
==1746868== (see section Limitations in user manual)
==1746868== NOTE: further instances of this message will not be shown
source: auto -> vertex 698675
==1746868== 
==1746868== I refs:        295,403,087,926
==1746868== I1  misses:              2,955
==1746868== LLi misses:              2,899
==1746868== I1  miss rate:            0.00%
==1746868== LLi miss rate:            0.00%
==1746868== 
==1746868== D refs:        106,060,848,388  (65,769,681,273 rd   + 40,291,167,115 wr)
==1746868== D1  misses:        536,601,685  (   451,782,669 rd   +     84,819,016 wr)
==1746868== LLd misses:        261,071,383  (   201,213,154 rd   +     59,858,229 wr)
==1746868== D1  miss rate:             0.5% (           0.7%     +            0.2%  )
==1746868== LLd miss rate:             0.2% (           0.3%     +            0.1%  )
==1746868== 
==1746868== LL refs:           536,604,640  (   451,785,624 rd   +     84,819,016 wr)
==1746868== LL misses:         261,074,282  (   201,216,053 rd   +     59,858,229 wr)
==1746868== LL miss rate:              0.1% (           0.1%     +            0.1%  )
