==2236098== Cachegrind, a high-precision tracing profiler
==2236098== Copyright (C) 2002-2024, and GNU GPL'd, by Nicholas Nethercote et al.
==2236098== Using Valgrind-3.25.1 and LibVEX; rerun with -h for copyright info
==2236098== Command: ./bin/dsa_prof data/soc-LiveJournal1.txt 0 auto 5 0 1
==2236098== 
--2236098-- warning: L3 cache found, using its data for the LL simulation.
==2236098== brk segment overflow in thread #1: can't grow to 0x52d9000
==2236098== (see section Limitations in user manual)
==2236098== NOTE: further instances of this message will not be shown
source: auto -> vertex 698675
==2236098== 
==2236098== I refs:        302,733,889,672
==2236098== I1  misses:              2,905
==2236098== LLi misses:              2,854
==2236098== I1  miss rate:            0.00%
==2236098== LLi miss rate:            0.00%
==2236098== 
==2236098== D refs:        107,115,555,471  (66,820,320,582 rd   + 40,295,234,889 wr)
==2236098== D1  misses:        528,139,249  (   444,875,874 rd   +     83,263,375 wr)
==2236098== LLd misses:        209,076,844  (   153,668,318 rd   +     55,408,526 wr)
==2236098== D1  miss rate:             0.5% (           0.7%     +            0.2%  )
==2236098== LLd miss rate:             0.2% (           0.2%     +            0.1%  )
==2236098== 
==2236098== LL refs:           528,142,154  (   444,878,779 rd   +     83,263,375 wr)
==2236098== LL misses:         209,079,698  (   153,671,172 rd   +     55,408,526 wr)
==2236098== LL miss rate:              0.1% (           0.0%     +            0.1%  )
