==1185770== Cachegrind, a high-precision tracing profiler
==1185770== Copyright (C) 2002-2024, and GNU GPL'd, by Nicholas Nethercote et al.
==1185770== Using Valgrind-3.25.1 and LibVEX; rerun with -h for copyright info
==1185770== Command: ./bin/wasp_prof data/soc-LiveJournal1.txt 0 auto 5 0 1
==1185770== 
--1185770-- warning: L3 cache found, using its data for the LL simulation.
--1185770-- warning: specified LL cache: line_size 64  assoc 11  total_size 25,952,256
--1185770-- warning: simulated LL cache: line_size 64  assoc 12  total_size 25,165,824
==1185770== brk segment overflow in thread #1: can't grow to 0x52d9000
==1185770== (see section Limitations in user manual)
==1185770== NOTE: further instances of this message will not be shown
source: auto -> vertex 698675
==1185770== 
==1185770== I refs:        339,996,015,709
==1185770== I1  misses:              2,835
==1185770== LLi misses:              2,785
==1185770== I1  miss rate:            0.00%
==1185770== LLi miss rate:            0.00%
==1185770== 
==1185770== D refs:        155,691,385,143  (90,231,213,126 rd   + 65,460,172,017 wr)
==1185770== D1  misses:      6,286,930,046  ( 6,202,579,684 rd   +     84,350,362 wr)
==1185770== LLd misses:        215,055,181  (   156,533,486 rd   +     58,521,695 wr)
==1185770== D1  miss rate:             4.0% (           6.9%     +            0.1%  )
==1185770== LLd miss rate:             0.1% (           0.2%     +            0.1%  )
==1185770== 
==1185770== LL refs:         6,286,932,881  ( 6,202,582,519 rd   +     84,350,362 wr)
==1185770== LL misses:         215,057,966  (   156,536,271 rd   +     58,521,695 wr)
==1185770== LL miss rate:              0.0% (           0.0%     +            0.1%  )
