==3329663== Cachegrind, a high-precision tracing profiler
==3329663== Copyright (C) 2002-2024, and GNU GPL'd, by Nicholas Nethercote et al.
==3329663== Using Valgrind-3.25.1 and LibVEX; rerun with -h for copyright info
==3329663== Command: ./bin/wasp_prof data/soc-pokec-relationships.txt 0 auto 5 0 1
==3329663== 
--3329663-- warning: L3 cache found, using its data for the LL simulation.
--3329663-- warning: specified LL cache: line_size 64  assoc 11  total_size 25,952,256
--3329663-- warning: simulated LL cache: line_size 64  assoc 12  total_size 25,165,824
==3329663== brk segment overflow in thread #1: can't grow to 0x4cd0000
==3329663== (see section Limitations in user manual)
==3329663== NOTE: further instances of this message will not be shown
source: auto -> vertex 73249
==3329663== 
==3329663== I refs:        141,669,188,170
==3329663== I1  misses:              2,585
==3329663== LLi misses:              2,539
==3329663== I1  miss rate:            0.00%
==3329663== LLi miss rate:            0.00%
==3329663== 
==3329663== D refs:         70,160,352,197  (40,339,829,490 rd   + 29,820,522,707 wr)
==3329663== D1  misses:      1,218,744,986  ( 1,186,954,110 rd   +     31,790,876 wr)
==3329663== LLd misses:         70,938,819  (    48,909,242 rd   +     22,029,577 wr)
==3329663== D1  miss rate:             1.7% (           2.9%     +            0.1%  )
==3329663== LLd miss rate:             0.1% (           0.1%     +            0.1%  )
==3329663== 
==3329663== LL refs:         1,218,747,571  ( 1,186,956,695 rd   +     31,790,876 wr)
==3329663== LL misses:          70,941,358  (    48,911,781 rd   +     22,029,577 wr)
==3329663== LL miss rate:              0.0% (           0.0%     +            0.1%  )
