==2224912== Cachegrind, a high-precision tracing profiler
==2224912== Copyright (C) 2002-2024, and GNU GPL'd, by Nicholas Nethercote et al.
==2224912== Using Valgrind-3.25.1 and LibVEX; rerun with -h for copyright info
==2224912== Command: ./bin/dsa_prof data/soc-pokec-relationships.txt 0 auto 5 0 1
==2224912== 
--2224912-- warning: L3 cache found, using its data for the LL simulation.
==2224912== brk segment overflow in thread #1: can't grow to 0x4cd0000
==2224912== (see section Limitations in user manual)
==2224912== NOTE: further instances of this message will not be shown
source: auto -> vertex 73249
==2224912== 
==2224912== I refs:        149,833,407,062
==2224912== I1  misses:              2,937
==2224912== LLi misses:              2,881
==2224912== I1  miss rate:            0.00%
==2224912== LLi miss rate:            0.00%
==2224912== 
==2224912== D refs:         49,189,626,690  (31,615,685,773 rd   + 17,573,940,917 wr)
==2224912== D1  misses:        245,880,793  (   214,399,311 rd   +     31,481,482 wr)
==2224912== LLd misses:         69,039,466  (    48,471,551 rd   +     20,567,915 wr)
==2224912== D1  miss rate:             0.5% (           0.7%     +            0.2%  )
==2224912== LLd miss rate:             0.1% (           0.2%     +            0.1%  )
==2224912== 
==2224912== LL refs:           245,883,730  (   214,402,248 rd   +     31,481,482 wr)
==2224912== LL misses:          69,042,347  (    48,474,432 rd   +     20,567,915 wr)
==2224912== LL miss rate:              0.0% (           0.0%     +            0.1%  )
