==3334689== Cachegrind, a high-precision tracing profiler
==3334689== Copyright (C) 2002-2024, and GNU GPL'd, by Nicholas Nethercote et al.
==3334689== Using Valgrind-3.25.1 and LibVEX; rerun with -h for copyright info
==3334689== Command: ./bin/wasp_prof data/soc-pokec-relationships.txt 0 auto 5 0 1
==3334689== 
--3334689-- warning: L3 cache found, using its data for the LL simulation.
--3334689-- warning: specified LL cache: line_size 64  assoc 11  total_size 25,952,256
--3334689-- warning: simulated LL cache: line_size 64  assoc 12  total_size 25,165,824
==3334689== brk segment overflow in thread #1: can't grow to 0x4cd0000
==3334689== (see section Limitations in user manual)
==3334689== NOTE: further instances of this message will not be shown
source: auto -> vertex 73249
==3334689== 
==3334689== I refs:        141,715,392,978
==3334689== I1  misses:              2,795
==3334689== LLi misses:              2,745
==3334689== I1  miss rate:            0.00%
==3334689== LLi miss rate:            0.00%
==3334689== 
==3334689== D refs:         70,166,933,529  (40,346,420,515 rd   + 29,820,513,014 wr)
==3334689== D1  misses:      1,218,742,171  ( 1,186,953,408 rd   +     31,788,763 wr)
==3334689== LLd misses:         70,937,117  (    48,908,476 rd   +     22,028,641 wr)
==3334689== D1  miss rate:             1.7% (           2.9%     +            0.1%  )
==3334689== LLd miss rate:             0.1% (           0.1%     +            0.1%  )
==3334689== 
==3334689== LL refs:         1,218,744,966  ( 1,186,956,203 rd   +     31,788,763 wr)
==3334689== LL misses:          70,939,862  (    48,911,221 rd   +     22,028,641 wr)
==3334689== LL miss rate:              0.0% (           0.0%     +            0.1%  )
