==1127683== Cachegrind, a high-precision tracing profiler
==1127683== Copyright (C) 2002-2024, and GNU GPL'd, by Nicholas Nethercote et al.
==1127683== Using Valgrind-3.25.1 and LibVEX; rerun with -h for copyright info
==1127683== Command: ./bin/dijkstra_prof data/soc-pokec-relationships.txt 0 auto 0 1
==1127683== 
--1127683-- warning: L3 cache found, using its data for the LL simulation.
--1127683-- warning: specified LL cache: line_size 64  assoc 11  total_size 37,486,592
--1127683-- warning: simulated LL cache: line_size 64  assoc 18  total_size 37,748,736
source: auto -> vertex 5867
==1127683== 
==1127683== I refs:        124,569,235,514
==1127683== I1  misses:              1,962
==1127683== LLi misses:              1,950
==1127683== I1  miss rate:            0.00%
==1127683== LLi miss rate:            0.00%
==1127683== 
==1127683== D refs:         44,761,022,543  (27,412,017,176 rd   + 17,349,005,367 wr)
==1127683== D1  misses:         71,206,096  (    57,044,793 rd   +     14,161,303 wr)
==1127683== LLd misses:         36,362,397  (    22,209,799 rd   +     14,152,598 wr)
==1127683== D1  miss rate:             0.2% (           0.2%     +            0.1%  )
==1127683== LLd miss rate:             0.1% (           0.1%     +            0.1%  )
==1127683== 
==1127683== LL refs:            71,208,058  (    57,046,755 rd   +     14,161,303 wr)
==1127683== LL misses:          36,364,347  (    22,211,749 rd   +     14,152,598 wr)
==1127683== LL miss rate:              0.0% (           0.0%     +            0.1%  )
