==1122153== Cachegrind, a high-precision tracing profiler
==1122153== Copyright (C) 2002-2024, and GNU GPL'd, by Nicholas Nethercote et al.
==1122153== Using Valgrind-3.25.1 and LibVEX; rerun with -h for copyright info
==1122153== Command: ./bin/dijkstra_prof data/soc-pokec-relationships.txt 0 auto 0 1
==1122153== 
--1122153-- warning: L3 cache found, using its data for the LL simulation.
--1122153-- warning: specified LL cache: line_size 64  assoc 11  total_size 37,486,592
--1122153-- warning: simulated LL cache: line_size 64  assoc 18  total_size 37,748,736
==1122153== brk segment overflow in thread #1: can't grow to 0x4cd0000
==1122153== (see section Limitations in user manual)
==1122153== NOTE: further instances of this message will not be shown
source: auto -> vertex 73249
==1122153== 
==1122153== I refs:        127,342,805,647
==1122153== I1  misses:              2,085
==1122153== LLi misses:              2,073
==1122153== I1  miss rate:            0.00%
==1122153== LLi miss rate:            0.00%
==1122153== 
==1122153== D refs:         45,928,169,036  (28,196,762,571 rd   + 17,731,406,465 wr)
==1122153== D1  misses:        204,167,223  (   173,030,021 rd   +     31,137,202 wr)
==1122153== LLd misses:         63,120,620  (    42,123,726 rd   +     20,996,894 wr)
==1122153== D1  miss rate:             0.4% (           0.6%     +            0.2%  )
==1122153== LLd miss rate:             0.1% (           0.1%     +            0.1%  )
==1122153== 
==1122153== LL refs:           204,169,308  (   173,032,106 rd   +     31,137,202 wr)
==1122153== LL misses:          63,122,693  (    42,125,799 rd   +     20,996,894 wr)
==1122153== LL miss rate:              0.0% (           0.0%     +            0.1%  )
