==3088006== Cachegrind, a high-precision tracing profiler
==3088006== Copyright (C) 2002-2024, and GNU GPL'd, by Nicholas Nethercote et al.
==3088006== Using Valgrind-3.25.1 and LibVEX; rerun with -h for copyright info
==3088006== Command: ./bin/dsa_prof data/soc-pokec-relationships.txt 0 auto 5 0 1
==3088006== 
--3088006-- warning: L3 cache found, using its data for the LL simulation.
--3088006-- warning: specified LL cache: line_size 64  assoc 11  total_size 37,486,592
--3088006-- warning: simulated LL cache: line_size 64  assoc 18  total_size 37,748,736
==3088006== brk segment overflow in thread #1: can't grow to 0x4cd1000
==3088006== (see section Limitations in user manual)
==3088006== NOTE: further instances of this message will not be shown
source: auto -> vertex 73249
==3088006== 
==3088006== I refs:        127,738,967,776
==3088006== I1  misses:              3,299
==3088006== LLi misses:              3,094
==3088006== I1  miss rate:            0.00%
==3088006== LLi miss rate:            0.00%
==3088006== 
==3088006== D refs:         46,025,919,753  (28,455,955,416 rd   + 17,569,964,337 wr)
==3088006== D1  misses:        249,758,217  (   217,831,971 rd   +     31,926,246 wr)
==3088006== LLd misses:         79,430,843  (    57,797,800 rd   +     21,633,043 wr)
==3088006== D1  miss rate:             0.5% (           0.8%     +            0.2%  )
==3088006== LLd miss rate:             0.2% (           0.2%     +            0.1%  )
==3088006== 
==3088006== LL refs:           249,761,516  (   217,835,270 rd   +     31,926,246 wr)
==3088006== LL misses:          79,433,937  (    57,800,894 rd   +     21,633,043 wr)
==3088006== LL miss rate:              0.0% (           0.0%     +            0.1%  )
