==1129899== Cachegrind, a high-precision tracing profiler
==1129899== Copyright (C) 2002-2024, and GNU GPL'd, by Nicholas Nethercote et al.
==1129899== Using Valgrind-3.25.1 and LibVEX; rerun with -h for copyright info
==1129899== Command: ./bin/dsa_prof data/soc-pokec-relationships.txt 0 auto 5 0 1
==1129899== 
--1129899-- warning: L3 cache found, using its data for the LL simulation.
--1129899-- warning: specified LL cache: line_size 64  assoc 11  total_size 37,486,592
--1129899-- warning: simulated LL cache: line_size 64  assoc 18  total_size 37,748,736
source: auto -> vertex 5867
==1129899== brk segment overflow in thread #1: can't grow to 0x48a6000
==1129899== (see section Limitations in user manual)
==1129899== NOTE: further instances of this message will not be shown
==1129899== 
==1129899== I refs:        126,484,464,958
==1129899== I1  misses:              3,188
==1129899== LLi misses:              2,990
==1129899== I1  miss rate:            0.00%
==1129899== LLi miss rate:            0.00%
==1129899== 
==1129899== D refs:         45,080,365,827  (27,890,287,830 rd   + 17,190,077,997 wr)
==1129899== D1  misses:        116,730,994  (   101,651,640 rd   +     15,079,354 wr)
==1129899== LLd misses:         52,795,840  (    37,994,402 rd   +     14,801,438 wr)
==1129899== D1  miss rate:             0.3% (           0.4%     +            0.1%  )
==1129899== LLd miss rate:             0.1% (           0.1%     +            0.1%  )
==1129899== 
==1129899== LL refs:           116,734,182  (   101,654,828 rd   +     15,079,354 wr)
==1129899== LL misses:          52,798,830  (    37,997,392 rd   +     14,801,438 wr)
==1129899== LL miss rate:              0.0% (           0.0%     +            0.1%  )
