==3097370== Cachegrind, a high-precision tracing profiler
==3097370== Copyright (C) 2002-2024, and GNU GPL'd, by Nicholas Nethercote et al.
==3097370== Using Valgrind-3.25.1 and LibVEX; rerun with -h for copyright info
==3097370== Command: ./bin/wasp_prof data/soc-pokec-relationships.txt 0 auto 5 0 1
==3097370== 
--3097370-- warning: L3 cache found, using its data for the LL simulation.
--3097370-- warning: specified LL cache: line_size 64  assoc 11  total_size 37,486,592
--3097370-- warning: simulated LL cache: line_size 64  assoc 18  total_size 37,748,736
source: auto -> vertex 5867
==3097370== brk segment overflow in thread #1: can't grow to 0x489e000
==3097370== (see section Limitations in user manual)
==3097370== NOTE: further instances of this message will not be shown
==3097370== 
==3097370== I refs:        138,899,070,989
==3097370== I1  misses:              3,063
==3097370== LLi misses:              2,868
==3097370== I1  miss rate:            0.00%
==3097370== LLi miss rate:            0.00%
==3097370== 
==3097370== D refs:         68,994,588,461  (39,555,970,547 rd   + 29,438,617,914 wr)
==3097370== D1  misses:      1,085,509,145  ( 1,070,677,892 rd   +     14,831,253 wr)
==3097370== LLd misses:         36,703,235  (    22,475,353 rd   +     14,227,882 wr)
==3097370== D1  miss rate:             1.6% (           2.7%     +            0.1%  )
==3097370== LLd miss rate:             0.1% (           0.1%     +            0.0%  )
==3097370== 
==3097370== LL refs:         1,085,512,208  ( 1,070,680,955 rd   +     14,831,253 wr)
==3097370== LL misses:          36,706,103  (    22,478,221 rd   +     14,227,882 wr)
==3097370== LL miss rate:              0.0% (           0.0%     +            0.0%  )
