==1974187== Cachegrind, a high-precision tracing profiler
==1974187== Copyright (C) 2002-2024, and GNU GPL'd, by Nicholas Nethercote et al.
==1974187== Using Valgrind-3.25.1 and LibVEX; rerun with -h for copyright info
==1974187== Command: ./bin/dsa_prof data/com-orkut.ungraph.txt 1 auto 2 0 1
==1974187== 
--1974187-- warning: L3 cache found, using its data for the LL simulation.
--1974187-- warning: specified LL cache: line_size 64  assoc 11  total_size 37,486,592
--1974187-- warning: simulated LL cache: line_size 64  assoc 18  total_size 37,748,736
source: auto -> vertex 43608
==1974187== brk segment overflow in thread #1: can't grow to 0x4c15000
==1974187== (see section Limitations in user manual)
==1974187== NOTE: further instances of this message will not be shown
==1974187== 
==1974187== I refs:        497,440,020,504
==1974187== I1  misses:              3,214
==1974187== LLi misses:              3,009
==1974187== I1  miss rate:            0.00%
==1974187== LLi miss rate:            0.00%
==1974187== 
==1974187== D refs:        177,189,460,943  (110,225,285,505 rd   + 66,964,175,438 wr)
==1974187== D1  misses:      1,098,299,004  (    814,060,761 rd   +    284,238,243 wr)
==1974187== LLd misses:        419,990,423  (    247,566,794 rd   +    172,423,629 wr)
==1974187== D1  miss rate:             0.6% (            0.7%     +            0.4%  )
==1974187== LLd miss rate:             0.2% (            0.2%     +            0.3%  )
==1974187== 
==1974187== LL refs:         1,098,302,218  (    814,063,975 rd   +    284,238,243 wr)
==1974187== LL misses:         419,993,432  (    247,569,803 rd   +    172,423,629 wr)
==1974187== LL miss rate:              0.1% (            0.0%     +            0.3%  )
