==1945094== Cachegrind, a high-precision tracing profiler
==1945094== Copyright (C) 2002-2024, and GNU GPL'd, by Nicholas Nethercote et al.
==1945094== Using Valgrind-3.25.1 and LibVEX; rerun with -h for copyright info
==1945094== Command: ./bin/dsa_prof data/com-orkut.ungraph.txt 1 auto 2 0 1
==1945094== 
--1945094-- warning: L3 cache found, using its data for the LL simulation.
--1945094-- warning: specified LL cache: line_size 64  assoc 11  total_size 37,486,592
--1945094-- warning: simulated LL cache: line_size 64  assoc 18  total_size 37,748,736
==1945094== brk segment overflow in thread #1: can't grow to 0x4c15000
==1945094== (see section Limitations in user manual)
==1945094== NOTE: further instances of this message will not be shown
source: auto -> vertex 660769
==1945094== 
==1945094== I refs:        508,497,270,302
==1945094== I1  misses:              3,266
==1945094== LLi misses:              3,066
==1945094== I1  miss rate:            0.00%
==1945094== LLi miss rate:            0.00%
==1945094== 
==1945094== D refs:        180,728,313,721  (112,904,354,108 rd   + 67,823,959,613 wr)
==1945094== D1  misses:      1,849,335,193  (  1,506,179,136 rd   +    343,156,057 wr)
==1945094== LLd misses:        599,956,964  (    387,421,306 rd   +    212,535,658 wr)
==1945094== D1  miss rate:             1.0% (            1.3%     +            0.5%  )
==1945094== LLd miss rate:             0.3% (            0.3%     +            0.3%  )
==1945094== 
==1945094== LL refs:         1,849,338,459  (  1,506,182,402 rd   +    343,156,057 wr)
==1945094== LL misses:         599,960,030  (    387,424,372 rd   +    212,535,658 wr)
==1945094== LL miss rate:              0.1% (            0.1%     +            0.3%  )
