==1816785== Cachegrind, a high-precision tracing profiler
==1816785== Copyright (C) 2002-2024, and GNU GPL'd, by Nicholas Nethercote et al.
==1816785== Using Valgrind-3.25.1 and LibVEX; rerun with -h for copyright info
==1816785== Command: ./bin/dijkstra_prof data/cit-Patents.txt 0 auto 0 1
==1816785== 
--1816785-- warning: L3 cache found, using its data for the LL simulation.
--1816785-- warning: specified LL cache: line_size 64  assoc 11  total_size 37,486,592
--1816785-- warning: simulated LL cache: line_size 64  assoc 18  total_size 37,748,736
==1816785== brk segment overflow in thread #1: can't grow to 0x5747000
==1816785== (see section Limitations in user manual)
==1816785== NOTE: further instances of this message will not be shown
source: auto -> vertex 5964205
==1816785== 
==1816785== I refs:        75,818,766,000
==1816785== I1  misses:             2,084
==1816785== LLi misses:             2,065
==1816785== I1  miss rate:           0.00%
==1816785== LLi miss rate:           0.00%
==1816785== 
==1816785== D refs:        27,551,434,922  (17,023,411,955 rd   + 10,528,022,967 wr)
==1816785== D1  misses:       159,832,703  (   113,937,575 rd   +     45,895,128 wr)
==1816785== LLd misses:        76,866,785  (    52,760,354 rd   +     24,106,431 wr)
==1816785== D1  miss rate:            0.6% (           0.7%     +            0.4%  )
==1816785== LLd miss rate:            0.3% (           0.3%     +            0.2%  )
==1816785== 
==1816785== LL refs:          159,834,787  (   113,939,659 rd   +     45,895,128 wr)
==1816785== LL misses:         76,868,850  (    52,762,419 rd   +     24,106,431 wr)
==1816785== LL miss rate:             0.1% (           0.1%     +            0.2%  )
