==1655531== Cachegrind, a high-precision tracing profiler
==1655531== Copyright (C) 2002-2024, and GNU GPL'd, by Nicholas Nethercote et al.
==1655531== Using Valgrind-3.25.1 and LibVEX; rerun with -h for copyright info
==1655531== Command: ./bin/dijkstra_prof data/cit-Patents.txt 0 auto 0 1
==1655531== 
--1655531-- warning: L3 cache found, using its data for the LL simulation.
--1655531-- warning: specified LL cache: line_size 64  assoc 11  total_size 37,486,592
--1655531-- warning: simulated LL cache: line_size 64  assoc 18  total_size 37,748,736
source: auto -> vertex 5795784
==1655531== 
==1655531== I refs:        69,962,107,920
==1655531== I1  misses:             1,944
==1655531== LLi misses:             1,925
==1655531== I1  miss rate:           0.00%
==1655531== LLi miss rate:           0.00%
==1655531== 
==1655531== D refs:        24,718,946,946  (15,221,489,558 rd   + 9,497,457,388 wr)
==1655531== D1  misses:        19,877,750  (    10,766,431 rd   +     9,111,319 wr)
==1655531== LLd misses:        19,301,170  (    10,191,239 rd   +     9,109,931 wr)
==1655531== D1  miss rate:            0.1% (           0.1%     +           0.1%  )
==1655531== LLd miss rate:            0.1% (           0.1%     +           0.1%  )
==1655531== 
==1655531== LL refs:           19,879,694  (    10,768,375 rd   +     9,111,319 wr)
==1655531== LL misses:         19,303,095  (    10,193,164 rd   +     9,109,931 wr)
==1655531== LL miss rate:             0.0% (           0.0%     +           0.1%  )
