==1656584== Cachegrind, a high-precision tracing profiler
==1656584== Copyright (C) 2002-2024, and GNU GPL'd, by Nicholas Nethercote et al.
==1656584== Using Valgrind-3.25.1 and LibVEX; rerun with -h for copyright info
==1656584== Command: ./bin/dsa_prof data/cit-Patents.txt 0 auto 50 0 1
==1656584== 
--1656584-- warning: L3 cache found, using its data for the LL simulation.
--1656584-- warning: specified LL cache: line_size 64  assoc 11  total_size 37,486,592
--1656584-- warning: simulated LL cache: line_size 64  assoc 18  total_size 37,748,736
source: auto -> vertex 5795784
==1656584== 
==1656584== I refs:        75,534,968,142
==1656584== I1  misses:             3,171
==1656584== LLi misses:             2,936
==1656584== I1  miss rate:           0.00%
==1656584== LLi miss rate:           0.00%
==1656584== 
==1656584== D refs:        25,516,512,079  (16,022,229,165 rd   + 9,494,282,914 wr)
==1656584== D1  misses:        21,075,734  (    11,889,281 rd   +     9,186,453 wr)
==1656584== LLd misses:        20,385,196  (    11,233,696 rd   +     9,151,500 wr)
==1656584== D1  miss rate:            0.1% (           0.1%     +           0.1%  )
==1656584== LLd miss rate:            0.1% (           0.1%     +           0.1%  )
==1656584== 
==1656584== LL refs:           21,078,905  (    11,892,452 rd   +     9,186,453 wr)
==1656584== LL misses:         20,388,132  (    11,236,632 rd   +     9,151,500 wr)
==1656584== LL miss rate:             0.0% (           0.0%     +           0.1%  )
