==1824561== Cachegrind, a high-precision tracing profiler
==1824561== Copyright (C) 2002-2024, and GNU GPL'd, by Nicholas Nethercote et al.
==1824561== Using Valgrind-3.25.1 and LibVEX; rerun with -h for copyright info
==1824561== Command: ./bin/wasp_prof data/cit-Patents.txt 0 auto 50 0 1
==1824561== 
--1824561-- warning: L3 cache found, using its data for the LL simulation.
--1824561-- warning: specified LL cache: line_size 64  assoc 11  total_size 37,486,592
--1824561-- warning: simulated LL cache: line_size 64  assoc 18  total_size 37,748,736
source: auto -> vertex 5795784
==1824561== 
==1824561== I refs:        70,096,330,260
==1824561== I1  misses:             3,004
==1824561== LLi misses:             2,776
==1824561== I1  miss rate:           0.00%
==1824561== LLi miss rate:           0.00%
==1824561== 
==1824561== D refs:        24,980,532,324  (15,354,903,630 rd   + 9,625,628,694 wr)
==1824561== D1  misses:        21,863,357  (    12,728,244 rd   +     9,135,113 wr)
==1824561== LLd misses:        19,304,605  (    10,191,866 rd   +     9,112,739 wr)
==1824561== D1  miss rate:            0.1% (           0.1%     +           0.1%  )
==1824561== LLd miss rate:            0.1% (           0.1%     +           0.1%  )
==1824561== 
==1824561== LL refs:           21,866,361  (    12,731,248 rd   +     9,135,113 wr)
==1824561== LL misses:         19,307,381  (    10,194,642 rd   +     9,112,739 wr)
==1824561== LL miss rate:             0.0% (           0.0%     +           0.1%  )
